Component: Arm Compiler for Embedded 6.21 Tool: armlink [5ec1fa00]

==============================================================================

Section Cross References

    main.o(.text) refers (Special) to _printf_percent.o(.ARM.Collect$$_printf_percent$$00000000) for _printf_percent
    main.o(.text) refers (Special) to _printf_pad.o(.text) for _printf_pre_padding
    main.o(.text) refers (Special) to _printf_x.o(.ARM.Collect$$_printf_percent$$0000000C) for _printf_x
    main.o(.text) refers (Special) to _printf_hex_int.o(.text) for _printf_longlong_hex
    main.o(.text) refers (Special) to _scanf_int.o(.text) for _scanf_int
    main.o(.text.main) refers (Special) to _printf_percent.o(.ARM.Collect$$_printf_percent$$00000000) for _printf_percent
    main.o(.text.main) refers (Special) to _printf_pad.o(.text) for _printf_pre_padding
    main.o(.text.main) refers (Special) to _printf_x.o(.ARM.Collect$$_printf_percent$$0000000C) for _printf_x
    main.o(.text.main) refers (Special) to _printf_hex_int.o(.text) for _printf_longlong_hex
    main.o(.text.main) refers (Special) to _scanf_int.o(.text) for _scanf_int
    main.o(.text.main) refers to gpio.o(.text.GPIO_Config) for GPIO_Config
    main.o(.text.main) refers to spi.o(.text.SPI_Config) for SPI_Config
    main.o(.text.main) refers to uart.o(.text.UART_Config) for UART_Config
    main.o(.text.main) refers to tim.o(.text.TIM_Config) for TIM_Config
    main.o(.text.main) refers to mfrc522.o(.text.TM_MFRC522_Init) for TM_MFRC522_Init
    main.o(.text.main) refers to fatfs.o(.text.FATFS_Init) for FATFS_Init
    main.o(.text.main) refers to puts.o(.text) for puts
    main.o(.text.main) refers to main.o(.bss.fs) for fs
    main.o(.text.main) refers to main.o(.rodata.str1.1) for .L.str.1
    main.o(.text.main) refers to ff.o(.text.f_mount) for f_mount
    main.o(.text.main) refers to main.o(.bss.fr) for fr
    main.o(.text.main) refers to main.o(.bss.file) for file
    main.o(.text.main) refers to ff.o(.text.f_open) for f_open
    main.o(.text.main) refers to main.o(.bss.cardID) for cardID
    main.o(.text.main) refers to main.o(.bss.line) for line
    main.o(.text.main) refers to ff.o(.text.f_gets) for f_gets
    main.o(.text.main) refers to __0sscanf.o(.text) for __0sscanf
    main.o(.text.main) refers to main.o(.bss.uidList) for uidList
    main.o(.text.main) refers to system_handler.o(.text.addNode) for addNode
    main.o(.text.main) refers to gpio.o(.text.blinkLed) for blinkLed
    main.o(.text.main) refers to ff.o(.text.f_close) for f_close
    main.o(.text.main) refers to main.o(.bss.uids) for uids
    main.o(.text.main) refers to system_handler.o(.text.convertListToArray) for convertListToArray
    main.o(.text.main) refers to main.o(.bss.uidCount) for uidCount
    main.o(.text.main) refers to system_handler.o(.text.sortUIDs) for sortUIDs
    main.o(.text.main) refers to main.o(.bss.status) for status
    main.o(.text.main) refers to mfrc522.o(.text.TM_MFRC522_Check) for TM_MFRC522_Check
    main.o(.text.main) refers to __2printf.o(.text) for __2printf
    main.o(.text.main) refers to system_handler.o(.text.binarySearchUID) for binarySearchUID
    main.o(.text.main) refers to servo.o(.text.openBarrier) for openBarrier
    main.o(.text.main) refers to tim.o(.text.delay_ms) for delay_ms
    main.o(.text.main) refers to servo.o(.text.closeBarrier) for closeBarrier
    main.o(.ARM.exidx.text.main) refers (Special) to _printf_percent.o(.ARM.Collect$$_printf_percent$$00000000) for _printf_percent
    main.o(.ARM.exidx.text.main) refers (Special) to _printf_pad.o(.text) for _printf_pre_padding
    main.o(.ARM.exidx.text.main) refers (Special) to _printf_x.o(.ARM.Collect$$_printf_percent$$0000000C) for _printf_x
    main.o(.ARM.exidx.text.main) refers (Special) to _printf_hex_int.o(.text) for _printf_longlong_hex
    main.o(.ARM.exidx.text.main) refers (Special) to _scanf_int.o(.text) for _scanf_int
    main.o(.ARM.exidx.text.main) refers to main.o(.text.main) for [Anonymous Symbol]
    main.o(.text.fputc) refers (Special) to _printf_percent.o(.ARM.Collect$$_printf_percent$$00000000) for _printf_percent
    main.o(.text.fputc) refers (Special) to _printf_pad.o(.text) for _printf_pre_padding
    main.o(.text.fputc) refers (Special) to _printf_x.o(.ARM.Collect$$_printf_percent$$0000000C) for _printf_x
    main.o(.text.fputc) refers (Special) to _printf_hex_int.o(.text) for _printf_longlong_hex
    main.o(.text.fputc) refers (Special) to _scanf_int.o(.text) for _scanf_int
    main.o(.text.fputc) refers to stm32f10x_usart.o(.text.USART_GetFlagStatus) for USART_GetFlagStatus
    main.o(.text.fputc) refers to stm32f10x_usart.o(.text.USART_SendData) for USART_SendData
    main.o(.ARM.exidx.text.fputc) refers (Special) to _printf_percent.o(.ARM.Collect$$_printf_percent$$00000000) for _printf_percent
    main.o(.ARM.exidx.text.fputc) refers (Special) to _printf_pad.o(.text) for _printf_pre_padding
[...]
    [Anonymous Symbol]                       0x08001770   Section        0  fatfs.o(.text.FATFS_Init)
    [Anonymous Symbol]                       0x08001794   Section        0  ff_gen_drv.o(.text.FATFS_LinkDriver)
    [Anonymous Symbol]                       0x080017e0   Section        0  gpio.o(.text.GPIO_Config)
    [Anonymous Symbol]                       0x080018d8   Section        0  stm32f10x_gpio.o(.text.GPIO_Init)
    [Anonymous Symbol]                       0x08001998   Section        0  stm32f10x_gpio.o(.text.GPIO_ResetBits)
    [Anonymous Symbol]                       0x0800199c   Section        0  stm32f10x_gpio.o(.text.GPIO_SetBits)
    [Anonymous Symbol]                       0x080019a0   Section        0  stm32f10x_gpio.o(.text.GPIO_WriteBit)
    [Anonymous Symbol]                       0x080019ac   Section        0  gpio.o(.text.MFRC522_InitPins)
    [Anonymous Symbol]                       0x080019e0   Section        0  spi.o(.text.MFRC522_SPI_Send)
    [Anonymous Symbol]                       0x08001a0c   Section        0  stm32f10x_rcc.o(.text.RCC_APB1PeriphClockCmd)
    [Anonymous Symbol]                       0x08001a24   Section        0  stm32f10x_rcc.o(.text.RCC_APB2PeriphClockCmd)
    [Anonymous Symbol]                       0x08001a3c   Section        0  stm32f10x_rcc.o(.text.RCC_GetClocksFreq)
    SD_PowerOn                               0x08001ac9   Thumb Code   256  fatfs_sd.o(.text.SD_PowerOn)
    [Anonymous Symbol]                       0x08001ac8   Section        0  fatfs_sd.o(.text.SD_PowerOn)
    SD_ReadyWait                             0x08001bc9   Thumb Code    84  fatfs_sd.o(.text.SD_ReadyWait)
    [Anonymous Symbol]                       0x08001bc8   Section        0  fatfs_sd.o(.text.SD_ReadyWait)
    SD_RxDataBlock                           0x08001c1d   Thumb Code   226  fatfs_sd.o(.text.SD_RxDataBlock)
    [Anonymous Symbol]                       0x08001c1c   Section        0  fatfs_sd.o(.text.SD_RxDataBlock)
    SD_SendCmd                               0x08001d01   Thumb Code   342  fatfs_sd.o(.text.SD_SendCmd)
    [Anonymous Symbol]                       0x08001d00   Section        0  fatfs_sd.o(.text.SD_SendCmd)
    SD_TxDataBlock                           0x08001e59   Thumb Code   358  fatfs_sd.o(.text.SD_TxDataBlock)
    [Anonymous Symbol]                       0x08001e58   Section        0  fatfs_sd.o(.text.SD_TxDataBlock)
    [Anonymous Symbol]                       0x08001fc0   Section        0  fatfs_sd.o(.text.SD_disk_initialize)
    [Anonymous Symbol]                       0x080021a4   Section        0  fatfs_sd.o(.text.SD_disk_ioctl)
    [Anonymous Symbol]                       0x08002370   Section        0  fatfs_sd.o(.text.SD_disk_read)
    [Anonymous Symbol]                       0x08002464   Section        0  fatfs_sd.o(.text.SD_disk_status)
    [Anonymous Symbol]                       0x08002478   Section        0  fatfs_sd.o(.text.SD_disk_write)
    [Anonymous Symbol]                       0x08002590   Section        0  stm32f10x_spi.o(.text.SPI_Cmd)
    [Anonymous Symbol]                       0x080025a4   Section        0  spi.o(.text.SPI_Config)
    [Anonymous Symbol]                       0x0800262c   Section        0  stm32f10x_spi.o(.text.SPI_I2S_GetFlagStatus)
    [Anonymous Symbol]                       0x08002638   Section        0  stm32f10x_spi.o(.text.SPI_I2S_ReceiveData)
    [Anonymous Symbol]                       0x0800263c   Section        0  stm32f10x_spi.o(.text.SPI_I2S_SendData)
    [Anonymous Symbol]                       0x08002640   Section        0  stm32f10x_spi.o(.text.SPI_Init)
    [Anonymous Symbol]                       0x08002688   Section        0  system_stm32f10x.o(.text.SystemInit)
    [Anonymous Symbol]                       0x08002798   Section        0  stm32f10x_tim.o(.text.TIM_Cmd)
    [Anonymous Symbol]                       0x080027ac   Section        0  tim.o(.text.TIM_Config)
    [Anonymous Symbol]                       0x0800283c   Section        0  stm32f10x_tim.o(.text.TIM_GetCounter)
    [Anonymous Symbol]                       0x08002840   Section        0  stm32f10x_tim.o(.text.TIM_ITConfig)
    [Anonymous Symbol]                       0x08002850   Section        0  stm32f10x_tim.o(.text.TIM_OC1Init)
    [Anonymous Symbol]                       0x080028c4   Section        0  stm32f10x_tim.o(.text.TIM_OC1PreloadConfig)
    [Anonymous Symbol]                       0x080028d0   Section        0  stm32f10x_tim.o(.text.TIM_SetCompare1)
    [Anonymous Symbol]                       0x080028d4   Section        0  stm32f10x_tim.o(.text.TIM_SetCounter)
    [Anonymous Symbol]                       0x080028d8   Section        0  stm32f10x_tim.o(.text.TIM_TimeBaseInit)
    [Anonymous Symbol]                       0x08002984   Section        0  mfrc522.o(.text.TM_MFRC522_AntennaOn)
    [Anonymous Symbol]                       0x08002a00   Section        0  mfrc522.o(.text.TM_MFRC522_Anticoll)
    [Anonymous Symbol]                       0x08002a70   Section        0  mfrc522.o(.text.TM_MFRC522_CalculateCRC)
    [Anonymous Symbol]                       0x08002bdc   Section        0  mfrc522.o(.text.TM_MFRC522_Check)
    [Anonymous Symbol]                       0x08002c68   Section        0  mfrc522.o(.text.TM_MFRC522_Init)
    [Anonymous Symbol]                       0x08002d84   Section        0  mfrc522.o(.text.TM_MFRC522_ToCard)
    [Anonymous Symbol]                       0x080030c0   Section        0  uart.o(.text.UART_Config)
    [Anonymous Symbol]                       0x08003100   Section        0  stm32f10x_usart.o(.text.USART_Cmd)
    [Anonymous Symbol]                       0x08003114   Section        0  stm32f10x_usart.o(.text.USART_GetFlagStatus)
    [Anonymous Symbol]                       0x08003120   Section        0  stm32f10x_usart.o(.text.USART_Init)
    [Anonymous Symbol]                       0x080031d8   Section        0  stm32f10x_usart.o(.text.USART_SendData)
    [Anonymous Symbol]                       0x080031e0   Section        0  user_diskio.o(.text.USER_initialize)
    [Anonymous Symbol]                       0x080031e4   Section        0  user_diskio.o(.text.USER_ioctl)
    [Anonymous Symbol]                       0x080031e8   Section        0  user_diskio.o(.text.USER_read)
    [Anonymous Symbol]                       0x080031ec   Section        0  user_diskio.o(.text.USER_status)
    [Anonymous Symbol]                       0x080031f0   Section        0  user_diskio.o(.text.USER_write)
    [Anonymous Symbol]                       0x080031f4   Section        0  system_handler.o(.text.addNode)
    [Anonymous Symbol]                       0x0800324c   Section        0  system_handler.o(.text.binarySearchUID)
    [Anonymous Symbol]                       0x080032a0   Section        0  gpio.o(.text.blinkLed)
    check_fs                                 0x080032d5   Thumb Code   114  ff.o(.text.check_fs)
    [Anonymous Symbol]                       0x080032d4   Section        0  ff.o(.text.check_fs)
    [Anonymous Symbol]                       0x08003348   Section        0  servo.o(.text.closeBarrier)
    [Anonymous Symbol]                       0x08003368   Section        0  system_handler.o(.text.compareUIDs)
    [Anonymous Symbol]                       0x08003370   Section        0  system_handler.o(.text.convertListToArray)
    create_chain                             0x080033a9   Thumb Code   222  ff.o(.text.create_chain)
    [Anonymous Symbol]                       0x080033a8   Section        0  ff.o(.text.create_chain)
    [Anonymous Symbol]                       0x08003488   Section        0  tim.o(.text.delay_ms)
    dir_find                                 0x080034bd   Thumb Code   404  ff.o(.text.dir_find)
    [Anonymous Symbol]                       0x080034bc   Section        0  ff.o(.text.dir_find)
    dir_next                                 0x08003651   Thumb Code   376  ff.o(.text.dir_next)
    [Anonymous Symbol]                       0x08003650   Section        0  ff.o(.text.dir_next)
    dir_register                             0x080037c9   Thumb Code   720  ff.o(.text.dir_register)
    [Anonymous Symbol]                       0x080037c8   Section        0  ff.o(.text.dir_register)
    dir_sdi                                  0x08003a99   Thumb Code   200  ff.o(.text.dir_sdi)
    [Anonymous Symbol]                       0x08003a98   Section        0  ff.o(.text.dir_sdi)
    [Anonymous Symbol]                       0x08003b60   Section        0  diskio.o(.text.disk_initialize)
    [Anonymous Symbol]                       0x08003b84   Section        0  diskio.o(.text.disk_ioctl)
    [Anonymous Symbol]                       0x08003b9c   Section        0  diskio.o(.text.disk_read)
    [Anonymous Symbol]                       0x08003bbc   Section        0  diskio.o(.text.disk_status)
    [Anonymous Symbol]                       0x08003bd4   Section        0  diskio.o(.text.disk_write)
    [Anonymous Symbol]                       0x08003bf4   Section        0  ff.o(.text.f_close)
    [Anonymous Symbol]                       0x08003c74   Section        0  ff.o(.text.f_gets)
    [Anonymous Symbol]                       0x08003cdc   Section        0  ff.o(.text.f_mount)
    [Anonymous Symbol]                       0x08003d8c   Section        0  ff.o(.text.f_open)
    [Anonymous Symbol]                       0x080040fc   Section        0  ff.o(.text.f_read)
    [Anonymous Symbol]                       0x0800433c   Section        0  ff.o(.text.f_sync)
    [Anonymous Symbol]                       0x080043f8   Section        0  unicode.o(.text.ff_convert)
    [Anonymous Symbol]                       0x08004444   Section        0  unicode.o(.text.ff_wtoupper)
    find_volume                              0x08004471   Thumb Code   836  ff.o(.text.find_volume)
    [Anonymous Symbol]                       0x08004470   Section        0  ff.o(.text.find_volume)
    follow_path                              0x080047b5   Thumb Code   772  ff.o(.text.follow_path)
    [Anonymous Symbol]                       0x080047b4   Section        0  ff.o(.text.follow_path)
    [Anonymous Symbol]                       0x08004ab8   Section        0  main.o(.text.fputc)
    [Anonymous Symbol]                       0x08004ae8   Section        0  ff.o(.text.get_fat)
    [Anonymous Symbol]                       0x08004bdc   Section        0  fatfs.o(.text.get_fattime)
    [Anonymous Symbol]                       0x08004be0   Section        0  main.o(.text.main)
    move_window                              0x08004df5   Thumb Code   150  ff.o(.text.move_window)
    [Anonymous Symbol]                       0x08004df4   Section        0  ff.o(.text.move_window)
    [Anonymous Symbol]                       0x08004e8c   Section        0  servo.o(.text.openBarrier)
    [Anonymous Symbol]                       0x08004eb0   Section        0  ff.o(.text.put_fat)
    [Anonymous Symbol]                       0x08004fd8   Section        0  tim.o(.text.setPWM)
    [Anonymous Symbol]                       0x08004fe4   Section        0  system_handler.o(.text.sortUIDs)
    sync_fs                                  0x08004ff5   Thumb Code   208  ff.o(.text.sync_fs)
    [Anonymous Symbol]                       0x08004ff4   Section        0  ff.o(.text.sync_fs)
    sync_window                              0x080050c5   Thumb Code    92  ff.o(.text.sync_window)
    [Anonymous Symbol]                       0x080050c4   Section        0  ff.o(.text.sync_window)
    i._is_digit                              0x08005120   Section        0  __printf_wp.o(i._is_digit)
    locale$$code                             0x08005130   Section       44  lc_ctype_c.o(locale$$code)
    uc_hextab                                0x0800515c   Data          20  _printf_hex_int.o(.constdata)
    .constdata                               0x0800515c   Section       40  _printf_hex_int.o(.constdata)
    lc_hextab                                0x08005170   Data          20  _printf_hex_int.o(.constdata)
    maptable                                 0x08005184   Data          17  __printf_flags_wp.o(.constdata)
    .constdata                               0x08005184   Section       17  __printf_flags_wp.o(.constdata)
    .constdata                               0x08005195   Section        4  sys_io_names.o(.constdata)
    .constdata                               0x08005199   Section        4  sys_io_names.o(.constdata)
    .constdata                               0x0800519d   Section        4  sys_io_names.o(.constdata)
    ADCPrescTable                            0x080051a1   Data           4  stm32f10x_rcc.o(.rodata.ADCPrescTable)
    [Anonymous Symbol]                       0x080051a1   Section        0  stm32f10x_rcc.o(.rodata.ADCPrescTable)
    APBAHBPrescTable                         0x080051a5   Data          16  stm32f10x_rcc.o(.rodata.APBAHBPrescTable)
    [Anonymous Symbol]                       0x080051a5   Section        0  stm32f10x_rcc.o(.rodata.APBAHBPrescTable)
    ExCvt                                    0x080051b5   Data         128  ff.o(.rodata.ExCvt)
    [Anonymous Symbol]                       0x080051b5   Section        0  ff.o(.rodata.ExCvt)
    LfnOfs                                   0x08005235   Data          13  ff.o(.rodata.LfnOfs)
    [Anonymous Symbol]                       0x08005235   Section        0  ff.o(.rodata.LfnOfs)
    Tbl                                      0x08005242   Data         256  unicode.o(.rodata.Tbl)
    [Anonymous Symbol]                       0x08005242   Section        0  unicode.o(.rodata.Tbl)
    .L.str.6                                 0x08005342   Data          46  main.o(.rodata.str1.1)
    [Anonymous Symbol]                       0x08005342   Section        0  main.o(.rodata.str1.1)
    .Lstr.12                                 0x08005370   Data          31  main.o(.rodata.str1.1)
    .Lstr.10                                 0x0800538f   Data          35  main.o(.rodata.str1.1)
    .L.str                                   0x080053b2   Data          12  ff.o(.rodata.str1.1)
    [Anonymous Symbol]                       0x080053b2   Section        0  ff.o(.rodata.str1.1)
    .L.str.1                                 0x080053be   Data          20  ff.o(.rodata.str1.1)
    .L.str.2                                 0x080053d2   Data          20  ff.o(.rodata.str1.1)
    .L.str.4                                 0x080053e6   Data           7  ff.o(.rodata.str1.1)
    .L.str.3                                 0x080053ed   Data           9  ff.o(.rodata.str1.1)
    .L.str.1                                 0x080053f5   Data           1  ff.o(.rodata.str1.1)
    ff_wtoupper.tbl_upper                    0x080053f6   Data         480  unicode.o(.rodata.str2.2)
    [Anonymous Symbol]                       0x080053f6   Section        0  unicode.o(.rodata.str2.2)
    ff_wtoupper.tbl_lower                    0x080055d6   Data         480  unicode.o(.rodata.str2.2)
    locale$$data                             0x080057d8   Section      272  lc_ctype_c.o(locale$$data)
    __lcctype_c_name                         0x080057dc   Data           2  lc_ctype_c.o(locale$$data)
    __lcctype_c_start                        0x080057e4   Data           0  lc_ctype_c.o(locale$$data)
    __lcctype_c_end                          0x080058e8   Data           0  lc_ctype_c.o(locale$$data)
    .data                                    0x20000000   Section        4  stdio_streams.o(.data)
    .data                                    0x20000004   Section        4  stdio_streams.o(.data)
    .data                                    0x20000008   Section        4  stdio_streams.o(.data)
    Stat                                     0x2000000c   Data           1  fatfs_sd.o(.data.Stat)
    [Anonymous Symbol]                       0x2000000c   Section        0  fatfs_sd.o(.data.Stat)
    .bss                                     0x20000028   Section       84  stdio_streams.o(.bss)
    .bss                                     0x2000007c   Section       84  stdio_streams.o(.bss)
    .bss                                     0x200000d0   Section       84  stdio_streams.o(.bss)
    .bss                                     0x20000124   Section       96  libspace.o(.bss)
    CardType                                 0x20000184   Data           1  fatfs_sd.o(.bss.CardType)
    [Anonymous Symbol]                       0x20000184   Section        0  fatfs_sd.o(.bss.CardType)
    FatFs                                    0x20000188   Data           4  ff.o(.bss.FatFs)
    [Anonymous Symbol]                       0x20000188   Section        0  ff.o(.bss.FatFs)
    Files                                    0x2000018c   Data          24  ff.o(.bss.Files)
    [Anonymous Symbol]                       0x2000018c   Section        0  ff.o(.bss.Files)
    Fsid                                     0x200001a4   Data           2  ff.o(.bss.Fsid)
    [Anonymous Symbol]                       0x200001a4   Section        0  ff.o(.bss.Fsid)
    LfnBuf                                   0x200001a6   Data         512  ff.o(.bss.LfnBuf)
    [Anonymous Symbol]                       0x200001a6   Section        0  ff.o(.bss.LfnBuf)
    PowerFlag                                0x200003a6   Data           1  fatfs_sd.o(.bss.PowerFlag)
    [Anonymous Symbol]                       0x200003a6   Section        0  fatfs_sd.o(.bss.PowerFlag)
    Heap_Mem                                 0x200024c8   Data        1024  startup_stm32f10x_md.o(HEAP)
    HEAP                                     0x200024c8   Section     1024  startup_stm32f10x_md.o(HEAP)
    Stack_Mem                                0x200028c8   Data        2048  startup_stm32f10x_md.o(STACK)
    STACK                                    0x200028c8   Section     2048  startup_stm32f10x_md.o(STACK)
    __initial_sp                             0x200030c8   Data           0  startup_stm32f10x_md.o(STACK)

    Global Symbols

    Symbol Name                              Value     Ov Type        Size  Object(Section)

    BuildAttributes$$THM_ISAv4$P$D$K$B$S$PE$A:L22UL41UL21$X:L11$S22US41US21$IEEE1$IW$~IW$USESV6$~STKCKD$USESV7$~SHL$OTIME$ROPI$EBA8$UX$STANDARDLIB$REQ8$PRES8$EABIv2 0x00000000   Number         0  anon$$obj.o ABSOLUTE
    __fp_init_empty                          0x00000000   Number         0  fpinit_empty.o ABSOLUTE
    _printf_flags                            0x00000000   Number         0  printf_stubs.o ABSOLUTE
    _printf_return_value                     0x00000000   Number         0  printf_stubs.o ABSOLUTE
    _printf_sizespec                         0x00000000   Number         0  printf_stubs.o ABSOLUTE
    _printf_widthprec                        0x00000000   Number         0  printf_stubs.o ABSOLUTE
    __ARM_exceptions_init                     - Undefined Weak Reference
    __alloca_initialize                       - Undefined Weak Reference
    __arm_preinit_                            - Undefined Weak Reference
    __arm_relocate_pie_                       - Undefined Weak Reference
    __cpp_initialize__aeabi_                  - Undefined Weak Reference
    __cxa_finalize                            - Undefined Weak Reference
    __sigvec_lookup                           - Undefined Weak Reference
    __user_heap_extent                        - Undefined Weak Reference
    _atexit_init                              - Undefined Weak Reference
    _call_atexit_fns                          - Undefined Weak Reference
    _clock_init                               - Undefined Weak Reference
    _fp_trap_init                             - Undefined Weak Reference
    _fp_trap_shutdown                         - Undefined Weak Reference
    _get_lc_collate                           - Undefined Weak Reference
    _get_lc_monetary                          - Undefined Weak Reference
    _get_lc_numeric                           - Undefined Weak Reference
    _get_lc_time                              - Undefined Weak Reference
    _getenv_init                              - Undefined Weak Reference
    _handle_redirection                       - Undefined Weak Reference
    _mutex_acquire                            - Undefined Weak Reference
    _mutex_free                               - Undefined Weak Reference
    _mutex_release                            - Undefined Weak Reference
    _printf_truncate_unsigned                 - Undefined Weak Reference
    _rand_init                                - Undefined Weak Reference
    _scanf_longlong                           - Undefined Weak Reference
    _scanf_mbtowc                             - Undefined Weak Reference
    _scanf_real                               - Undefined Weak Reference
    _scanf_string                             - Undefined Weak Reference
    _scanf_wctomb                             - Undefined Weak Reference
    _scanf_wstring                            - Undefined Weak Reference
    _signal_finish                            - Undefined Weak Reference
    _signal_init                              - Undefined Weak Reference
    __Vectors_Size                           0x000000ec   Number         0  startup_stm32f10x_md.o ABSOLUTE
    __Vectors                                0x08000000   Data           4  startup_stm32f10x_md.o(RESET)
    __Vectors_End                            0x080000ec   Data           0  startup_stm32f10x_md.o(RESET)
    __main                                   0x080000ed   Thumb Code     8  __main.o(!!!main)
    __scatterload                            0x080000f5   Thumb Code     0  __scatter.o(!!!scatter)
    __scatterload_rt2                        0x080000f5   Thumb Code    84  __scatter.o(!!!scatter)
    __scatterload_rt2_thumb_only             0x080000f5   Thumb Code     0  __scatter.o(!!!scatter)
    __scatterload_loop                       0x080000ff   Thumb Code     0  __scatter.o(!!!scatter)
    __scatterload_copy                       0x08000151   Thumb Code    26  __scatter_copy.o(!!handler_copy)
    __scatterload_null                       0x0800016d   Thumb Code     2  __scatter.o(!!handler_null)
    __scatterload_zeroinit                   0x08000171   Thumb Code    28  __scatter_zi.o(!!handler_zi)
    _printf_percent                          0x0800018d   Thumb Code     0  _printf_percent.o(.ARM.Collect$$_printf_percent$$00000000)
    _printf_x                                0x0800018d   Thumb Code     0  _printf_x.o(.ARM.Collect$$_printf_percent$$0000000C)
    _printf_percent_end                      0x08000193   Thumb Code     0  _printf_percent_end.o(.ARM.Collect$$_printf_percent$$00000017)
    __rt_lib_init                            0x08000197   Thumb Code     0  libinit.o(.ARM.Collect$$libinit$$00000000)
    __rt_lib_init_fp_1                       0x08000199   Thumb Code     0  libinit2.o(.ARM.Collect$$libinit$$00000002)
    __rt_lib_init_heap_2                     0x08000199   Thumb Code     0  libinit2.o(.ARM.Collect$$libinit$$00000007)
    __rt_lib_init_preinit_1                  0x08000199   Thumb Code     0  libinit2.o(.ARM.Collect$$libinit$$00000006)
    __rt_lib_init_relocate_pie_1             0x08000199   Thumb Code     0  libinit2.o(.ARM.Collect$$libinit$$00000004)
    __rt_lib_init_heap_1                     0x080001a1   Thumb Code     0  libinit2.o(.ARM.Collect$$libinit$$0000000C)
    __rt_lib_init_lc_common                  0x080001a1   Thumb Code     0  libinit2.o(.ARM.Collect$$libinit$$00000011)
    __rt_lib_init_rand_1                     0x080001a1   Thumb Code     0  libinit2.o(.ARM.Collect$$libinit$$00000010)
    __rt_lib_init_user_alloc_1               0x080001a1   Thumb Code     0  libinit2.o(.ARM.Collect$$libinit$$0000000E)
    __rt_lib_init_lc_collate_1               0x080001a7   Thumb Code     0  libinit2.o(.ARM.Collect$$libinit$$00000013)
    __rt_lib_init_lc_ctype_2                 0x080001a7   Thumb Code     0  libinit2.o(.ARM.Collect$$libinit$$00000014)
    __rt_lib_init_atexit_1                   0x080001b3   Thumb Code     0  libinit2.o(.ARM.Collect$$libinit$$0000001D)
    __rt_lib_init_clock_1                    0x080001b3   Thumb Code     0  libinit2.o(.ARM.Collect$$libinit$$00000023)
    __rt_lib_init_fp_trap_1                  0x080001b3   Thumb Code     0  libinit2.o(.ARM.Collect$$libinit$$00000021)
    __rt_lib_init_getenv_1                   0x080001b3   Thumb Code     0  libinit2.o(.ARM.Collect$$libinit$$00000025)
    __rt_lib_init_lc_ctype_1                 0x080001b3   Thumb Code     0  libinit2.o(.ARM.Collect$$libinit$$00000015)
    __rt_lib_init_lc_monetary_1              0x080001b3   Thumb Code     0  libinit2.o(.ARM.Collect$$libinit$$00000017)
    __rt_lib_init_lc_numeric_1               0x080001b3   Thumb Code     0  libinit2.o(.ARM.Collect$$libinit$$00000019)
    __rt_lib_init_lc_time_1                  0x080001b3   Thumb Code     0  libinit2.o(.ARM.Collect$$libinit$$0000001B)
    __rt_lib_init_signal_1                   0x080001b3   Thumb Code     0  libinit2.o(.ARM.Collect$$libinit$$0000001F)
    __rt_lib_init_stdio_2                    0x080001b3   Thumb Code     0  libinit2.o(.ARM.Collect$$libinit$$00000026)
    __rt_lib_init_alloca_1                   0x080001b7   Thumb Code     0  libinit2.o(.ARM.Collect$$libinit$$00000030)
    __rt_lib_init_argv_1                     0x080001b7   Thumb Code     0  libinit2.o(.ARM.Collect$$libinit$$0000002E)
    __rt_lib_init_cpp_1                      0x080001b7   Thumb Code     0  libinit2.o(.ARM.Collect$$libinit$$00000034)
    __rt_lib_init_exceptions_1               0x080001b7   Thumb Code     0  libinit2.o(.ARM.Collect$$libinit$$00000032)
    __rt_lib_init_return                     0x080001b7   Thumb Code     0  libinit2.o(.ARM.Collect$$libinit$$00000035)
    __rt_lib_init_stdio_1                    0x080001b7   Thumb Code     0  libinit2.o(.ARM.Collect$$libinit$$00000027)
    __rt_lib_shutdown                        0x080001b9   Thumb Code     0  libshutdown.o(.ARM.Collect$$libshutdown$$00000000)
    __rt_lib_shutdown_cpp_1                  0x080001bb   Thumb Code     0  libshutdown2.o(.ARM.Collect$$libshutdown$$00000002)
    __rt_lib_shutdown_stdio_2                0x080001bb   Thumb Code     0  libshutdown2.o(.ARM.Collect$$libshutdown$$00000003)
    __rt_lib_shutdown_fp_trap_1              0x080001bf   Thumb Code     0  libshutdown2.o(.ARM.Collect$$libshutdown$$00000007)
    __rt_lib_shutdown_heap_1                 0x080001bf   Thumb Code     0  libshutdown2.o(.ARM.Collect$$libshutdown$$0000000F)
    __rt_lib_shutdown_return                 0x080001bf   Thumb Code     0  libshutdown2.o(.ARM.Collect$$libshutdown$$00000010)
    __rt_lib_shutdown_signal_1               0x080001bf   Thumb Code     0  libshutdown2.o(.ARM.Collect$$libshutdown$$0000000A)
    __rt_lib_shutdown_stdio_1                0x080001bf   Thumb Code     0  libshutdown2.o(.ARM.Collect$$libshutdown$$00000004)
    __rt_lib_shutdown_user_alloc_1           0x080001bf   Thumb Code     0  libshutdown2.o(.ARM.Collect$$libshutdown$$0000000C)
    __rt_entry                               0x080001c1   Thumb Code     0  __rtentry.o(.ARM.Collect$$rtentry$$00000000)
    __rt_entry_presh_1                       0x080001c1   Thumb Code     0  __rtentry2.o(.ARM.Collect$$rtentry$$00000002)
    __rt_entry_sh                            0x080001c1   Thumb Code     0  __rtentry4.o(.ARM.Collect$$rtentry$$00000004)
    __rt_entry_li                            0x080001c7   Thumb Code     0  __rtentry2.o(.ARM.Collect$$rtentry$$0000000A)
    __rt_entry_postsh_1                      0x080001c7   Thumb Code     0  __rtentry2.o(.ARM.Collect$$rtentry$$00000009)
    __rt_entry_main                          0x080001cb   Thumb Code     0  __rtentry2.o(.ARM.Collect$$rtentry$$0000000D)
    __rt_entry_postli_1                      0x080001cb   Thumb Code     0  __rtentry2.o(.ARM.Collect$$rtentry$$0000000C)
    __rt_exit                                0x080001d3   Thumb Code     0  rtexit.o(.ARM.Collect$$rtexit$$00000000)
    __rt_exit_ls                             0x080001d5   Thumb Code     0  rtexit2.o(.ARM.Collect$$rtexit$$00000003)
    __rt_exit_prels_1                        0x080001d5   Thumb Code     0  rtexit2.o(.ARM.Collect$$rtexit$$00000002)
    __rt_exit_exit                           0x080001d9   Thumb Code     0  rtexit2.o(.ARM.Collect$$rtexit$$00000004)
    Reset_Handler                            0x080001e1   Thumb Code     8  startup_stm32f10x_md.o(.text)
    NMI_Handler                              0x080001e9   Thumb Code     2  startup_stm32f10x_md.o(.text)
    HardFault_Handler                        0x080001eb   Thumb Code     2  startup_stm32f10x_md.o(.text)
    MemManage_Handler                        0x080001ed   Thumb Code     2  startup_stm32f10x_md.o(.text)
    BusFault_Handler                         0x080001ef   Thumb Code     2  startup_stm32f10x_md.o(.text)
    UsageFault_Handler                       0x080001f1   Thumb Code     2  startup_stm32f10x_md.o(.text)
    SVC_Handler                              0x080001f3   Thumb Code     2  startup_stm32f10x_md.o(.text)
    DebugMon_Handler                         0x080001f5   Thumb Code     2  startup_stm32f10x_md.o(.text)
    PendSV_Handler                           0x080001f7   Thumb Code     2  startup_stm32f10x_md.o(.text)
    SysTick_Handler                          0x080001f9   Thumb Code     2  startup_stm32f10x_md.o(.text)
    ADC1_2_IRQHandler                        0x080001fb   Thumb Code     0  startup_stm32f10x_md.o(.text)
    CAN1_RX1_IRQHandler                      0x080001fb   Thumb Code     0  startup_stm32f10x_md.o(.text)
    CAN1_SCE_IRQHandler                      0x080001fb   Thumb Code     0  startup_stm32f10x_md.o(.text)
    DMA1_Channel1_IRQHandler                 0x080001fb   Thumb Code     0  startup_stm32f10x_md.o(.text)
    DMA1_Channel2_IRQHandler                 0x080001fb   Thumb Code     0  startup_stm32f10x_md.o(.text)
    DMA1_Channel3_IRQHandler                 0x080001fb   Thumb Code     0  startup_stm32f10x_md.o(.text)
    DMA1_Channel4_IRQHandler                 0x080001fb   Thumb Code     0  startup_stm32f10x_md.o(.text)
    DMA1_Channel5_IRQHandler                 0x080001fb   Thumb Code     0  startup_stm32f10x_md.o(.text)
    DMA1_Channel6_IRQHandler                 0x080001fb   Thumb Code     0  startup_stm32f10x_md.o(.text)
    DMA1_Channel7_IRQHandler                 0x080001fb   Thumb Code     0  startup_stm32f10x_md.o(.text)
    EXTI0_IRQHandler                         0x080001fb   Thumb Code     0  startup_stm32f10x_md.o(.text)
    EXTI15_10_IRQHandler                     0x080001fb   Thumb Code     0  startup_stm32f10x_md.o(.text)
    EXTI1_IRQHandler                         0x080001fb   Thumb Code     0  startup_stm32f10x_md.o(.text)
    EXTI2_IRQHandler                         0x080001fb   Thumb Code     0  startup_stm32f10x_md.o(.text)
    EXTI3_IRQHandler                         0x080001fb   Thumb Code     0  startup_stm32f10x_md.o(.text)
    EXTI4_IRQHandler                         0x080001fb   Thumb Code     0  startup_stm32f10x_md.o(.text)
    EXTI9_5_IRQHandler                       0x080001fb   Thumb Code     0  startup_stm32f10x_md.o(.text)
    FLASH_IRQHandler                         0x080001fb   Thumb Code     0  startup_stm32f10x_md.o(.text)
    I2C1_ER_IRQHandler                       0x080001fb   Thumb Code     0  startup_stm32f10x_md.o(.text)
    I2C1_EV_IRQHandler                       0x080001fb   Thumb Code     0  startup_stm32f10x_md.o(.text)
    I2C2_ER_IRQHandler                       0x080001fb   Thumb Code     0  startup_stm32f10x_md.o(.text)
    I2C2_EV_IRQHandler                       0x080001fb   Thumb Code     0  startup_stm32f10x_md.o(.text)
    PVD_IRQHandler                           0x080001fb   Thumb Code     0  startup_stm32f10x_md.o(.text)
    RCC_IRQHandler                           0x080001fb   Thumb Code     0  startup_stm32f10x_md.o(.text)
    RTCAlarm_IRQHandler                      0x080001fb   Thumb Code     0  startup_stm32f10x_md.o(.text)
    RTC_IRQHandler                           0x080001fb   Thumb Code     0  startup_stm32f10x_md.o(.text)
    SPI1_IRQHandler                          0x080001fb   Thumb Code     0  startup_stm32f10x_md.o(.text)
    SPI2_IRQHandler                          0x080001fb   Thumb Code     0  startup_stm32f10x_md.o(.text)
    TAMPER_IRQHandler                        0x080001fb   Thumb Code     0  startup_stm32f10x_md.o(.text)
    TIM1_BRK_IRQHandler                      0x080001fb   Thumb Code     0  startup_stm32f10x_md.o(.text)
    TIM1_CC_IRQHandler                       0x080001fb   Thumb Code     0  startup_stm32f10x_md.o(.text)
    TIM1_TRG_COM_IRQHandler                  0x080001fb   Thumb Code     0  startup_stm32f10x_md.o(.text)
    TIM1_UP_IRQHandler                       0x080001fb   Thumb Code     0  startup_stm32f10x_md.o(.text)
    TIM2_IRQHandler                          0x080001fb   Thumb Code     0  startup_stm32f10x_md.o(.text)
    TIM3_IRQHandler                          0x080001fb   Thumb Code     0  startup_stm32f10x_md.o(.text)
    TIM4_IRQHandler                          0x080001fb   Thumb Code     0  startup_stm32f10x_md.o(.text)
    USART1_IRQHandler                        0x080001fb   Thumb Code     0  startup_stm32f10x_md.o(.text)
    USART2_IRQHandler                        0x080001fb   Thumb Code     0  startup_stm32f10x_md.o(.text)
    USART3_IRQHandler                        0x080001fb   Thumb Code     0  startup_stm32f10x_md.o(.text)
    USBWakeUp_IRQHandler                     0x080001fb   Thumb Code     0  startup_stm32f10x_md.o(.text)
    USB_HP_CAN1_TX_IRQHandler                0x080001fb   Thumb Code     0  startup_stm32f10x_md.o(.text)
    USB_LP_CAN1_RX0_IRQHandler               0x080001fb   Thumb Code     0  startup_stm32f10x_md.o(.text)
    WWDG_IRQHandler                          0x080001fb   Thumb Code     0  startup_stm32f10x_md.o(.text)
    __user_initial_stackheap                 0x080001fd   Thumb Code     0  startup_stm32f10x_md.o(.text)
    malloc                                   0x08000221   Thumb Code    94  h1_alloc.o(.text)
    __2printf                                0x08000281   Thumb Code    20  __2printf.o(.text)
    _printf_pre_padding                      0x08000299   Thumb Code    44  _printf_pad.o(.text)
    _printf_post_padding                     0x080002c5   Thumb Code    34  _printf_pad.o(.text)
    _printf_int_hex                          0x080002e9   Thumb Code    84  _printf_hex_int.o(.text)
    _printf_longlong_hex                     0x080002e9   Thumb Code     0  _printf_hex_int.o(.text)
    __printf                                 0x08000341   Thumb Code   308  __printf_flags_wp.o(.text)
    __0sscanf                                0x08000479   Thumb Code    52  __0sscanf.o(.text)
    _scanf_int                               0x080004b5   Thumb Code   332  _scanf_int.o(.text)
    puts                                     0x08000601   Thumb Code    40  puts.o(.text)
    qsort                                    0x0800080b   Thumb Code   134  qsortnoex.o(.text)
    memcmp                                   0x08000891   Thumb Code    88  memcmp.o(.text)
    __aeabi_memclr                           0x080008e9   Thumb Code     0  rt_memclr.o(.text)
    __rt_memclr                              0x080008e9   Thumb Code     0  rt_memclr.o(.text)
    _memset                                  0x080008ed   Thumb Code    64  rt_memclr.o(.text)
    __use_two_region_memory                  0x0800092d   Thumb Code     2  heapauxi.o(.text)
    __rt_heap_escrow                         0x0800092f   Thumb Code     2  heapauxi.o(.text)
    __rt_heap_expand                         0x08000931   Thumb Code     2  heapauxi.o(.text)
    __rt_heap_descriptor                     0x08000935   Thumb Code     8  rt_heap_descriptor_intlibspace.o(.text)
    __use_no_heap                            0x0800093d   Thumb Code     2  hguard.o(.text)
    __heap$guard                             0x0800093f   Thumb Code     2  hguard.o(.text)
    _terminate_user_alloc                    0x08000941   Thumb Code     2  init_alloc.o(.text)
    _init_user_alloc                         0x08000943   Thumb Code     2  init_alloc.o(.text)
    __Heap_Full                              0x08000945   Thumb Code    34  init_alloc.o(.text)
    __Heap_Broken                            0x08000967   Thumb Code     6  init_alloc.o(.text)
    _init_alloc                              0x0800096d   Thumb Code    94  init_alloc.o(.text)
    __Heap_Initialize                        0x080009cb   Thumb Code     8  h1_init.o(.text)
    __Heap_DescSize                          0x080009d3   Thumb Code     4  h1_init.o(.text)
    free                                     0x080009d7   Thumb Code    78  h1_free.o(.text)
    _printf_int_common                       0x08000a25   Thumb Code   178  _printf_intcommon.o(.text)
    _printf_char_file                        0x08000ad9   Thumb Code    32  _printf_char_file.o(.text)
    _chval                                   0x08000afd   Thumb Code    28  _chval.o(.text)
    __vfscanf_char                           0x08000b25   Thumb Code    24  scanf_char.o(.text)
    _sgetc                                   0x08000b45   Thumb Code    30  _sgetc.o(.text)
    _sbackspace                              0x08000b63   Thumb Code    34  _sgetc.o(.text)
    __aeabi_memclr4                          0x08000b85   Thumb Code     0  rt_memclr_w.o(.text)
    __aeabi_memclr8                          0x08000b85   Thumb Code     0  rt_memclr_w.o(.text)
    __rt_memclr_w                            0x08000b85   Thumb Code     0  rt_memclr_w.o(.text)
    _memset_w                                0x08000b89   Thumb Code    74  rt_memclr_w.o(.text)
    __user_libspace                          0x08000bd5   Thumb Code     8  libspace.o(.text)
    __user_perproc_libspace                  0x08000bd5   Thumb Code     0  libspace.o(.text)
    __user_perthread_libspace                0x08000bd5   Thumb Code     0  libspace.o(.text)
    __Heap_ProvideMemory                     0x08000bdd   Thumb Code    52  h1_extend.o(.text)
    _maybe_terminate_alloc                   0x08000bdd   Thumb Code     0  maybetermalloc1.o(.text)
    isspace                                  0x08000c11   Thumb Code    18  isspace.o(.text)
    _printf_char_common                      0x08000c2f   Thumb Code    32  _printf_char_common.o(.text)
    __vfscanf                                0x08000c55   Thumb Code   878  _scanf.o(.text)
    ferror                                   0x08000fc9   Thumb Code     8  ferror.o(.text)
    _initio                                  0x08000fd1   Thumb Code   210  initio.o(.text)
    _terminateio                             0x080010a3   Thumb Code    56  initio.o(.text)
    __rt_SIGRTMEM                            0x08001109   Thumb Code    14  defsig_rtmem_outer.o(.text)
    __I$use$semihosting                      0x08001117   Thumb Code     0  use_no_semi.o(.text)
    __use_no_semihosting_swi                 0x08001117   Thumb Code     2  use_no_semi.o(.text)
    __semihosting_library_function           0x08001119   Thumb Code     0  indicate_semi.o(.text)
    __user_setup_stackheap                   0x08001119   Thumb Code    74  sys_stackheap_outer.o(.text)
    __rt_ctype_table                         0x08001165   Thumb Code    16  rt_ctype_table.o(.text)
    setvbuf                                  0x08001175   Thumb Code    70  setvbuf.o(.text)
    freopen                                  0x080011bd   Thumb Code   160  fopen.o(.text)
    fopen                                    0x0800125d   Thumb Code    74  fopen.o(.text)
    _fclose_internal                         0x080012ad   Thumb Code    76  fclose.o(.text)
    fclose                                   0x080012ad   Thumb Code     0  fclose.o(.text)
    exit                                     0x080012f9   Thumb Code    18  exit.o(.text)
    __sig_exit                               0x0800130b   Thumb Code    10  defsig_exit.o(.text)
    __rt_SIGRTRED                            0x08001315   Thumb Code    14  defsig_rtred_outer.o(.text)
    __rt_SIGRTMEM_inner                      0x08001325   Thumb Code    22  defsig_rtmem_inner.o(.text)
    _sys_open                                0x08001375   Thumb Code    20  sys_io.o(.text)
    _sys_close                               0x08001389   Thumb Code    12  sys_io.o(.text)
    _sys_write                               0x08001395   Thumb Code    16  sys_io.o(.text)
    _sys_read                                0x080013a5   Thumb Code    14  sys_io.o(.text)
    _sys_istty                               0x080013b3   Thumb Code    12  sys_io.o(.text)
    _sys_seek                                0x080013bf   Thumb Code    14  sys_io.o(.text)
    _sys_ensure                              0x080013cd   Thumb Code     2  sys_io.o(.text)
    _sys_flen                                0x080013cf   Thumb Code    12  sys_io.o(.text)
    _sys_exit                                0x080013dd   Thumb Code     8  sys_exit.o(.text)
    __rt_locale                              0x080013e9   Thumb Code     8  rt_locale_intlibspace.o(.text)
    _fseek                                   0x080013f1   Thumb Code   242  fseek.o(.text)
    fseek                                    0x080013f1   Thumb Code     0  fseek.o(.text)
    _seterr                                  0x080014e9   Thumb Code    20  stdio.o(.text)
    _writebuf                                0x080014fd   Thumb Code   108  stdio.o(.text)
    _fflush                                  0x08001569   Thumb Code    70  stdio.o(.text)
    _deferredlazyseek                        0x080015af   Thumb Code    60  stdio.o(.text)
    __default_signal_display                 0x080015f1   Thumb Code    50  defsig_general.o(.text)
    __rt_SIGRTRED_inner                      0x08001625   Thumb Code    14  defsig_rtred_inner.o(.text)
    _ttywrch                                 0x08001659   Thumb Code    14  sys_wrch.o(.text)
    _ftell_internal                          0x08001667   Thumb Code    66  ftell.o(.text)
    ftell                                    0x08001667   Thumb Code     0  ftell.o(.text)
    strlen                                   0x080016a9   Thumb Code    62  strlen.o(.text)
    strcmp                                   0x080016e9   Thumb Code   128  strcmpv7m.o(.text)
    __aeabi_errno_addr                       0x08001769   Thumb Code     8  rt_errno_addr_intlibspace.o(.text)
    __errno$intlibspace                      0x08001769   Thumb Code     0  rt_errno_addr_intlibspace.o(.text)
    __rt_errno_addr$intlibspace              0x08001769   Thumb Code     0  rt_errno_addr_intlibspace.o(.text)
    FATFS_Init                               0x08001771   Thumb Code    34  fatfs.o(.text.FATFS_Init)
    FATFS_LinkDriver                         0x08001795   Thumb Code    76  ff_gen_drv.o(.text.FATFS_LinkDriver)
    GPIO_Config                              0x080017e1   Thumb Code   246  gpio.o(.text.GPIO_Config)
    GPIO_Init                                0x080018d9   Thumb Code   192  stm32f10x_gpio.o(.text.GPIO_Init)
    GPIO_ResetBits                           0x08001999   Thumb Code     4  stm32f10x_gpio.o(.text.GPIO_ResetBits)
    GPIO_SetBits                             0x0800199d   Thumb Code     4  stm32f10x_gpio.o(.text.GPIO_SetBits)
    GPIO_WriteBit                            0x080019a1   Thumb Code    12  stm32f10x_gpio.o(.text.GPIO_WriteBit)
    MFRC522_InitPins                         0x080019ad   Thumb Code    52  gpio.o(.text.MFRC522_InitPins)
    MFRC522_SPI_Send                         0x080019e1   Thumb Code    42  spi.o(.text.MFRC522_SPI_Send)
    RCC_APB1PeriphClockCmd                   0x08001a0d   Thumb Code    24  stm32f10x_rcc.o(.text.RCC_APB1PeriphClockCmd)
    RCC_APB2PeriphClockCmd                   0x08001a25   Thumb Code    24  stm32f10x_rcc.o(.text.RCC_APB2PeriphClockCmd)
    RCC_GetClocksFreq                        0x08001a3d   Thumb Code   140  stm32f10x_rcc.o(.text.RCC_GetClocksFreq)
    SD_disk_initialize                       0x08001fc1   Thumb Code   484  fatfs_sd.o(.text.SD_disk_initialize)
    SD_disk_ioctl                            0x080021a5   Thumb Code   458  fatfs_sd.o(.text.SD_disk_ioctl)
    SD_disk_read                             0x08002371   Thumb Code   242  fatfs_sd.o(.text.SD_disk_read)
    SD_disk_status                           0x08002465   Thumb Code    20  fatfs_sd.o(.text.SD_disk_status)
    SD_disk_write                            0x08002479   Thumb Code   278  fatfs_sd.o(.text.SD_disk_write)
    SPI_Cmd                                  0x08002591   Thumb Code    20  stm32f10x_spi.o(.text.SPI_Cmd)
    SPI_Config                               0x080025a5   Thumb Code   136  spi.o(.text.SPI_Config)
    SPI_I2S_GetFlagStatus                    0x0800262d   Thumb Code    10  stm32f10x_spi.o(.text.SPI_I2S_GetFlagStatus)
    SPI_I2S_ReceiveData                      0x08002639   Thumb Code     4  stm32f10x_spi.o(.text.SPI_I2S_ReceiveData)
    SPI_I2S_SendData                         0x0800263d   Thumb Code     4  stm32f10x_spi.o(.text.SPI_I2S_SendData)
    SPI_Init                                 0x08002641   Thumb Code    70  stm32f10x_spi.o(.text.SPI_Init)
    SystemInit                               0x08002689   Thumb Code   272  system_stm32f10x.o(.text.SystemInit)
    TIM_Cmd                                  0x08002799   Thumb Code    18  stm32f10x_tim.o(.text.TIM_Cmd)
    TIM_Config                               0x080027ad   Thumb Code   144  tim.o(.text.TIM_Config)
    TIM_GetCounter                           0x0800283d   Thumb Code     4  stm32f10x_tim.o(.text.TIM_GetCounter)
    TIM_ITConfig                             0x08002841   Thumb Code    16  stm32f10x_tim.o(.text.TIM_ITConfig)
    TIM_OC1Init                              0x08002851   Thumb Code   114  stm32f10x_tim.o(.text.TIM_OC1Init)
    TIM_OC1PreloadConfig                     0x080028c5   Thumb Code    12  stm32f10x_tim.o(.text.TIM_OC1PreloadConfig)
    TIM_SetCompare1                          0x080028d1   Thumb Code     4  stm32f10x_tim.o(.text.TIM_SetCompare1)
    TIM_SetCounter                           0x080028d5   Thumb Code     4  stm32f10x_tim.o(.text.TIM_SetCounter)
    TIM_TimeBaseInit                         0x080028d9   Thumb Code   172  stm32f10x_tim.o(.text.TIM_TimeBaseInit)
    TM_MFRC522_AntennaOn                     0x08002985   Thumb Code   124  mfrc522.o(.text.TM_MFRC522_AntennaOn)
    TM_MFRC522_Anticoll                      0x08002a01   Thumb Code   110  mfrc522.o(.text.TM_MFRC522_Anticoll)
    TM_MFRC522_CalculateCRC                  0x08002a71   Thumb Code   362  mfrc522.o(.text.TM_MFRC522_CalculateCRC)
    TM_MFRC522_Check                         0x08002bdd   Thumb Code   138  mfrc522.o(.text.TM_MFRC522_Check)
    TM_MFRC522_Init                          0x08002c69   Thumb Code   282  mfrc522.o(.text.TM_MFRC522_Init)
    TM_MFRC522_ToCard                        0x08002d85   Thumb Code   828  mfrc522.o(.text.TM_MFRC522_ToCard)
    UART_Config                              0x080030c1   Thumb Code    62  uart.o(.text.UART_Config)
    USART_Cmd                                0x08003101   Thumb Code    20  stm32f10x_usart.o(.text.USART_Cmd)
    USART_GetFlagStatus                      0x08003115   Thumb Code    10  stm32f10x_usart.o(.text.USART_GetFlagStatus)
    USART_Init                               0x08003121   Thumb Code   182  stm32f10x_usart.o(.text.USART_Init)
    USART_SendData                           0x080031d9   Thumb Code     8  stm32f10x_usart.o(.text.USART_SendData)
    USER_initialize                          0x080031e1   Thumb Code     4  user_diskio.o(.text.USER_initialize)
    USER_ioctl                               0x080031e5   Thumb Code     4  user_diskio.o(.text.USER_ioctl)
    USER_read                                0x080031e9   Thumb Code     4  user_diskio.o(.text.USER_read)
    USER_status                              0x080031ed   Thumb Code     4  user_diskio.o(.text.USER_status)
    USER_write                               0x080031f1   Thumb Code     4  user_diskio.o(.text.USER_write)
    addNode                                  0x080031f5   Thumb Code    60  system_handler.o(.text.addNode)
    binarySearchUID                          0x0800324d   Thumb Code    84  system_handler.o(.text.binarySearchUID)
    blinkLed                                 0x080032a1   Thumb Code    50  gpio.o(.text.blinkLed)
    closeBarrier                             0x08003349   Thumb Code    32  servo.o(.text.closeBarrier)
    compareUIDs                              0x08003369   Thumb Code     6  system_handler.o(.text.compareUIDs)
    convertListToArray                       0x08003371   Thumb Code    56  system_handler.o(.text.convertListToArray)
    delay_ms                                 0x08003489   Thumb Code    50  tim.o(.text.delay_ms)
    disk_initialize                          0x08003b61   Thumb Code    36  diskio.o(.text.disk_initialize)
    disk_ioctl                               0x08003b85   Thumb Code    22  diskio.o(.text.disk_ioctl)
    disk_read                                0x08003b9d   Thumb Code    32  diskio.o(.text.disk_read)
    disk_status                              0x08003bbd   Thumb Code    22  diskio.o(.text.disk_status)
    disk_write                               0x08003bd5   Thumb Code    32  diskio.o(.text.disk_write)
    f_close                                  0x08003bf5   Thumb Code   128  ff.o(.text.f_close)
    f_gets                                   0x08003c75   Thumb Code   104  ff.o(.text.f_gets)
    f_mount                                  0x08003cdd   Thumb Code   176  ff.o(.text.f_mount)
    f_open                                   0x08003d8d   Thumb Code   880  ff.o(.text.f_open)
    f_read                                   0x080040fd   Thumb Code   574  ff.o(.text.f_read)
    f_sync                                   0x0800433d   Thumb Code   188  ff.o(.text.f_sync)
    ff_convert                               0x080043f9   Thumb Code    74  unicode.o(.text.ff_convert)
    ff_wtoupper                              0x08004445   Thumb Code    44  unicode.o(.text.ff_wtoupper)
    fputc                                    0x08004ab9   Thumb Code    48  main.o(.text.fputc)
    get_fat                                  0x08004ae9   Thumb Code   242  ff.o(.text.get_fat)
    get_fattime                              0x08004bdd   Thumb Code     4  fatfs.o(.text.get_fattime)
    main                                     0x08004be1   Thumb Code   396  main.o(.text.main)
    openBarrier                              0x08004e8d   Thumb Code    36  servo.o(.text.openBarrier)
    put_fat                                  0x08004eb1   Thumb Code   296  ff.o(.text.put_fat)
    setPWM                                   0x08004fd9   Thumb Code    10  tim.o(.text.setPWM)
    sortUIDs                                 0x08004fe5   Thumb Code    14  system_handler.o(.text.sortUIDs)
    _is_digit                                0x08005121   Thumb Code    14  __printf_wp.o(i._is_digit)
    _get_lc_ctype                            0x08005131   Thumb Code    44  lc_ctype_c.o(locale$$code)
    __stdin_name                             0x08005195   Data           4  sys_io_names.o(.constdata)
    __stdout_name                            0x08005199   Data           4  sys_io_names.o(.constdata)
    __stderr_name                            0x0800519d   Data           4  sys_io_names.o(.constdata)
    Region$$Table$$Base                      0x080057b8   Number         0  anon$$obj.o(Region$$Table)
    Region$$Table$$Limit                     0x080057d8   Number         0  anon$$obj.o(Region$$Table)
    __ctype                                  0x080057e5   Data           0  lc_ctype_c.o(locale$$data)
    __aeabi_stdin                            0x20000000   Data           4  stdio_streams.o(.data)
    __aeabi_stdout                           0x20000004   Data           4  stdio_streams.o(.data)
    __aeabi_stderr                           0x20000008   Data           4  stdio_streams.o(.data)
    USER_Driver                              0x20000010   Data          20  user_diskio.o(.data.USER_Driver)
    __stdin                                  0x20000028   Data          84  stdio_streams.o(.bss)
    __stdout                                 0x2000007c   Data          84  stdio_streams.o(.bss)
    __stderr                                 0x200000d0   Data          84  stdio_streams.o(.bss)
    __libspace_start                         0x20000124   Data          96  libspace.o(.bss)
    __temporary_stack_top$libspace           0x20000184   Data           0  libspace.o(.bss)
    Timer1                                   0x200003a8   Data           2  fatfs_sd.o(.bss.Timer1)
    Timer2                                   0x200003aa   Data           2  fatfs_sd.o(.bss.Timer2)
    USERPath                                 0x200003ac   Data           4  fatfs.o(.bss.USERPath)
    cardID                                   0x200003b0   Data           5  main.o(.bss.cardID)
    disk                                     0x200003b8   Data          12  ff_gen_drv.o(.bss.disk)
    file                                     0x200003c4   Data        4140  main.o(.bss.file)
    fr                                       0x200013f0   Data           1  main.o(.bss.fr)
    fs                                       0x200013f4   Data        4144  main.o(.bss.fs)
    line                                     0x20002424   Data         128  main.o(.bss.line)
    retUSER                                  0x200024a4   Data           1  fatfs.o(.bss.retUSER)
    status                                   0x200024a5   Data           1  main.o(.bss.status)
    uidCount                                 0x200024a8   Data           4  main.o(.bss.uidCount)
    uidList                                  0x200024ac   Data           4  main.o(.bss.uidList)
    uids                                     0x200024b0   Data          20  main.o(.bss.uids)



==============================================================================

Memory Map of the image

  Image Entry point : 0x080000ed

  Load Region LR_IROM1 (Base: 0x08000000, Size: 0x00005910, Max: 0x00010000, ABSOLUTE)

    Execution Region ER_IROM1 (Exec base: 0x08000000, Load base: 0x08000000, Size: 0x000058e8, Max: 0x00010000, ABSOLUTE)

    Exec Addr    Load Addr    Size         Type   Attr      Idx    E Section Name        Object

    0x08000000   0x08000000   0x000000ec   Data   RO          895    RESET               startup_stm32f10x_md.o
    0x080000ec   0x080000ec   0x00000008   Code   RO         1043  * !!!main             c_w.l(__main.o)
    0x080000f4   0x080000f4   0x0000005c   Code   RO         1338    !!!scatter          c_w.l(__scatter.o)
    0x08000150   0x08000150   0x0000001a   Code   RO         1342    !!handler_copy      c_w.l(__scatter_copy.o)
    0x0800016a   0x0800016a   0x00000002   PAD
    0x0800016c   0x0800016c   0x00000002   Code   RO         1339    !!handler_null      c_w.l(__scatter.o)
    0x0800016e   0x0800016e   0x00000002   PAD
    0x08000170   0x08000170   0x0000001c   Code   RO         1344    !!handler_zi        c_w.l(__scatter_zi.o)
    0x0800018c   0x0800018c   0x00000000   Code   RO         1024    .ARM.Collect$$_printf_percent$$00000000  c_w.l(_printf_percent.o)
    0x0800018c   0x0800018c   0x00000006   Code   RO         1023    .ARM.Collect$$_printf_percent$$0000000C  c_w.l(_printf_x.o)
    0x08000192   0x08000192   0x00000004   Code   RO         1081    .ARM.Collect$$_printf_percent$$00000017  c_w.l(_printf_percent_end.o)
    0x08000196   0x08000196   0x00000002   Code   RO         1246    .ARM.Collect$$libinit$$00000000  c_w.l(libinit.o)
    0x08000198   0x08000198   0x00000000   Code   RO         1099    .ARM.Collect$$libinit$$00000002  c_w.l(libinit2.o)
    0x08000198   0x08000198   0x00000000   Code   RO         1101    .ARM.Collect$$libinit$$00000004  c_w.l(libinit2.o)
    0x08000198   0x08000198   0x00000000   Code   RO         1103    .ARM.Collect$$libinit$$00000006  c_w.l(libinit2.o)
    0x08000198   0x08000198   0x00000008   Code   RO         1104    .ARM.Collect$$libinit$$00000007  c_w.l(libinit2.o)
    0x080001a0   0x080001a0   0x00000000   Code   RO         1106    .ARM.Collect$$libinit$$0000000C  c_w.l(libinit2.o)
    0x080001a0   0x080001a0   0x00000000   Code   RO         1108    .ARM.Collect$$libinit$$0000000E  c_w.l(libinit2.o)
    0x080001a0   0x080001a0   0x00000000   Code   RO         1110    .ARM.Collect$$libinit$$00000010  c_w.l(libinit2.o)
    0x080001a0   0x080001a0   0x00000006   Code   RO         1111    .ARM.Collect$$libinit$$00000011  c_w.l(libinit2.o)
    0x080001a6   0x080001a6   0x00000000   Code   RO         1113    .ARM.Collect$$libinit$$00000013  c_w.l(libinit2.o)
    0x080001a6   0x080001a6   0x0000000c   Code   RO         1114    .ARM.Collect$$libinit$$00000014  c_w.l(libinit2.o)
    0x080001b2   0x080001b2   0x00000000   Code   RO         1115    .ARM.Collect$$libinit$$00000015  c_w.l(libinit2.o)
    0x080001b2   0x080001b2   0x00000000   Code   RO         1117    .ARM.Collect$$libinit$$00000017  c_w.l(libinit2.o)
    0x080001b2   0x080001b2   0x00000000   Code   RO         1119    .ARM.Collect$$libinit$$00000019  c_w.l(libinit2.o)
    0x080001b2   0x080001b2   0x00000000   Code   RO         1121    .ARM.Collect$$libinit$$0000001B  c_w.l(libinit2.o)
    0x080001b2   0x080001b2   0x00000000   Code   RO         1123    .ARM.Collect$$libinit$$0000001D  c_w.l(libinit2.o)
    0x080001b2   0x080001b2   0x00000000   Code   RO         1125    .ARM.Collect$$libinit$$0000001F  c_w.l(libinit2.o)
    0x080001b2   0x080001b2   0x00000000   Code   RO         1127    .ARM.Collect$$libinit$$00000021  c_w.l(libinit2.o)
    0x080001b2   0x080001b2   0x00000000   Code   RO         1129    .ARM.Collect$$libinit$$00000023  c_w.l(libinit2.o)
    0x080001b2   0x080001b2   0x00000000   Code   RO         1131    .ARM.Collect$$libinit$$00000025  c_w.l(libinit2.o)
    0x080001b2   0x080001b2   0x00000004   Code   RO         1132    .ARM.Collect$$libinit$$00000026  c_w.l(libinit2.o)
    0x080001b6   0x080001b6   0x00000000   Code   RO         1133    .ARM.Collect$$libinit$$00000027  c_w.l(libinit2.o)
    0x080001b6   0x080001b6   0x00000000   Code   RO         1137    .ARM.Collect$$libinit$$0000002E  c_w.l(libinit2.o)
    0x080001b6   0x080001b6   0x00000000   Code   RO         1139    .ARM.Collect$$libinit$$00000030  c_w.l(libinit2.o)
    0x080001b6   0x080001b6   0x00000000   Code   RO         1141    .ARM.Collect$$libinit$$00000032  c_w.l(libinit2.o)
    0x080001b6   0x080001b6   0x00000000   Code   RO         1143    .ARM.Collect$$libinit$$00000034  c_w.l(libinit2.o)
    0x080001b6   0x080001b6   0x00000002   Code   RO         1144    .ARM.Collect$$libinit$$00000035  c_w.l(libinit2.o)
    0x080001b8   0x080001b8   0x00000002   Code   RO         1335    .ARM.Collect$$libshutdown$$00000000  c_w.l(libshutdown.o)
    0x080001ba   0x080001ba   0x00000000   Code   RO         1248    .ARM.Collect$$libshutdown$$00000002  c_w.l(libshutdown2.o)
    0x080001ba   0x080001ba   0x00000004   Code   RO         1249    .ARM.Collect$$libshutdown$$00000003  c_w.l(libshutdown2.o)
    0x080001be   0x080001be   0x00000000   Code   RO         1250    .ARM.Collect$$libshutdown$$00000004  c_w.l(libshutdown2.o)
    0x080001be   0x080001be   0x00000000   Code   RO         1253    .ARM.Collect$$libshutdown$$00000007  c_w.l(libshutdown2.o)
    0x080001be   0x080001be   0x00000000   Code   RO         1256    .ARM.Collect$$libshutdown$$0000000A  c_w.l(libshutdown2.o)
    0x080001be   0x080001be   0x00000000   Code   RO         1258    .ARM.Collect$$libshutdown$$0000000C  c_w.l(libshutdown2.o)
    0x080001be   0x080001be   0x00000000   Code   RO         1261    .ARM.Collect$$libshutdown$$0000000F  c_w.l(libshutdown2.o)
    0x080001be   0x080001be   0x00000002   Code   RO         1262    .ARM.Collect$$libshutdown$$00000010  c_w.l(libshutdown2.o)
    0x080001c0   0x080001c0   0x00000000   Code   RO         1047    .ARM.Collect$$rtentry$$00000000  c_w.l(__rtentry.o)
    0x080001c0   0x080001c0   0x00000000   Code   RO         1153    .ARM.Collect$$rtentry$$00000002  c_w.l(__rtentry2.o)
    0x080001c0   0x080001c0   0x00000006   Code   RO         1165    .ARM.Collect$$rtentry$$00000004  c_w.l(__rtentry4.o)
    0x080001c6   0x080001c6   0x00000000   Code   RO         1155    .ARM.Collect$$rtentry$$00000009  c_w.l(__rtentry2.o)
    0x080001c6   0x080001c6   0x00000004   Code   RO         1156    .ARM.Collect$$rtentry$$0000000A  c_w.l(__rtentry2.o)
    0x080001ca   0x080001ca   0x00000000   Code   RO         1158    .ARM.Collect$$rtentry$$0000000C  c_w.l(__rtentry2.o)
    0x080001ca   0x080001ca   0x00000008   Code   RO         1159    .ARM.Collect$$rtentry$$0000000D  c_w.l(__rtentry2.o)
    0x080001d2   0x080001d2   0x00000002   Code   RO         1271    .ARM.Collect$$rtexit$$00000000  c_w.l(rtexit.o)
    0x080001d4   0x080001d4   0x00000000   Code   RO         1300    .ARM.Collect$$rtexit$$00000002  c_w.l(rtexit2.o)
    0x080001d4   0x080001d4   0x00000004   Code   RO         1301    .ARM.Collect$$rtexit$$00000003  c_w.l(rtexit2.o)
    0x080001d8   0x080001d8   0x00000006   Code   RO         1302    .ARM.Collect$$rtexit$$00000004  c_w.l(rtexit2.o)
    0x080001de   0x080001de   0x00000002   PAD
    0x080001e0   0x080001e0   0x00000040   Code   RO          896    .text               startup_stm32f10x_md.o
    0x08000220   0x08000220   0x0000005e   Code   RO          920    .text               c_w.l(h1_alloc.o)
    0x0800027e   0x0800027e   0x00000002   PAD
    0x08000280   0x08000280   0x00000018   Code   RO          974    .text               c_w.l(__2printf.o)
    0x08000298   0x08000298   0x0000004e   Code   RO          980    .text               c_w.l(_printf_pad.o)
    0x080002e6   0x080002e6   0x00000002   PAD
    0x080002e8   0x080002e8   0x00000058   Code   RO          985    .text               c_w.l(_printf_hex_int.o)
    0x08000340   0x08000340   0x00000138   Code   RO         1015    .text               c_w.l(__printf_flags_wp.o)
    0x08000478   0x08000478   0x0000003c   Code   RO         1025    .text               c_w.l(__0sscanf.o)
    0x080004b4   0x080004b4   0x0000014c   Code   RO         1027    .text               c_w.l(_scanf_int.o)
    0x08000600   0x08000600   0x0000002c   Code   RO         1029    .text               c_w.l(puts.o)
    0x0800062c   0x0800062c   0x00000264   Code   RO         1031    .text               c_w.l(qsortnoex.o)
    0x08000890   0x08000890   0x00000058   Code   RO         1033    .text               c_w.l(memcmp.o)
    0x080008e8   0x080008e8   0x00000044   Code   RO         1039    .text               c_w.l(rt_memclr.o)
    0x0800092c   0x0800092c   0x00000006   Code   RO         1041    .text               c_w.l(heapauxi.o)
    0x08000932   0x08000932   0x00000002   PAD
    0x08000934   0x08000934   0x00000008   Code   RO         1051    .text               c_w.l(rt_heap_descriptor_intlibspace.o)
    0x0800093c   0x0800093c   0x00000004   Code   RO         1053    .text               c_w.l(hguard.o)
    0x08000940   0x08000940   0x0000008a   Code   RO         1055    .text               c_w.l(init_alloc.o)
    0x080009ca   0x080009ca   0x0000000c   Code   RO         1061    .text               c_w.l(h1_init.o)
    0x080009d6   0x080009d6   0x0000004e   Code   RO         1063    .text               c_w.l(h1_free.o)
    0x08000a24   0x08000a24   0x000000b2   Code   RO         1077    .text               c_w.l(_printf_intcommon.o)
    0x08000ad6   0x08000ad6   0x00000002   PAD
    0x08000ad8   0x08000ad8   0x00000024   Code   RO         1079    .text               c_w.l(_printf_char_file.o)
    0x08000afc   0x08000afc   0x0000001c   Code   RO         1082    .text               c_w.l(_chval.o)
    0x08000b18   0x08000b18   0x0000002c   Code   RO         1084    .text               c_w.l(scanf_char.o)
    0x08000b44   0x08000b44   0x00000040   Code   RO         1086    .text               c_w.l(_sgetc.o)
    0x08000b84   0x08000b84   0x0000004e   Code   RO         1094    .text               c_w.l(rt_memclr_w.o)
    0x08000bd2   0x08000bd2   0x00000002   PAD
    0x08000bd4   0x08000bd4   0x00000008   Code   RO         1149    .text               c_w.l(libspace.o)
    0x08000bdc   0x08000bdc   0x00000000   Code   RO         1169    .text               c_w.l(maybetermalloc1.o)
    0x08000bdc   0x08000bdc   0x00000034   Code   RO         1171    .text               c_w.l(h1_extend.o)
    0x08000c10   0x08000c10   0x00000012   Code   RO         1175    .text               c_w.l(isspace.o)
    0x08000c22   0x08000c22   0x00000002   PAD
    0x08000c24   0x08000c24   0x00000030   Code   RO         1177    .text               c_w.l(_printf_char_common.o)
    0x08000c54   0x08000c54   0x00000374   Code   RO         1179    .text               c_w.l(_scanf.o)
    0x08000fc8   0x08000fc8   0x00000008   Code   RO         1181    .text               c_w.l(ferror.o)
    0x08000fd0   0x08000fd0   0x00000138   Code   RO         1183    .text               c_w.l(initio.o)
    0x08001108   0x08001108   0x0000000e   Code   RO         1189    .text               c_w.l(defsig_rtmem_outer.o)
    0x08001116   0x08001116   0x00000002   Code   RO         1203    .text               c_w.l(use_no_semi.o)
    0x08001118   0x08001118   0x00000000   Code   RO         1205    .text               c_w.l(indicate_semi.o)
    0x08001118   0x08001118   0x0000004a   Code   RO         1206    .text               c_w.l(sys_stackheap_outer.o)
    0x08001162   0x08001162   0x00000002   PAD
    0x08001164   0x08001164   0x00000010   Code   RO         1208    .text               c_w.l(rt_ctype_table.o)
    0x08001174   0x08001174   0x00000046   Code   RO         1216    .text               c_w.l(setvbuf.o)
    0x080011ba   0x080011ba   0x00000002   PAD
    0x080011bc   0x080011bc   0x000000f0   Code   RO         1219    .text               c_w.l(fopen.o)
    0x080012ac   0x080012ac   0x0000004c   Code   RO         1221    .text               c_w.l(fclose.o)
    0x080012f8   0x080012f8   0x00000012   Code   RO         1227    .text               c_w.l(exit.o)
    0x0800130a   0x0800130a   0x0000000a   Code   RO         1229    .text               c_w.l(defsig_exit.o)
    0x08001314   0x08001314   0x0000000e   Code   RO         1231    .text               c_w.l(defsig_rtred_outer.o)
    0x08001322   0x08001322   0x00000002   PAD
    0x08001324   0x08001324   0x00000050   Code   RO         1235    .text               c_w.l(defsig_rtmem_inner.o)
    0x08001374   0x08001374   0x00000066   Code   RO         1263    .text               c_w.l(sys_io.o)
    0x080013da   0x080013da   0x00000002   PAD
    0x080013dc   0x080013dc   0x0000000c   Code   RO         1265    .text               c_w.l(sys_exit.o)
    0x080013e8   0x080013e8   0x00000008   Code   RO         1276    .text               c_w.l(rt_locale_intlibspace.o)
    0x080013f0   0x080013f0   0x000000f8   Code   RO         1282    .text               c_w.l(fseek.o)
    0x080014e8   0x080014e8   0x00000108   Code   RO         1284    .text               c_w.l(stdio.o)
    0x080015f0   0x080015f0   0x00000032   Code   RO         1291    .text               c_w.l(defsig_general.o)
    0x08001622   0x08001622   0x00000002   PAD
    0x08001624   0x08001624   0x00000034   Code   RO         1293    .text               c_w.l(defsig_rtred_inner.o)
    0x08001658   0x08001658   0x0000000e   Code   RO         1295    .text               c_w.l(sys_wrch.o)
    0x08001666   0x08001666   0x00000042   Code   RO         1306    .text               c_w.l(ftell.o)
    0x080016a8   0x080016a8   0x0000003e   Code   RO         1310    .text               c_w.l(strlen.o)
    0x080016e6   0x080016e6   0x00000002   PAD
    0x080016e8   0x080016e8   0x00000080   Code   RO         1312    .text               c_w.l(strcmpv7m.o)
    0x08001768   0x08001768   0x00000008   Code   RO         1317    .text               c_w.l(rt_errno_addr_intlibspace.o)
    0x08001770   0x08001770   0x00000022   Code   RO          160    .text.FATFS_Init    fatfs.o
    0x08001792   0x08001792   0x00000002   PAD
    0x08001794   0x08001794   0x0000004c   Code   RO          349    .text.FATFS_LinkDriver  ff_gen_drv.o
    0x080017e0   0x080017e0   0x000000f6   Code   RO           25    .text.GPIO_Config   gpio.o
    0x080018d6   0x080018d6   0x00000002   PAD
    0x080018d8   0x080018d8   0x000000c0   Code   RO          403    .text.GPIO_Init     stm32f10x_gpio.o
    0x08001998   0x08001998   0x00000004   Code   RO          417    .text.GPIO_ResetBits  stm32f10x_gpio.o
    0x0800199c   0x0800199c   0x00000004   Code   RO          415    .text.GPIO_SetBits  stm32f10x_gpio.o
    0x080019a0   0x080019a0   0x0000000c   Code   RO          419    .text.GPIO_WriteBit  stm32f10x_gpio.o
    0x080019ac   0x080019ac   0x00000034   Code   RO           27    .text.MFRC522_InitPins  gpio.o
    0x080019e0   0x080019e0   0x0000002a   Code   RO           54    .text.MFRC522_SPI_Send  spi.o
    0x08001a0a   0x08001a0a   0x00000002   PAD
    0x08001a0c   0x08001a0c   0x00000018   Code   RO          564    .text.RCC_APB1PeriphClockCmd  stm32f10x_rcc.o
    0x08001a24   0x08001a24   0x00000018   Code   RO          562    .text.RCC_APB2PeriphClockCmd  stm32f10x_rcc.o
    0x08001a3c   0x08001a3c   0x0000008c   Code   RO          558    .text.RCC_GetClocksFreq  stm32f10x_rcc.o
    0x08001ac8   0x08001ac8   0x00000100   Code   RO          177    .text.SD_PowerOn    fatfs_sd.o
    0x08001bc8   0x08001bc8   0x00000054   Code   RO          193    .text.SD_ReadyWait  fatfs_sd.o
    0x08001c1c   0x08001c1c   0x000000e2   Code   RO          185    .text.SD_RxDataBlock  fatfs_sd.o
    0x08001cfe   0x08001cfe   0x00000002   PAD
    0x08001d00   0x08001d00   0x00000156   Code   RO          179    .text.SD_SendCmd    fatfs_sd.o
    0x08001e56   0x08001e56   0x00000002   PAD
    0x08001e58   0x08001e58   0x00000166   Code   RO          189    .text.SD_TxDataBlock  fatfs_sd.o
    0x08001fbe   0x08001fbe   0x00000002   PAD
    0x08001fc0   0x08001fc0   0x000001e4   Code   RO          175    .text.SD_disk_initialize  fatfs_sd.o
    0x080021a4   0x080021a4   0x000001ca   Code   RO          191    .text.SD_disk_ioctl  fatfs_sd.o
    0x0800236e   0x0800236e   0x00000002   PAD
    0x08002370   0x08002370   0x000000f2   Code   RO          183    .text.SD_disk_read  fatfs_sd.o
    0x08002462   0x08002462   0x00000002   PAD
    0x08002464   0x08002464   0x00000014   Code   RO          181    .text.SD_disk_status  fatfs_sd.o
    0x08002478   0x08002478   0x00000116   Code   RO          187    .text.SD_disk_write  fatfs_sd.o
    0x0800258e   0x0800258e   0x00000002   PAD
    0x08002590   0x08002590   0x00000014   Code   RO          602    .text.SPI_Cmd       stm32f10x_spi.o
    0x080025a4   0x080025a4   0x00000088   Code   RO           52    .text.SPI_Config    spi.o
    0x0800262c   0x0800262c   0x0000000a   Code   RO          630    .text.SPI_I2S_GetFlagStatus  stm32f10x_spi.o
    0x08002636   0x08002636   0x00000002   PAD
    0x08002638   0x08002638   0x00000004   Code   RO          612    .text.SPI_I2S_ReceiveData  stm32f10x_spi.o
    0x0800263c   0x0800263c   0x00000004   Code   RO          610    .text.SPI_I2S_SendData  stm32f10x_spi.o
    0x08002640   0x08002640   0x00000046   Code   RO          594    .text.SPI_Init      stm32f10x_spi.o
    0x08002686   0x08002686   0x00000002   PAD
    0x08002688   0x08002688   0x00000110   Code   RO          903    .text.SystemInit    system_stm32f10x.o
    0x08002798   0x08002798   0x00000012   Code   RO          680    .text.TIM_Cmd       stm32f10x_tim.o
    0x080027aa   0x080027aa   0x00000002   PAD
    0x080027ac   0x080027ac   0x00000090   Code   RO           38    .text.TIM_Config    tim.o
    0x0800283c   0x0800283c   0x00000004   Code   RO          808    .text.TIM_GetCounter  stm32f10x_tim.o
    0x08002840   0x08002840   0x00000010   Code   RO          684    .text.TIM_ITConfig  stm32f10x_tim.o
    0x08002850   0x08002850   0x00000072   Code   RO          650    .text.TIM_OC1Init   stm32f10x_tim.o
    0x080028c2   0x080028c2   0x00000002   PAD
    0x080028c4   0x080028c4   0x0000000c   Code   RO          728    .text.TIM_OC1PreloadConfig  stm32f10x_tim.o
    0x080028d0   0x080028d0   0x00000004   Code   RO          790    .text.TIM_SetCompare1  stm32f10x_tim.o
    0x080028d4   0x080028d4   0x00000004   Code   RO          786    .text.TIM_SetCounter  stm32f10x_tim.o
    0x080028d8   0x080028d8   0x000000ac   Code   RO          648    .text.TIM_TimeBaseInit  stm32f10x_tim.o
    0x08002984   0x08002984   0x0000007c   Code   RO          120    .text.TM_MFRC522_AntennaOn  mfrc522.o
    0x08002a00   0x08002a00   0x0000006e   Code   RO          126    .text.TM_MFRC522_Anticoll  mfrc522.o
    0x08002a6e   0x08002a6e   0x00000002   PAD
    0x08002a70   0x08002a70   0x0000016a   Code   RO          142    .text.TM_MFRC522_CalculateCRC  mfrc522.o
    0x08002bda   0x08002bda   0x00000002   PAD
    0x08002bdc   0x08002bdc   0x0000008a   Code   RO          122    .text.TM_MFRC522_Check  mfrc522.o
    0x08002c66   0x08002c66   0x00000002   PAD
    0x08002c68   0x08002c68   0x0000011a   Code   RO          114    .text.TM_MFRC522_Init  mfrc522.o
    0x08002d82   0x08002d82   0x00000002   PAD
    0x08002d84   0x08002d84   0x0000033c   Code   RO          140    .text.TM_MFRC522_ToCard  mfrc522.o
    0x080030c0   0x080030c0   0x0000003e   Code   RO           66    .text.UART_Config   uart.o
    0x080030fe   0x080030fe   0x00000002   PAD
    0x08003100   0x08003100   0x00000014   Code   RO          838    .text.USART_Cmd     stm32f10x_usart.o
    0x08003114   0x08003114   0x0000000a   Code   RO          878    .text.USART_GetFlagStatus  stm32f10x_usart.o
    0x0800311e   0x0800311e   0x00000002   PAD
    0x08003120   0x08003120   0x000000b6   Code   RO          830    .text.USART_Init    stm32f10x_usart.o
    0x080031d6   0x080031d6   0x00000002   PAD
    0x080031d8   0x080031d8   0x00000008   Code   RO          854    .text.USART_SendData  stm32f10x_usart.o
    0x080031e0   0x080031e0   0x00000004   Code   RO          208    .text.USER_initialize  user_diskio.o
    0x080031e4   0x080031e4   0x00000004   Code   RO          216    .text.USER_ioctl    user_diskio.o
    0x080031e8   0x080031e8   0x00000004   Code   RO          212    .text.USER_read     user_diskio.o
    0x080031ec   0x080031ec   0x00000004   Code   RO          210    .text.USER_status   user_diskio.o
    0x080031f0   0x080031f0   0x00000004   Code   RO          214    .text.USER_write    user_diskio.o
    0x080031f4   0x080031f4   0x00000058   Code   RO           90    .text.addNode       system_handler.o
    0x0800324c   0x0800324c   0x00000054   Code   RO           88    .text.binarySearchUID  system_handler.o
    0x080032a0   0x080032a0   0x00000032   Code   RO           29    .text.blinkLed      gpio.o
    0x080032d2   0x080032d2   0x00000002   PAD
    0x080032d4   0x080032d4   0x00000072   Code   RO          326    .text.check_fs      ff.o
    0x08003346   0x08003346   0x00000002   PAD
    0x08003348   0x08003348   0x00000020   Code   RO          104    .text.closeBarrier  servo.o
    0x08003368   0x08003368   0x00000006   Code   RO           84    .text.compareUIDs   system_handler.o
    0x0800336e   0x0800336e   0x00000002   PAD
    0x08003370   0x08003370   0x00000038   Code   RO           82    .text.convertListToArray  system_handler.o
    0x080033a8   0x080033a8   0x000000de   Code   RO          270    .text.create_chain  ff.o
    0x08003486   0x08003486   0x00000002   PAD
    0x08003488   0x08003488   0x00000032   Code   RO           40    .text.delay_ms      tim.o
    0x080034ba   0x080034ba   0x00000002   PAD
    0x080034bc   0x080034bc   0x00000194   Code   RO          328    .text.dir_find      ff.o
    0x08003650   0x08003650   0x00000178   Code   RO          292    .text.dir_next      ff.o
    0x080037c8   0x080037c8   0x000002d0   Code   RO          260    .text.dir_register  ff.o
    0x08003a98   0x08003a98   0x000000c8   Code   RO          282    .text.dir_sdi       ff.o
    0x08003b60   0x08003b60   0x00000024   Code   RO          228    .text.disk_initialize  diskio.o
    0x08003b84   0x08003b84   0x00000016   Code   RO          234    .text.disk_ioctl    diskio.o
    0x08003b9a   0x08003b9a   0x00000002   PAD
    0x08003b9c   0x08003b9c   0x00000020   Code   RO          230    .text.disk_read     diskio.o
    0x08003bbc   0x08003bbc   0x00000016   Code   RO          226    .text.disk_status   diskio.o
    0x08003bd2   0x08003bd2   0x00000002   PAD
    0x08003bd4   0x08003bd4   0x00000020   Code   RO          232    .text.disk_write    diskio.o
    0x08003bf4   0x08003bf4   0x00000080   Code   RO          276    .text.f_close       ff.o
    0x08003c74   0x08003c74   0x00000068   Code   RO          316    .text.f_gets        ff.o
    0x08003cdc   0x08003cdc   0x000000b0   Code   RO          252    .text.f_mount       ff.o
    0x08003d8c   0x08003d8c   0x00000370   Code   RO          256    .text.f_open        ff.o
    0x080040fc   0x080040fc   0x0000023e   Code   RO          266    .text.f_read        ff.o
    0x0800433a   0x0800433a   0x00000002   PAD
    0x0800433c   0x0800433c   0x000000bc   Code   RO          272    .text.f_sync        ff.o
    0x080043f8   0x080043f8   0x0000004a   Code   RO          367    .text.ff_convert    unicode.o
    0x08004442   0x08004442   0x00000002   PAD
    0x08004444   0x08004444   0x0000002c   Code   RO          369    .text.ff_wtoupper   unicode.o
    0x08004470   0x08004470   0x00000344   Code   RO          254    .text.find_volume   ff.o
    0x080047b4   0x080047b4   0x00000304   Code   RO          258    .text.follow_path   ff.o
    0x08004ab8   0x08004ab8   0x00000030   Code   RO            4    .text.fputc         main.o
    0x08004ae8   0x08004ae8   0x000000f2   Code   RO          246    .text.get_fat       ff.o
    0x08004bda   0x08004bda   0x00000002   PAD
    0x08004bdc   0x08004bdc   0x00000004   Code   RO          162    .text.get_fattime   fatfs.o
    0x08004be0   0x08004be0   0x00000214   Code   RO            2    .text.main          main.o
    0x08004df4   0x08004df4   0x00000096   Code   RO          248    .text.move_window   ff.o
    0x08004e8a   0x08004e8a   0x00000002   PAD
    0x08004e8c   0x08004e8c   0x00000024   Code   RO          102    .text.openBarrier   servo.o
    0x08004eb0   0x08004eb0   0x00000128   Code   RO          250    .text.put_fat       ff.o
    0x08004fd8   0x08004fd8   0x0000000a   Code   RO           42    .text.setPWM        tim.o
    0x08004fe2   0x08004fe2   0x00000002   PAD
    0x08004fe4   0x08004fe4   0x0000000e   Code   RO           86    .text.sortUIDs      system_handler.o
    0x08004ff2   0x08004ff2   0x00000002   PAD
    0x08004ff4   0x08004ff4   0x000000d0   Code   RO          274    .text.sync_fs       ff.o
    0x080050c4   0x080050c4   0x0000005c   Code   RO          306    .text.sync_window   ff.o
    0x08005120   0x08005120   0x0000000e   Code   RO         1013    i._is_digit         c_w.l(__printf_wp.o)
    0x0800512e   0x0800512e   0x00000002   PAD
    0x08005130   0x08005130   0x0000002c   Code   RO         1287    locale$$code        c_w.l(lc_ctype_c.o)
    0x0800515c   0x0800515c   0x00000028   Data   RO          986    .constdata          c_w.l(_printf_hex_int.o)
    0x08005184   0x08005184   0x00000011   Data   RO         1016    .constdata          c_w.l(__printf_flags_wp.o)
    0x08005195   0x08005195   0x00000004   Data   RO         1200    .constdata          c_w.l(sys_io_names.o)
    0x08005199   0x08005199   0x00000004   Data   RO         1201    .constdata          c_w.l(sys_io_names.o)
    0x0800519d   0x0800519d   0x00000004   Data   RO         1202    .constdata          c_w.l(sys_io_names.o)
    0x080051a1   0x080051a1   0x00000004   Data   RO          583    .rodata.ADCPrescTable  stm32f10x_rcc.o
    0x080051a5   0x080051a5   0x00000010   Data   RO          582    .rodata.APBAHBPrescTable  stm32f10x_rcc.o
    0x080051b5   0x080051b5   0x00000080   Data   RO          337    .rodata.ExCvt       ff.o
    0x08005235   0x08005235   0x0000000d   Data   RO          338    .rodata.LfnOfs      ff.o
    0x08005242   0x08005242   0x00000100   Data   RO          371    .rodata.Tbl         unicode.o
    0x08005342   0x08005342   0x00000070   Data   RO            9    .rodata.str1.1      main.o
    0x080053b2   0x080053b2   0x00000044   Data   RO          334    .rodata.str1.1      ff.o
    0x080053f6   0x080053f6   0x000003c0   Data   RO          372    .rodata.str2.2      unicode.o
    0x080057b6   0x080057b6   0x00000002   PAD
    0x080057b8   0x080057b8   0x00000020   Data   RO         1337    Region$$Table       anon$$obj.o
    0x080057d8   0x080057d8   0x00000110   Data   RO         1286    locale$$data        c_w.l(lc_ctype_c.o)


    Execution Region RW_IRAM1 (Exec base: 0x20000000, Load base: 0x080058e8, Size: 0x000030c8, Max: 0x00010000, ABSOLUTE)

    Exec Addr    Load Addr    Size         Type   Attr      Idx    E Section Name        Object

    0x20000000   0x080058e8   0x00000004   Data   RW         1091    .data               c_w.l(stdio_streams.o)
    0x20000004   0x080058ec   0x00000004   Data   RW         1092    .data               c_w.l(stdio_streams.o)
    0x20000008   0x080058f0   0x00000004   Data   RW         1093    .data               c_w.l(stdio_streams.o)
    0x2000000c   0x080058f4   0x00000001   Data   RW          195    .data.Stat          fatfs_sd.o
    0x2000000d   0x080058f5   0x00000003   PAD
    0x20000010   0x080058f8   0x00000014   Data   RW          218    .data.USER_Driver   user_diskio.o
    0x20000024   0x0800590c   0x00000004   PAD
    0x20000028        -       0x00000054   Zero   RW         1088    .bss                c_w.l(stdio_streams.o)
    0x2000007c        -       0x00000054   Zero   RW         1089    .bss                c_w.l(stdio_streams.o)
    0x200000d0        -       0x00000054   Zero   RW         1090    .bss                c_w.l(stdio_streams.o)
    0x20000124        -       0x00000060   Zero   RW         1150    .bss                c_w.l(libspace.o)
    0x20000184        -       0x00000001   Zero   RW          197    .bss.CardType       fatfs_sd.o
    0x20000185   0x0800590c   0x00000003   PAD
    0x20000188        -       0x00000004   Zero   RW          330    .bss.FatFs          ff.o
    0x2000018c        -       0x00000018   Zero   RW          335    .bss.Files          ff.o
    0x200001a4        -       0x00000002   Zero   RW          336    .bss.Fsid           ff.o
    0x200001a6        -       0x00000200   Zero   RW          331    .bss.LfnBuf         ff.o
    0x200003a6        -       0x00000001   Zero   RW          199    .bss.PowerFlag      fatfs_sd.o
    0x200003a7   0x0800590c   0x00000001   PAD
    0x200003a8        -       0x00000002   Zero   RW          196    .bss.Timer1         fatfs_sd.o
    0x200003aa        -       0x00000002   Zero   RW          198    .bss.Timer2         fatfs_sd.o
    0x200003ac        -       0x00000004   Zero   RW          164    .bss.USERPath       fatfs.o
    0x200003b0        -       0x00000005   Zero   RW           13    .bss.cardID         main.o
    0x200003b5   0x0800590c   0x00000003   PAD
    0x200003b8        -       0x0000000c   Zero   RW          357    .bss.disk           ff_gen_drv.o
    0x200003c4        -       0x0000102c   Zero   RW           11    .bss.file           main.o
    0x200013f0        -       0x00000001   Zero   RW           10    .bss.fr             main.o
    0x200013f1   0x0800590c   0x00000003   PAD
    0x200013f4        -       0x00001030   Zero   RW            8    .bss.fs             main.o
    0x20002424        -       0x00000080   Zero   RW           12    .bss.line           main.o
    0x200024a4        -       0x00000001   Zero   RW          165    .bss.retUSER        fatfs.o
    0x200024a5        -       0x00000001   Zero   RW           15    .bss.status         main.o
    0x200024a6   0x0800590c   0x00000002   PAD
    0x200024a8        -       0x00000004   Zero   RW            7    .bss.uidCount       main.o
    0x200024ac        -       0x00000004   Zero   RW            6    .bss.uidList        main.o
    0x200024b0        -       0x00000014   Zero   RW           14    .bss.uids           main.o
    0x200024c4   0x0800590c   0x00000004   PAD
    0x200024c8        -       0x00000400   Zero   RW          894    HEAP                startup_stm32f10x_md.o
    0x200028c8        -       0x00000800   Zero   RW          893    STACK               startup_stm32f10x_md.o


==============================================================================

Image component sizes


      Code (inc. data)   RO Data    RW Data    ZI Data      Debug   Object Name

       144          0          0          0          0       1740   diskio.o
        38          0          0          0          5       1965   fatfs.o
      2748         14          0          1          6       9483   fatfs_sd.o
      6682          0        209          0        542      55103   ff.o
        76          0          0          0         12       3295   ff_gen_drv.o
       348          0          0          0          0       1984   gpio.o
       580        136        112          0       8447       3887   main.o
      1844          0          0          0          0      11210   mfrc522.o
        68          0          0          0          0       1068   servo.o
       178          0          0          0          0       2109   spi.o
        64         26        236          0       3072        868   startup_stm32f10x_md.o
       212          0          0          0          0       6197   stm32f10x_gpio.o
       188          0         20          0          0       8551   stm32f10x_rcc.o
       108          0          0          0          0       7700   stm32f10x_spi.o
       344          0          0          0          0      29233   stm32f10x_tim.o
       220          0          0          0          0       8925   stm32f10x_usart.o
       248         28          0          0          0       2607   system_handler.o
       272          0          0          0          0       2786   system_stm32f10x.o
       204          0          0          0          0       2763   tim.o
        62          0          0          0          0       2073   uart.o
       118          0       1216          0          0       1339   unicode.o
        20          0          0         20          0       1944   user_diskio.o

    ----------------------------------------------------------------------
     14832        204       1827         24      12104     166830   Object Totals
         0          0         32          0          0          0   (incl. Generated)
        66          0          2          3         20          0   (incl. Padding)

    ----------------------------------------------------------------------

      Code (inc. data)   RO Data    RW Data    ZI Data      Debug   Library Member Name

        60          8          0          0          0         84   __0sscanf.o
        24          4          0          0          0         84   __2printf.o
         8          0          0          0          0         68   __main.o
       312          4         17          0          0         92   __printf_flags_wp.o
        14          0          0          0          0         68   __printf_wp.o
         0          0          0          0          0          0   __rtentry.o
        12          0          0          0          0          0   __rtentry2.o
         6          0          0          0          0          0   __rtentry4.o
        94          8          0          0          0          0   __scatter.o
        26          0          0          0          0          0   __scatter_copy.o
        28          0          0          0          0          0   __scatter_zi.o
        28          0          0          0          0         68   _chval.o
        48          6          0          0          0         96   _printf_char_common.o
        36          4          0          0          0         80   _printf_char_file.o
        88          4         40          0          0         88   _printf_hex_int.o
       178          0          0          0          0         88   _printf_intcommon.o
        78          0          0          0          0        108   _printf_pad.o
         0          0          0          0          0          0   _printf_percent.o
         4          0          0          0          0          0   _printf_percent_end.o
         6          0          0          0          0          0   _printf_x.o
       884          6          0          0          0        100   _scanf.o
       332          0          0          0          0         96   _scanf_int.o
        64          0          0          0          0         84   _sgetc.o
        10          0          0          0          0         68   defsig_exit.o
        50          0          0          0          0         88   defsig_general.o
        80         58          0          0          0         76   defsig_rtmem_inner.o
        14          0          0          0          0         80   defsig_rtmem_outer.o
        52         38          0          0          0         76   defsig_rtred_inner.o
        14          0          0          0          0         80   defsig_rtred_outer.o
        18          0          0          0          0         80   exit.o
        76          0          0          0          0         88   fclose.o
         8          0          0          0          0         68   ferror.o
       240          6          0          0          0        128   fopen.o
       248          6          0          0          0         84   fseek.o
        66          0          0          0          0         76   ftell.o
        94          0          0          0          0         80   h1_alloc.o
        52          0          0          0          0         68   h1_extend.o
        78          0          0          0          0         80   h1_free.o
        12          0          0          0          0         84   h1_init.o
         6          0          0          0          0        152   heapauxi.o
         4          0          0          0          0        136   hguard.o
         0          0          0          0          0          0   indicate_semi.o
       138          0          0          0          0        168   init_alloc.o
       312         46          0          0          0        112   initio.o
        18          0          0          0          0         76   isspace.o
        44         10        272          0          0         76   lc_ctype_c.o
         2          0          0          0          0          0   libinit.o
        32          0          0          0          0          0   libinit2.o
         2          0          0          0          0          0   libshutdown.o
         6          0          0          0          0          0   libshutdown2.o
         8          4          0          0         96         68   libspace.o
         0          0          0          0          0          0   maybetermalloc1.o
        88          0          0          0          0         76   memcmp.o
        44          4          0          0          0         84   puts.o
       612          0          0          0          0        136   qsortnoex.o
        16          4          0          0          0         76   rt_ctype_table.o
         8          4          0          0          0         68   rt_errno_addr_intlibspace.o
         8          4          0          0          0         68   rt_heap_descriptor_intlibspace.o
         8          4          0          0          0         68   rt_locale_intlibspace.o
        68          0          0          0          0         68   rt_memclr.o
        78          0          0          0          0         80   rt_memclr_w.o
         2          0          0          0          0          0   rtexit.o
        10          0          0          0          0          0   rtexit2.o
        44          8          0          0          0         84   scanf_char.o
        70          0          0          0          0         80   setvbuf.o
       264          6          0          0          0        160   stdio.o
         0          0          0         12        252          0   stdio_streams.o
       128          0          0          0          0         68   strcmpv7m.o
        62          0          0          0          0         76   strlen.o
        12          4          0          0          0         68   sys_exit.o
       102          0          0          0          0        240   sys_io.o
         0          0         12          0          0          0   sys_io_names.o
        74          0          0          0          0         80   sys_stackheap_outer.o
        14          0          0          0          0         76   sys_wrch.o
         2          0          0          0          0         68   use_no_semi.o

    ----------------------------------------------------------------------
      5760        250        341         12        348       5020   Library Totals
        32          0          0          0          0          0   (incl. Padding)

    ----------------------------------------------------------------------

      Code (inc. data)   RO Data    RW Data    ZI Data      Debug   Library Name

      5728        250        341         12        348       5020   c_w.l

    ----------------------------------------------------------------------
      5760        250        341         12        348       5020   Library Totals

    ----------------------------------------------------------------------

==============================================================================


      Code (inc. data)   RO Data    RW Data    ZI Data      Debug   

     20592        454       2168         36      12452     168810   Grand Totals
     20592        454       2168         36      12452     168810   ELF Image Totals
     20592        454       2168         36          0          0   ROM Totals

==============================================================================

    Total RO  Size (Code + RO Data)                22760 (  22.23kB)
    Total RW  Size (RW Data + ZI Data)             12488 (  12.20kB)
    Total ROM Size (Code + RO Data + RW Data)      22796 (  22.26kB)

==============================================================================

