Component: Arm Compiler for Embedded 6.21 Tool: armlink [5ec1fa00]

==============================================================================

Section Cross References

    main.o(.text.main) refers to gpio.o(.text.GPIO_Config) for GPIO_Config
    main.o(.text.main) refers to spi.o(.text.SPI_Config) for SPI_Config
    main.o(.text.main) refers to delay.o(.text.TIMER_Config) for TIMER_Config
    main.o(.text.main) refers to fatfs.o(.text.FATFS_Init) for FATFS_Init
    main.o(.text.main) refers to stm32f10x_rcc.o(.text.RCC_APB2PeriphClockCmd) for RCC_APB2PeriphClockCmd
    main.o(.text.main) refers to stm32f10x_usart.o(.text.USART_Init) for USART_Init
    main.o(.text.main) refers to stm32f10x_usart.o(.text.USART_Cmd) for USART_Cmd
    main.o(.text.main) refers to main.o(.bss.FatFs) for FatFs
    main.o(.text.main) refers to main.o(.rodata.str1.1) for .L.str
    main.o(.text.main) refers to ff.o(.text.f_mount) for f_mount
    main.o(.text.main) refers to main.o(.bss.fr) for fr
    main.o(.text.main) refers to puts.o(.text) for puts
    main.o(.text.main) refers to main.o(.bss.fil) for fil
    main.o(.text.main) refers to ff.o(.text.f_open) for f_open
    main.o(.text.main) refers to delay.o(.text.delay_ms) for delay_ms
    main.o(.text.main) refers to main.o(.bss.buffer) for buffer
    main.o(.text.main) refers to main.o(.bss.br) for br
    main.o(.text.main) refers to ff.o(.text.f_read) for f_read
    main.o(.text.main) refers to ff.o(.text.f_close) for f_close
    main.o(.ARM.exidx.text.main) refers to main.o(.text.main) for [Anonymous Symbol]
    main.o(.text.UART_Config) refers to stm32f10x_rcc.o(.text.RCC_APB2PeriphClockCmd) for RCC_APB2PeriphClockCmd
    main.o(.text.UART_Config) refers to stm32f10x_usart.o(.text.USART_Init) for USART_Init
    main.o(.text.UART_Config) refers to stm32f10x_usart.o(.text.USART_Cmd) for USART_Cmd
    main.o(.ARM.exidx.text.UART_Config) refers to main.o(.text.UART_Config) for [Anonymous Symbol]
    main.o(.text.fputc) refers to stm32f10x_usart.o(.text.USART_GetFlagStatus) for USART_GetFlagStatus
    main.o(.text.fputc) refers to stm32f10x_usart.o(.text.USART_SendData) for USART_SendData
    main.o(.ARM.exidx.text.fputc) refers to main.o(.text.fputc) for [Anonymous Symbol]
    delay.o(.text.TIMER_Config) refers to stm32f10x_rcc.o(.text.RCC_APB1PeriphClockCmd) for RCC_APB1PeriphClockCmd
    delay.o(.text.TIMER_Config) refers to stm32f10x_tim.o(.text.TIM_TimeBaseInit) for TIM_TimeBaseInit
    delay.o(.text.TIMER_Config) refers to stm32f10x_tim.o(.text.TIM_Cmd) for TIM_Cmd
    delay.o(.ARM.exidx.text.TIMER_Config) refers to delay.o(.text.TIMER_Config) for [Anonymous Symbol]
    delay.o(.text.delay_ms) refers to stm32f10x_tim.o(.text.TIM_SetCounter) for TIM_SetCounter
    delay.o(.text.delay_ms) refers to stm32f10x_tim.o(.text.TIM_GetCounter) for TIM_GetCounter
    delay.o(.ARM.exidx.text.delay_ms) refers to delay.o(.text.delay_ms) for [Anonymous Symbol]
    delay.o(.text.delay_us) refers to stm32f10x_tim.o(.text.TIM_SetCounter) for TIM_SetCounter
    delay.o(.text.delay_us) refers to dflt_clz.o(x$fpl$dfltu) for __aeabi_ui2d
    delay.o(.text.delay_us) refers to dmul.o(x$fpl$dmul) for __aeabi_dmul
    delay.o(.text.delay_us) refers to stm32f10x_tim.o(.text.TIM_GetCounter) for TIM_GetCounter
    delay.o(.text.delay_us) refers to dcmp.o(x$fpl$fcmp) for __aeabi_dcmpgt
    delay.o(.ARM.exidx.text.delay_us) refers to delay.o(.text.delay_us) for [Anonymous Symbol]
    gpio.o(.text.GPIO_Config) refers to stm32f10x_rcc.o(.text.RCC_APB2PeriphClockCmd) for RCC_APB2PeriphClockCmd
    gpio.o(.text.GPIO_Config) refers to stm32f10x_gpio.o(.text.GPIO_Init) for GPIO_Init
    gpio.o(.text.GPIO_Config) refers to stm32f10x_gpio.o(.text.GPIO_SetBits) for GPIO_SetBits
    gpio.o(.ARM.exidx.text.GPIO_Config) refers to gpio.o(.text.GPIO_Config) for [Anonymous Symbol]
    gpio.o(.text.LED_Blink) refers to stm32f10x_gpio.o(.text.GPIO_SetBits) for GPIO_SetBits
    gpio.o(.text.LED_Blink) refers to stm32f10x_gpio.o(.text.GPIO_ResetBits) for GPIO_ResetBits
    gpio.o(.ARM.exidx.text.LED_Blink) refers to gpio.o(.text.LED_Blink) for [Anonymous Symbol]
    spi.o(.text.SPI_Send) refers to stm32f10x_spi.o(.text.SPI_I2S_SendData) for SPI_I2S_SendData
    spi.o(.text.SPI_Send) refers to stm32f10x_spi.o(.text.SPI_I2S_GetFlagStatus) for SPI_I2S_GetFlagStatus
    spi.o(.text.SPI_Send) refers to stm32f10x_spi.o(.text.SPI_I2S_ReceiveData) for SPI_I2S_ReceiveData
    spi.o(.ARM.exidx.text.SPI_Send) refers to spi.o(.text.SPI_Send) for [Anonymous Symbol]
    spi.o(.text.SPI_Config) refers to stm32f10x_rcc.o(.text.RCC_APB2PeriphClockCmd) for RCC_APB2PeriphClockCmd
    spi.o(.text.SPI_Config) refers to stm32f10x_spi.o(.text.SPI_Init) for SPI_Init
    spi.o(.text.SPI_Config) refers to stm32f10x_spi.o(.text.SPI_Cmd) for SPI_Cmd
    spi.o(.ARM.exidx.text.SPI_Config) refers to spi.o(.text.SPI_Config) for [Anonymous Symbol]
    fatfs.o(.text.FATFS_Init) refers to user_diskio.o(.data.USER_Driver) for USER_Driver
[...]
    ../clib/angel/sys.s                      0x00000000   Number         0  use_no_semi.o ABSOLUTE
    ../clib/angel/sys.s                      0x00000000   Number         0  indicate_semi.o ABSOLUTE
    ../clib/angel/sysapp.c                   0x00000000   Number         0  sys_io_names.o ABSOLUTE
    ../clib/angel/sysapp.c                   0x00000000   Number         0  sys_io.o ABSOLUTE
    ../clib/angel/sysapp.c                   0x00000000   Number         0  sys_io_hlt.o ABSOLUTE
    ../clib/angel/sysapp.c                   0x00000000   Number         0  sys_exit.o ABSOLUTE
    ../clib/angel/sysapp.c                   0x00000000   Number         0  sys_exit_hlt.o ABSOLUTE
    ../clib/angel/sysapp.c                   0x00000000   Number         0  sys_wrch.o ABSOLUTE
    ../clib/angel/sysapp.c                   0x00000000   Number         0  sys_command.o ABSOLUTE
    ../clib/angel/sysapp.c                   0x00000000   Number         0  sys_wrch_hlt.o ABSOLUTE
    ../clib/angel/sysapp.c                   0x00000000   Number         0  sys_command_hlt.o ABSOLUTE
    ../clib/armsys.c                         0x00000000   Number         0  argv_veneer.o ABSOLUTE
    ../clib/armsys.c                         0x00000000   Number         0  argv_veneer.o ABSOLUTE
    ../clib/armsys.c                         0x00000000   Number         0  _get_argv.o ABSOLUTE
    ../clib/armsys.c                         0x00000000   Number         0  _get_argv_nomalloc.o ABSOLUTE
    ../clib/armsys.c                         0x00000000   Number         0  no_argv.o ABSOLUTE
    ../clib/heap1.c                          0x00000000   Number         0  h1_free.o ABSOLUTE
    ../clib/heap1.c                          0x00000000   Number         0  h1_free_threads.o ABSOLUTE
    ../clib/heap1.c                          0x00000000   Number         0  h1_alloc.o ABSOLUTE
    ../clib/heap1.c                          0x00000000   Number         0  h1_alloc_threads.o ABSOLUTE
    ../clib/heap1.c                          0x00000000   Number         0  h1_init.o ABSOLUTE
    ../clib/heap1.c                          0x00000000   Number         0  h1_extend.o ABSOLUTE
    ../clib/heap1.c                          0x00000000   Number         0  h1_init_threads.o ABSOLUTE
    ../clib/heap1.c                          0x00000000   Number         0  h1_extend_threads.o ABSOLUTE
    ../clib/heap1.c                          0x00000000   Number         0  h1_final.o ABSOLUTE
    ../clib/heap1.c                          0x00000000   Number         0  h1_final_threads.o ABSOLUTE
    ../clib/heap2.c                          0x00000000   Number         0  heap2.o ABSOLUTE
    ../clib/heap2.c                          0x00000000   Number         0  heap2_threads.o ABSOLUTE
    ../clib/heap2.c                          0x00000000   Number         0  fdtree.o ABSOLUTE
    ../clib/heapalloc.c                      0x00000000   Number         0  free.o ABSOLUTE
    ../clib/heapalloc.c                      0x00000000   Number         0  hguard.o ABSOLUTE
    ../clib/heapalloc.c                      0x00000000   Number         0  init_alloc.o ABSOLUTE
    ../clib/heapalloc.c                      0x00000000   Number         0  malloc.o ABSOLUTE
    ../clib/heapalloc.c                      0x00000000   Number         0  heapstubs.o ABSOLUTE
    ../clib/heapalloc.c                      0x00000000   Number         0  hrguard.o ABSOLUTE
    ../clib/heapalloc.c                      0x00000000   Number         0  term_alloc.o ABSOLUTE
    ../clib/heapaux.c                        0x00000000   Number         0  heapauxi.o ABSOLUTE
    ../clib/heapaux.c                        0x00000000   Number         0  heapauxa.o ABSOLUTE
    ../clib/libinit.s                        0x00000000   Number         0  libinit.o ABSOLUTE
    ../clib/libinit.s                        0x00000000   Number         0  libinit2.o ABSOLUTE
    ../clib/libinit.s                        0x00000000   Number         0  libshutdown2.o ABSOLUTE
    ../clib/libinit.s                        0x00000000   Number         0  libshutdown.o ABSOLUTE
    ../clib/maybe.s                          0x00000000   Number         0  maybetermalloc1.o ABSOLUTE
    ../clib/maybe.s                          0x00000000   Number         0  maybetermalloc2.o ABSOLUTE
    ../clib/memcpset.s                       0x00000000   Number         0  rt_memcpy_v6.o ABSOLUTE
    ../clib/memcpset.s                       0x00000000   Number         0  rt_memcpy_w.o ABSOLUTE
    ../clib/memcpset.s                       0x00000000   Number         0  rt_memclr.o ABSOLUTE
    ../clib/memcpset.s                       0x00000000   Number         0  rt_memclr_w.o ABSOLUTE
    ../clib/signal.c                         0x00000000   Number         0  defsig_rtred_outer.o ABSOLUTE
    ../clib/signal.c                         0x00000000   Number         0  defsig_rtred_formal.o ABSOLUTE
    ../clib/signal.c                         0x00000000   Number         0  defsig_exit.o ABSOLUTE
    ../clib/signal.c                         0x00000000   Number         0  defsig_rtred_inner.o ABSOLUTE
    ../clib/signal.c                         0x00000000   Number         0  __raise.o ABSOLUTE
    ../clib/signal.c                         0x00000000   Number         0  defsig_general.o ABSOLUTE
    ../clib/signal.c                         0x00000000   Number         0  defsig_rtmem_outer.o ABSOLUTE
    ../clib/signal.c                         0x00000000   Number         0  defsig_rtmem_formal.o ABSOLUTE
    ../clib/signal.c                         0x00000000   Number         0  defsig_rtmem_inner.o ABSOLUTE
    ../clib/signal.c                         0x00000000   Number         0  defsig_abrt_inner.o ABSOLUTE
    ../clib/signal.c                         0x00000000   Number         0  defsig_fpe_inner.o ABSOLUTE
    ../clib/signal.c                         0x00000000   Number         0  defsig_stak_inner.o ABSOLUTE
    ../clib/signal.c                         0x00000000   Number         0  defsig_pvfn_inner.o ABSOLUTE
    ../clib/signal.c                         0x00000000   Number         0  defsig_cppl_inner.o ABSOLUTE
    ../clib/signal.c                         0x00000000   Number         0  defsig_segv_inner.o ABSOLUTE
    ../clib/signal.c                         0x00000000   Number         0  defsig_other.o ABSOLUTE
    ../clib/signal.s                         0x00000000   Number         0  defsig.o ABSOLUTE
    ../clib/stdio.c                          0x00000000   Number         0  puts.o ABSOLUTE
    ../clib/stdio.c                          0x00000000   Number         0  stdio_streams.o ABSOLUTE
    ../clib/stdio.c                          0x00000000   Number         0  initio.o ABSOLUTE
    ../clib/stdio.c                          0x00000000   Number         0  initio_locked.o ABSOLUTE
    ../clib/stdio.c                          0x00000000   Number         0  setvbuf.o ABSOLUTE
    ../clib/stdio.c                          0x00000000   Number         0  streamlock.o ABSOLUTE
    ../clib/stdio.c                          0x00000000   Number         0  fopen.o ABSOLUTE
    ../clib/stdio.c                          0x00000000   Number         0  fclose.o ABSOLUTE
    ../clib/stdio.c                          0x00000000   Number         0  setvbuf_locked.o ABSOLUTE
    ../clib/stdio.c                          0x00000000   Number         0  fopen_locked.o ABSOLUTE
    ../clib/stdio.c                          0x00000000   Number         0  fseek.o ABSOLUTE
    ../clib/stdio.c                          0x00000000   Number         0  stdio.o ABSOLUTE
    ../clib/stdio.c                          0x00000000   Number         0  ftell.o ABSOLUTE
    ../clib/stdlib.c                         0x00000000   Number         0  exit.o ABSOLUTE
    ../clib/string.c                         0x00000000   Number         0  strlen.o ABSOLUTE
    ../fplib/dcmp.s                          0x00000000   Number         0  dcmp.o ABSOLUTE
    ../fplib/dcmpi.s                         0x00000000   Number         0  dcmpi.o ABSOLUTE
    ../fplib/deqf.s                          0x00000000   Number         0  deqf.o ABSOLUTE
    ../fplib/dflt.s                          0x00000000   Number         0  dflt_clz.o ABSOLUTE
    ../fplib/dgeqf.s                         0x00000000   Number         0  dgeqf.o ABSOLUTE
    ../fplib/dleqf.s                         0x00000000   Number         0  dleqf.o ABSOLUTE
    ../fplib/dmul.s                          0x00000000   Number         0  dmul.o ABSOLUTE
    ../fplib/dnaninf.s                       0x00000000   Number         0  dnaninf.o ABSOLUTE
    ../fplib/dretinf.s                       0x00000000   Number         0  dretinf.o ABSOLUTE
    ../fplib/fpinit.s                        0x00000000   Number         0  fpinit.o ABSOLUTE
    ../fplib/fpinit_empty.s                  0x00000000   Number         0  fpinit_empty.o ABSOLUTE
    ../fplib/usenofp.s                       0x00000000   Number         0  usenofp.o ABSOLUTE
    GPIO.c                                   0x00000000   Number         0  gpio.o ABSOLUTE
    RTE/Device/STM32F103C8/startup_stm32f10x_md.s 0x00000000   Number         0  startup_stm32f10x_md.o ABSOLUTE
    SPI.c                                    0x00000000   Number         0  spi.o ABSOLUTE
    dc.s                                     0x00000000   Number         0  dc.o ABSOLUTE
    delay.c                                  0x00000000   Number         0  delay.o ABSOLUTE
    diskio.c                                 0x00000000   Number         0  diskio.o ABSOLUTE
    fatfs.c                                  0x00000000   Number         0  fatfs.o ABSOLUTE
    fatfs_sd.c                               0x00000000   Number         0  fatfs_sd.o ABSOLUTE
    ff.c                                     0x00000000   Number         0  ff.o ABSOLUTE
    ff_gen_drv.c                             0x00000000   Number         0  ff_gen_drv.o ABSOLUTE
    main.c                                   0x00000000   Number         0  main.o ABSOLUTE
    misc.c                                   0x00000000   Number         0  misc.o ABSOLUTE
    stm32f10x_gpio.c                         0x00000000   Number         0  stm32f10x_gpio.o ABSOLUTE
    stm32f10x_rcc.c                          0x00000000   Number         0  stm32f10x_rcc.o ABSOLUTE
    stm32f10x_spi.c                          0x00000000   Number         0  stm32f10x_spi.o ABSOLUTE
    stm32f10x_tim.c                          0x00000000   Number         0  stm32f10x_tim.o ABSOLUTE
    stm32f10x_usart.c                        0x00000000   Number         0  stm32f10x_usart.o ABSOLUTE
    syscall.c                                0x00000000   Number         0  syscall.o ABSOLUTE
    system_stm32f10x.c                       0x00000000   Number         0  system_stm32f10x.o ABSOLUTE
    unicode.c                                0x00000000   Number         0  unicode.o ABSOLUTE
    user_diskio.c                            0x00000000   Number         0  user_diskio.o ABSOLUTE
    RESET                                    0x08000000   Section      236  startup_stm32f10x_md.o(RESET)
    !!!main                                  0x080000ec   Section        8  __main.o(!!!main)
    !!!scatter                               0x080000f4   Section       92  __scatter.o(!!!scatter)
    !!handler_copy                           0x08000150   Section       26  __scatter_copy.o(!!handler_copy)
    !!handler_null                           0x0800016c   Section        2  __scatter.o(!!handler_null)
    !!handler_zi                             0x08000170   Section       28  __scatter_zi.o(!!handler_zi)
    .ARM.Collect$$libinit$$00000000          0x0800018c   Section        2  libinit.o(.ARM.Collect$$libinit$$00000000)
    .ARM.Collect$$libinit$$00000002          0x0800018e   Section        0  libinit2.o(.ARM.Collect$$libinit$$00000002)
    .ARM.Collect$$libinit$$00000004          0x0800018e   Section        0  libinit2.o(.ARM.Collect$$libinit$$00000004)
    .ARM.Collect$$libinit$$00000006          0x0800018e   Section        0  libinit2.o(.ARM.Collect$$libinit$$00000006)
    .ARM.Collect$$libinit$$00000007          0x0800018e   Section        8  libinit2.o(.ARM.Collect$$libinit$$00000007)
    .ARM.Collect$$libinit$$0000000C          0x08000196   Section        0  libinit2.o(.ARM.Collect$$libinit$$0000000C)
    .ARM.Collect$$libinit$$0000000E          0x08000196   Section        0  libinit2.o(.ARM.Collect$$libinit$$0000000E)
    .ARM.Collect$$libinit$$00000010          0x08000196   Section        0  libinit2.o(.ARM.Collect$$libinit$$00000010)
    .ARM.Collect$$libinit$$00000013          0x08000196   Section        0  libinit2.o(.ARM.Collect$$libinit$$00000013)
    .ARM.Collect$$libinit$$00000015          0x08000196   Section        0  libinit2.o(.ARM.Collect$$libinit$$00000015)
    .ARM.Collect$$libinit$$00000017          0x08000196   Section        0  libinit2.o(.ARM.Collect$$libinit$$00000017)
    .ARM.Collect$$libinit$$00000019          0x08000196   Section        0  libinit2.o(.ARM.Collect$$libinit$$00000019)
    .ARM.Collect$$libinit$$0000001B          0x08000196   Section        0  libinit2.o(.ARM.Collect$$libinit$$0000001B)
    .ARM.Collect$$libinit$$0000001D          0x08000196   Section        0  libinit2.o(.ARM.Collect$$libinit$$0000001D)
    .ARM.Collect$$libinit$$0000001F          0x08000196   Section        0  libinit2.o(.ARM.Collect$$libinit$$0000001F)
    .ARM.Collect$$libinit$$00000021          0x08000196   Section        0  libinit2.o(.ARM.Collect$$libinit$$00000021)
    .ARM.Collect$$libinit$$00000023          0x08000196   Section        0  libinit2.o(.ARM.Collect$$libinit$$00000023)
    .ARM.Collect$$libinit$$00000025          0x08000196   Section        0  libinit2.o(.ARM.Collect$$libinit$$00000025)
    .ARM.Collect$$libinit$$00000026          0x08000196   Section        4  libinit2.o(.ARM.Collect$$libinit$$00000026)
    .ARM.Collect$$libinit$$00000027          0x0800019a   Section        0  libinit2.o(.ARM.Collect$$libinit$$00000027)
    .ARM.Collect$$libinit$$0000002E          0x0800019a   Section        0  libinit2.o(.ARM.Collect$$libinit$$0000002E)
    .ARM.Collect$$libinit$$00000030          0x0800019a   Section        0  libinit2.o(.ARM.Collect$$libinit$$00000030)
    .ARM.Collect$$libinit$$00000032          0x0800019a   Section        0  libinit2.o(.ARM.Collect$$libinit$$00000032)
    .ARM.Collect$$libinit$$00000034          0x0800019a   Section        0  libinit2.o(.ARM.Collect$$libinit$$00000034)
    .ARM.Collect$$libinit$$00000035          0x0800019a   Section        2  libinit2.o(.ARM.Collect$$libinit$$00000035)
    .ARM.Collect$$libshutdown$$00000000      0x0800019c   Section        2  libshutdown.o(.ARM.Collect$$libshutdown$$00000000)
    .ARM.Collect$$libshutdown$$00000002      0x0800019e   Section        0  libshutdown2.o(.ARM.Collect$$libshutdown$$00000002)
    .ARM.Collect$$libshutdown$$00000003      0x0800019e   Section        4  libshutdown2.o(.ARM.Collect$$libshutdown$$00000003)
    .ARM.Collect$$libshutdown$$00000004      0x080001a2   Section        0  libshutdown2.o(.ARM.Collect$$libshutdown$$00000004)
    .ARM.Collect$$libshutdown$$00000007      0x080001a2   Section        0  libshutdown2.o(.ARM.Collect$$libshutdown$$00000007)
    .ARM.Collect$$libshutdown$$0000000A      0x080001a2   Section        0  libshutdown2.o(.ARM.Collect$$libshutdown$$0000000A)
    .ARM.Collect$$libshutdown$$0000000C      0x080001a2   Section        0  libshutdown2.o(.ARM.Collect$$libshutdown$$0000000C)
    .ARM.Collect$$libshutdown$$0000000F      0x080001a2   Section        0  libshutdown2.o(.ARM.Collect$$libshutdown$$0000000F)
    .ARM.Collect$$libshutdown$$00000010      0x080001a2   Section        2  libshutdown2.o(.ARM.Collect$$libshutdown$$00000010)
    .ARM.Collect$$rtentry$$00000000          0x080001a4   Section        0  __rtentry.o(.ARM.Collect$$rtentry$$00000000)
    .ARM.Collect$$rtentry$$00000002          0x080001a4   Section        0  __rtentry2.o(.ARM.Collect$$rtentry$$00000002)
    .ARM.Collect$$rtentry$$00000004          0x080001a4   Section        6  __rtentry4.o(.ARM.Collect$$rtentry$$00000004)
    .ARM.Collect$$rtentry$$00000009          0x080001aa   Section        0  __rtentry2.o(.ARM.Collect$$rtentry$$00000009)
    .ARM.Collect$$rtentry$$0000000A          0x080001aa   Section        4  __rtentry2.o(.ARM.Collect$$rtentry$$0000000A)
    .ARM.Collect$$rtentry$$0000000C          0x080001ae   Section        0  __rtentry2.o(.ARM.Collect$$rtentry$$0000000C)
    .ARM.Collect$$rtentry$$0000000D          0x080001ae   Section        8  __rtentry2.o(.ARM.Collect$$rtentry$$0000000D)
    .ARM.Collect$$rtexit$$00000000           0x080001b6   Section        2  rtexit.o(.ARM.Collect$$rtexit$$00000000)
    .ARM.Collect$$rtexit$$00000002           0x080001b8   Section        0  rtexit2.o(.ARM.Collect$$rtexit$$00000002)
    .ARM.Collect$$rtexit$$00000003           0x080001b8   Section        4  rtexit2.o(.ARM.Collect$$rtexit$$00000003)
    .ARM.Collect$$rtexit$$00000004           0x080001bc   Section        6  rtexit2.o(.ARM.Collect$$rtexit$$00000004)
    .text                                    0x080001c4   Section       64  startup_stm32f10x_md.o(.text)
    .text                                    0x08000204   Section        0  puts.o(.text)
    .text                                    0x08000230   Section       68  rt_memclr.o(.text)
    .text                                    0x08000274   Section        0  heapauxi.o(.text)
    .text                                    0x0800027a   Section       78  rt_memclr_w.o(.text)
    .text                                    0x080002c8   Section        0  initio.o(.text)
    .text                                    0x08000400   Section       74  sys_stackheap_outer.o(.text)
    .text                                    0x0800044a   Section        0  h1_free.o(.text)
    .text                                    0x08000498   Section        0  setvbuf.o(.text)
    _freopen_locked                          0x080004e1   Thumb Code     0  fopen.o(.text)
    .text                                    0x080004e0   Section        0  fopen.o(.text)
    .text                                    0x080005d0   Section        0  fclose.o(.text)
    .text                                    0x0800061c   Section        0  exit.o(.text)
    .text                                    0x0800062e   Section        0  defsig_rtred_outer.o(.text)
    .text                                    0x0800063c   Section        0  sys_io.o(.text)
    .text                                    0x080006a4   Section        8  libspace.o(.text)
    .text                                    0x080006ac   Section        8  rt_heap_descriptor_intlibspace.o(.text)
    .text                                    0x080006b4   Section        0  hguard.o(.text)
    .text                                    0x080006b8   Section        0  init_alloc.o(.text)
    .text                                    0x08000742   Section        0  h1_alloc.o(.text)
    .text                                    0x080007a0   Section        0  fseek.o(.text)
    .text                                    0x08000898   Section        0  stdio.o(.text)
    .text                                    0x080009a0   Section        0  defsig_exit.o(.text)
    .text                                    0x080009ac   Section        0  defsig_rtred_inner.o(.text)
    .text                                    0x080009e0   Section        0  sys_exit.o(.text)
    .text                                    0x080009ec   Section        2  use_no_semi.o(.text)
    .text                                    0x080009ee   Section        0  indicate_semi.o(.text)
    .text                                    0x080009ee   Section        0  maybetermalloc1.o(.text)
    .text                                    0x080009ee   Section        0  h1_init.o(.text)
    .text                                    0x080009fa   Section        0  h1_extend.o(.text)
    .text                                    0x08000a2e   Section        0  ftell.o(.text)
    .text                                    0x08000a70   Section        0  defsig_general.o(.text)
    .text                                    0x08000aa2   Section        0  defsig_rtmem_outer.o(.text)
    .text                                    0x08000ab0   Section        0  strlen.o(.text)
    .text                                    0x08000aee   Section        0  sys_wrch.o(.text)
    .text                                    0x08000afc   Section        8  rt_errno_addr_intlibspace.o(.text)
    .text                                    0x08000b04   Section        0  defsig_rtmem_inner.o(.text)
    [Anonymous Symbol]                       0x08000b54   Section        0  fatfs.o(.text.FATFS_Init)
    [Anonymous Symbol]                       0x08000b78   Section        0  ff_gen_drv.o(.text.FATFS_LinkDriver)
    [Anonymous Symbol]                       0x08000bc4   Section        0  gpio.o(.text.GPIO_Config)
    [Anonymous Symbol]                       0x08000c6c   Section        0  stm32f10x_gpio.o(.text.GPIO_Init)
    [Anonymous Symbol]                       0x08000d2c   Section        0  stm32f10x_gpio.o(.text.GPIO_SetBits)
    [Anonymous Symbol]                       0x08000d30   Section        0  stm32f10x_gpio.o(.text.GPIO_WriteBit)
    [Anonymous Symbol]                       0x08000d3c   Section        0  stm32f10x_rcc.o(.text.RCC_APB1PeriphClockCmd)
    [Anonymous Symbol]                       0x08000d54   Section        0  stm32f10x_rcc.o(.text.RCC_APB2PeriphClockCmd)
    [Anonymous Symbol]                       0x08000d6c   Section        0  stm32f10x_rcc.o(.text.RCC_GetClocksFreq)
    SD_PowerOn                               0x08000df9   Thumb Code   256  fatfs_sd.o(.text.SD_PowerOn)
    [Anonymous Symbol]                       0x08000df8   Section        0  fatfs_sd.o(.text.SD_PowerOn)
    SD_ReadyWait                             0x08000ef9   Thumb Code    84  fatfs_sd.o(.text.SD_ReadyWait)
    [Anonymous Symbol]                       0x08000ef8   Section        0  fatfs_sd.o(.text.SD_ReadyWait)
    SD_RxDataBlock                           0x08000f4d   Thumb Code   226  fatfs_sd.o(.text.SD_RxDataBlock)
    [Anonymous Symbol]                       0x08000f4c   Section        0  fatfs_sd.o(.text.SD_RxDataBlock)
    SD_SendCmd                               0x08001031   Thumb Code   342  fatfs_sd.o(.text.SD_SendCmd)
    [Anonymous Symbol]                       0x08001030   Section        0  fatfs_sd.o(.text.SD_SendCmd)
    SD_TxDataBlock                           0x08001189   Thumb Code   358  fatfs_sd.o(.text.SD_TxDataBlock)
    [Anonymous Symbol]                       0x08001188   Section        0  fatfs_sd.o(.text.SD_TxDataBlock)
    [Anonymous Symbol]                       0x080012f0   Section        0  fatfs_sd.o(.text.SD_disk_initialize)
    [Anonymous Symbol]                       0x080014d4   Section        0  fatfs_sd.o(.text.SD_disk_ioctl)
    [Anonymous Symbol]                       0x080016a0   Section        0  fatfs_sd.o(.text.SD_disk_read)
    [Anonymous Symbol]                       0x08001794   Section        0  fatfs_sd.o(.text.SD_disk_status)
    [Anonymous Symbol]                       0x080017a8   Section        0  fatfs_sd.o(.text.SD_disk_write)
    [Anonymous Symbol]                       0x080018c0   Section        0  stm32f10x_spi.o(.text.SPI_Cmd)
    [Anonymous Symbol]                       0x080018d4   Section        0  spi.o(.text.SPI_Config)
    [Anonymous Symbol]                       0x08001924   Section        0  stm32f10x_spi.o(.text.SPI_I2S_GetFlagStatus)
    [Anonymous Symbol]                       0x08001930   Section        0  stm32f10x_spi.o(.text.SPI_I2S_ReceiveData)
    [Anonymous Symbol]                       0x08001934   Section        0  stm32f10x_spi.o(.text.SPI_I2S_SendData)
    [Anonymous Symbol]                       0x08001938   Section        0  stm32f10x_spi.o(.text.SPI_Init)
    [Anonymous Symbol]                       0x08001980   Section        0  system_stm32f10x.o(.text.SystemInit)
    [Anonymous Symbol]                       0x08001a90   Section        0  delay.o(.text.TIMER_Config)
    [Anonymous Symbol]                       0x08001ac8   Section        0  stm32f10x_tim.o(.text.TIM_Cmd)
    [Anonymous Symbol]                       0x08001adc   Section        0  stm32f10x_tim.o(.text.TIM_GetCounter)
    [Anonymous Symbol]                       0x08001ae0   Section        0  stm32f10x_tim.o(.text.TIM_SetCounter)
    [Anonymous Symbol]                       0x08001ae4   Section        0  stm32f10x_tim.o(.text.TIM_TimeBaseInit)
    [Anonymous Symbol]                       0x08001b90   Section        0  stm32f10x_usart.o(.text.USART_Cmd)
    [Anonymous Symbol]                       0x08001ba4   Section        0  stm32f10x_usart.o(.text.USART_GetFlagStatus)
    [Anonymous Symbol]                       0x08001bb0   Section        0  stm32f10x_usart.o(.text.USART_Init)
    [Anonymous Symbol]                       0x08001c68   Section        0  stm32f10x_usart.o(.text.USART_SendData)
    [Anonymous Symbol]                       0x08001c70   Section        0  user_diskio.o(.text.USER_initialize)
    [Anonymous Symbol]                       0x08001c74   Section        0  user_diskio.o(.text.USER_ioctl)
    [Anonymous Symbol]                       0x08001c78   Section        0  user_diskio.o(.text.USER_read)
    [Anonymous Symbol]                       0x08001c7c   Section        0  user_diskio.o(.text.USER_status)
    [Anonymous Symbol]                       0x08001c80   Section        0  user_diskio.o(.text.USER_write)
    check_fs                                 0x08001c85   Thumb Code   114  ff.o(.text.check_fs)
    [Anonymous Symbol]                       0x08001c84   Section        0  ff.o(.text.check_fs)
    create_chain                             0x08001cf9   Thumb Code   222  ff.o(.text.create_chain)
    [Anonymous Symbol]                       0x08001cf8   Section        0  ff.o(.text.create_chain)
    [Anonymous Symbol]                       0x08001dd8   Section        0  delay.o(.text.delay_ms)
    dir_find                                 0x08001dfd   Thumb Code   404  ff.o(.text.dir_find)
    [Anonymous Symbol]                       0x08001dfc   Section        0  ff.o(.text.dir_find)
    dir_next                                 0x08001f91   Thumb Code   376  ff.o(.text.dir_next)
    [Anonymous Symbol]                       0x08001f90   Section        0  ff.o(.text.dir_next)
    dir_register                             0x08002109   Thumb Code   720  ff.o(.text.dir_register)
    [Anonymous Symbol]                       0x08002108   Section        0  ff.o(.text.dir_register)
    dir_sdi                                  0x080023d9   Thumb Code   200  ff.o(.text.dir_sdi)
    [Anonymous Symbol]                       0x080023d8   Section        0  ff.o(.text.dir_sdi)
    [Anonymous Symbol]                       0x080024a0   Section        0  diskio.o(.text.disk_initialize)
    [Anonymous Symbol]                       0x080024c4   Section        0  diskio.o(.text.disk_ioctl)
    [Anonymous Symbol]                       0x080024dc   Section        0  diskio.o(.text.disk_read)
    [Anonymous Symbol]                       0x080024fc   Section        0  diskio.o(.text.disk_status)
    [Anonymous Symbol]                       0x08002514   Section        0  diskio.o(.text.disk_write)
    [Anonymous Symbol]                       0x08002534   Section        0  ff.o(.text.f_close)
    [Anonymous Symbol]                       0x080025b4   Section        0  ff.o(.text.f_mount)
    [Anonymous Symbol]                       0x08002664   Section        0  ff.o(.text.f_open)
    [Anonymous Symbol]                       0x080029d4   Section        0  ff.o(.text.f_read)
    [Anonymous Symbol]                       0x08002c14   Section        0  ff.o(.text.f_sync)
    [Anonymous Symbol]                       0x08002cd0   Section        0  unicode.o(.text.ff_convert)
    [Anonymous Symbol]                       0x08002d1c   Section        0  unicode.o(.text.ff_wtoupper)
    find_volume                              0x08002d49   Thumb Code   836  ff.o(.text.find_volume)
    [Anonymous Symbol]                       0x08002d48   Section        0  ff.o(.text.find_volume)
    follow_path                              0x0800308d   Thumb Code   772  ff.o(.text.follow_path)
    [Anonymous Symbol]                       0x0800308c   Section        0  ff.o(.text.follow_path)
    [Anonymous Symbol]                       0x08003390   Section        0  main.o(.text.fputc)
    [Anonymous Symbol]                       0x080033c0   Section        0  ff.o(.text.get_fat)
    [Anonymous Symbol]                       0x080034b4   Section        0  fatfs.o(.text.get_fattime)
    [Anonymous Symbol]                       0x080034b8   Section        0  main.o(.text.main)
    move_window                              0x080035c1   Thumb Code   150  ff.o(.text.move_window)
    [Anonymous Symbol]                       0x080035c0   Section        0  ff.o(.text.move_window)
    [Anonymous Symbol]                       0x08003658   Section        0  ff.o(.text.put_fat)
    sync_fs                                  0x08003781   Thumb Code   208  ff.o(.text.sync_fs)
    [Anonymous Symbol]                       0x08003780   Section        0  ff.o(.text.sync_fs)
    sync_window                              0x08003851   Thumb Code    92  ff.o(.text.sync_window)
    [Anonymous Symbol]                       0x08003850   Section        0  ff.o(.text.sync_window)
    .constdata                               0x080038ac   Section        4  sys_io_names.o(.constdata)
    .constdata                               0x080038b0   Section        4  sys_io_names.o(.constdata)
    .constdata                               0x080038b4   Section        4  sys_io_names.o(.constdata)
    ADCPrescTable                            0x080038b8   Data           4  stm32f10x_rcc.o(.rodata.ADCPrescTable)
    [Anonymous Symbol]                       0x080038b8   Section        0  stm32f10x_rcc.o(.rodata.ADCPrescTable)
    APBAHBPrescTable                         0x080038bc   Data          16  stm32f10x_rcc.o(.rodata.APBAHBPrescTable)
    [Anonymous Symbol]                       0x080038bc   Section        0  stm32f10x_rcc.o(.rodata.APBAHBPrescTable)
    ExCvt                                    0x080038cc   Data         128  ff.o(.rodata.ExCvt)
    [Anonymous Symbol]                       0x080038cc   Section        0  ff.o(.rodata.ExCvt)
    LfnOfs                                   0x0800394c   Data          13  ff.o(.rodata.LfnOfs)
    [Anonymous Symbol]                       0x0800394c   Section        0  ff.o(.rodata.LfnOfs)
    Tbl                                      0x0800395a   Data         256  unicode.o(.rodata.Tbl)
    [Anonymous Symbol]                       0x0800395a   Section        0  unicode.o(.rodata.Tbl)
    .L.str                                   0x08003a5a   Data          12  ff.o(.rodata.str1.1)
    [Anonymous Symbol]                       0x08003a5a   Section        0  ff.o(.rodata.str1.1)
    .L.str.1                                 0x08003a66   Data          20  ff.o(.rodata.str1.1)
    .L.str.2                                 0x08003a7a   Data          20  ff.o(.rodata.str1.1)
    .L.str.4                                 0x08003a8e   Data           7  ff.o(.rodata.str1.1)
    .L.str.3                                 0x08003a95   Data           9  ff.o(.rodata.str1.1)
    .L.str                                   0x08003a9d   Data           1  ff.o(.rodata.str1.1)
    ff_wtoupper.tbl_upper                    0x08003a9e   Data         480  unicode.o(.rodata.str2.2)
    [Anonymous Symbol]                       0x08003a9e   Section        0  unicode.o(.rodata.str2.2)
    ff_wtoupper.tbl_lower                    0x08003c7e   Data         480  unicode.o(.rodata.str2.2)
    .data                                    0x20000000   Section        4  stdio_streams.o(.data)
    .data                                    0x20000004   Section        4  stdio_streams.o(.data)
    .data                                    0x20000008   Section        4  stdio_streams.o(.data)
    Stat                                     0x2000000c   Data           1  fatfs_sd.o(.data.Stat)
    [Anonymous Symbol]                       0x2000000c   Section        0  fatfs_sd.o(.data.Stat)
    .bss                                     0x20000028   Section       84  stdio_streams.o(.bss)
    .bss                                     0x2000007c   Section       84  stdio_streams.o(.bss)
    .bss                                     0x200000d0   Section       84  stdio_streams.o(.bss)
    .bss                                     0x20000124   Section       96  libspace.o(.bss)
    CardType                                 0x20000184   Data           1  fatfs_sd.o(.bss.CardType)
    [Anonymous Symbol]                       0x20000184   Section        0  fatfs_sd.o(.bss.CardType)
    FatFs                                    0x200011b8   Data           4  ff.o(.bss.FatFs)
    [Anonymous Symbol]                       0x200011b8   Section        0  ff.o(.bss.FatFs)
    Files                                    0x200011bc   Data          24  ff.o(.bss.Files)
    [Anonymous Symbol]                       0x200011bc   Section        0  ff.o(.bss.Files)
    Fsid                                     0x200011d4   Data           2  ff.o(.bss.Fsid)
    [Anonymous Symbol]                       0x200011d4   Section        0  ff.o(.bss.Fsid)
    LfnBuf                                   0x200011d6   Data         512  ff.o(.bss.LfnBuf)
    [Anonymous Symbol]                       0x200011d6   Section        0  ff.o(.bss.LfnBuf)
    PowerFlag                                0x200013d6   Data           1  fatfs_sd.o(.bss.PowerFlag)
    [Anonymous Symbol]                       0x200013d6   Section        0  fatfs_sd.o(.bss.PowerFlag)
    Heap_Mem                                 0x20002458   Data         512  startup_stm32f10x_md.o(HEAP)
    HEAP                                     0x20002458   Section      512  startup_stm32f10x_md.o(HEAP)
    Stack_Mem                                0x20002658   Data        1024  startup_stm32f10x_md.o(STACK)
    STACK                                    0x20002658   Section     1024  startup_stm32f10x_md.o(STACK)
    __initial_sp                             0x20002a58   Data           0  startup_stm32f10x_md.o(STACK)

    Global Symbols

    Symbol Name                              Value     Ov Type        Size  Object(Section)

    BuildAttributes$$THM_ISAv4$P$D$K$B$S$PE$A:L22UL41UL21$X:L11$S22US41US21$IEEE1$IW$~IW$USESV6$~STKCKD$USESV7$~SHL$OTIME$ROPI$EBA8$UX$STANDARDLIB$REQ8$PRES8$EABIv2 0x00000000   Number         0  anon$$obj.o ABSOLUTE
    __fp_init_empty                          0x00000000   Number         0  fpinit_empty.o ABSOLUTE
    __ARM_exceptions_init                     - Undefined Weak Reference
    __alloca_initialize                       - Undefined Weak Reference
    __arm_preinit_                            - Undefined Weak Reference
    __arm_relocate_pie_                       - Undefined Weak Reference
    __cpp_initialize__aeabi_                  - Undefined Weak Reference
    __cxa_finalize                            - Undefined Weak Reference
    __rt_locale                               - Undefined Weak Reference
    __sigvec_lookup                           - Undefined Weak Reference
    __user_heap_extent                        - Undefined Weak Reference
    _atexit_init                              - Undefined Weak Reference
    _call_atexit_fns                          - Undefined Weak Reference
    _clock_init                               - Undefined Weak Reference
    _fp_trap_init                             - Undefined Weak Reference
    _fp_trap_shutdown                         - Undefined Weak Reference
    _get_lc_collate                           - Undefined Weak Reference
    _get_lc_ctype                             - Undefined Weak Reference
    _get_lc_monetary                          - Undefined Weak Reference
    _get_lc_numeric                           - Undefined Weak Reference
    _get_lc_time                              - Undefined Weak Reference
    _getenv_init                              - Undefined Weak Reference
    _handle_redirection                       - Undefined Weak Reference
    _mutex_acquire                            - Undefined Weak Reference
    _mutex_free                               - Undefined Weak Reference
    _mutex_release                            - Undefined Weak Reference
    _rand_init                                - Undefined Weak Reference
    _signal_finish                            - Undefined Weak Reference
    _signal_init                              - Undefined Weak Reference
    __Vectors_Size                           0x000000ec   Number         0  startup_stm32f10x_md.o ABSOLUTE
    __Vectors                                0x08000000   Data           4  startup_stm32f10x_md.o(RESET)
    __Vectors_End                            0x080000ec   Data           0  startup_stm32f10x_md.o(RESET)
    __main                                   0x080000ed   Thumb Code     8  __main.o(!!!main)
    __scatterload                            0x080000f5   Thumb Code     0  __scatter.o(!!!scatter)
    __scatterload_rt2                        0x080000f5   Thumb Code    84  __scatter.o(!!!scatter)
    __scatterload_rt2_thumb_only             0x080000f5   Thumb Code     0  __scatter.o(!!!scatter)
    __scatterload_loop                       0x080000ff   Thumb Code     0  __scatter.o(!!!scatter)
    __scatterload_copy                       0x08000151   Thumb Code    26  __scatter_copy.o(!!handler_copy)
    __scatterload_null                       0x0800016d   Thumb Code     2  __scatter.o(!!handler_null)
    __scatterload_zeroinit                   0x08000171   Thumb Code    28  __scatter_zi.o(!!handler_zi)
    __rt_lib_init                            0x0800018d   Thumb Code     0  libinit.o(.ARM.Collect$$libinit$$00000000)
    __rt_lib_init_fp_1                       0x0800018f   Thumb Code     0  libinit2.o(.ARM.Collect$$libinit$$00000002)
    __rt_lib_init_heap_2                     0x0800018f   Thumb Code     0  libinit2.o(.ARM.Collect$$libinit$$00000007)
    __rt_lib_init_preinit_1                  0x0800018f   Thumb Code     0  libinit2.o(.ARM.Collect$$libinit$$00000006)
    __rt_lib_init_relocate_pie_1             0x0800018f   Thumb Code     0  libinit2.o(.ARM.Collect$$libinit$$00000004)
    __rt_lib_init_atexit_1                   0x08000197   Thumb Code     0  libinit2.o(.ARM.Collect$$libinit$$0000001D)
    __rt_lib_init_clock_1                    0x08000197   Thumb Code     0  libinit2.o(.ARM.Collect$$libinit$$00000023)
    __rt_lib_init_fp_trap_1                  0x08000197   Thumb Code     0  libinit2.o(.ARM.Collect$$libinit$$00000021)
    __rt_lib_init_getenv_1                   0x08000197   Thumb Code     0  libinit2.o(.ARM.Collect$$libinit$$00000025)
    __rt_lib_init_heap_1                     0x08000197   Thumb Code     0  libinit2.o(.ARM.Collect$$libinit$$0000000C)
    __rt_lib_init_lc_collate_1               0x08000197   Thumb Code     0  libinit2.o(.ARM.Collect$$libinit$$00000013)
    __rt_lib_init_lc_ctype_1                 0x08000197   Thumb Code     0  libinit2.o(.ARM.Collect$$libinit$$00000015)
    __rt_lib_init_lc_monetary_1              0x08000197   Thumb Code     0  libinit2.o(.ARM.Collect$$libinit$$00000017)
    __rt_lib_init_lc_numeric_1               0x08000197   Thumb Code     0  libinit2.o(.ARM.Collect$$libinit$$00000019)
    __rt_lib_init_lc_time_1                  0x08000197   Thumb Code     0  libinit2.o(.ARM.Collect$$libinit$$0000001B)
    __rt_lib_init_rand_1                     0x08000197   Thumb Code     0  libinit2.o(.ARM.Collect$$libinit$$00000010)
    __rt_lib_init_signal_1                   0x08000197   Thumb Code     0  libinit2.o(.ARM.Collect$$libinit$$0000001F)
    __rt_lib_init_stdio_2                    0x08000197   Thumb Code     0  libinit2.o(.ARM.Collect$$libinit$$00000026)
    __rt_lib_init_user_alloc_1               0x08000197   Thumb Code     0  libinit2.o(.ARM.Collect$$libinit$$0000000E)
    __rt_lib_init_alloca_1                   0x0800019b   Thumb Code     0  libinit2.o(.ARM.Collect$$libinit$$00000030)
    __rt_lib_init_argv_1                     0x0800019b   Thumb Code     0  libinit2.o(.ARM.Collect$$libinit$$0000002E)
    __rt_lib_init_cpp_1                      0x0800019b   Thumb Code     0  libinit2.o(.ARM.Collect$$libinit$$00000034)
    __rt_lib_init_exceptions_1               0x0800019b   Thumb Code     0  libinit2.o(.ARM.Collect$$libinit$$00000032)
    __rt_lib_init_return                     0x0800019b   Thumb Code     0  libinit2.o(.ARM.Collect$$libinit$$00000035)
    __rt_lib_init_stdio_1                    0x0800019b   Thumb Code     0  libinit2.o(.ARM.Collect$$libinit$$00000027)
    __rt_lib_shutdown                        0x0800019d   Thumb Code     0  libshutdown.o(.ARM.Collect$$libshutdown$$00000000)
    __rt_lib_shutdown_cpp_1                  0x0800019f   Thumb Code     0  libshutdown2.o(.ARM.Collect$$libshutdown$$00000002)
    __rt_lib_shutdown_stdio_2                0x0800019f   Thumb Code     0  libshutdown2.o(.ARM.Collect$$libshutdown$$00000003)
    __rt_lib_shutdown_fp_trap_1              0x080001a3   Thumb Code     0  libshutdown2.o(.ARM.Collect$$libshutdown$$00000007)
    __rt_lib_shutdown_heap_1                 0x080001a3   Thumb Code     0  libshutdown2.o(.ARM.Collect$$libshutdown$$0000000F)
    __rt_lib_shutdown_return                 0x080001a3   Thumb Code     0  libshutdown2.o(.ARM.Collect$$libshutdown$$00000010)
    __rt_lib_shutdown_signal_1               0x080001a3   Thumb Code     0  libshutdown2.o(.ARM.Collect$$libshutdown$$0000000A)
    __rt_lib_shutdown_stdio_1                0x080001a3   Thumb Code     0  libshutdown2.o(.ARM.Collect$$libshutdown$$00000004)
    __rt_lib_shutdown_user_alloc_1           0x080001a3   Thumb Code     0  libshutdown2.o(.ARM.Collect$$libshutdown$$0000000C)
    __rt_entry                               0x080001a5   Thumb Code     0  __rtentry.o(.ARM.Collect$$rtentry$$00000000)
    __rt_entry_presh_1                       0x080001a5   Thumb Code     0  __rtentry2.o(.ARM.Collect$$rtentry$$00000002)
    __rt_entry_sh                            0x080001a5   Thumb Code     0  __rtentry4.o(.ARM.Collect$$rtentry$$00000004)
    __rt_entry_li                            0x080001ab   Thumb Code     0  __rtentry2.o(.ARM.Collect$$rtentry$$0000000A)
    __rt_entry_postsh_1                      0x080001ab   Thumb Code     0  __rtentry2.o(.ARM.Collect$$rtentry$$00000009)
    __rt_entry_main                          0x080001af   Thumb Code     0  __rtentry2.o(.ARM.Collect$$rtentry$$0000000D)
    __rt_entry_postli_1                      0x080001af   Thumb Code     0  __rtentry2.o(.ARM.Collect$$rtentry$$0000000C)
    __rt_exit                                0x080001b7   Thumb Code     0  rtexit.o(.ARM.Collect$$rtexit$$00000000)
    __rt_exit_ls                             0x080001b9   Thumb Code     0  rtexit2.o(.ARM.Collect$$rtexit$$00000003)
    __rt_exit_prels_1                        0x080001b9   Thumb Code     0  rtexit2.o(.ARM.Collect$$rtexit$$00000002)
    __rt_exit_exit                           0x080001bd   Thumb Code     0  rtexit2.o(.ARM.Collect$$rtexit$$00000004)
    Reset_Handler                            0x080001c5   Thumb Code     8  startup_stm32f10x_md.o(.text)
    NMI_Handler                              0x080001cd   Thumb Code     2  startup_stm32f10x_md.o(.text)
    HardFault_Handler                        0x080001cf   Thumb Code     2  startup_stm32f10x_md.o(.text)
    MemManage_Handler                        0x080001d1   Thumb Code     2  startup_stm32f10x_md.o(.text)
    BusFault_Handler                         0x080001d3   Thumb Code     2  startup_stm32f10x_md.o(.text)
    UsageFault_Handler                       0x080001d5   Thumb Code     2  startup_stm32f10x_md.o(.text)
    SVC_Handler                              0x080001d7   Thumb Code     2  startup_stm32f10x_md.o(.text)
    DebugMon_Handler                         0x080001d9   Thumb Code     2  startup_stm32f10x_md.o(.text)
    PendSV_Handler                           0x080001db   Thumb Code     2  startup_stm32f10x_md.o(.text)
    SysTick_Handler                          0x080001dd   Thumb Code     2  startup_stm32f10x_md.o(.text)
    ADC1_2_IRQHandler                        0x080001df   Thumb Code     0  startup_stm32f10x_md.o(.text)
    CAN1_RX1_IRQHandler                      0x080001df   Thumb Code     0  startup_stm32f10x_md.o(.text)
    CAN1_SCE_IRQHandler                      0x080001df   Thumb Code     0  startup_stm32f10x_md.o(.text)
    DMA1_Channel1_IRQHandler                 0x080001df   Thumb Code     0  startup_stm32f10x_md.o(.text)
    DMA1_Channel2_IRQHandler                 0x080001df   Thumb Code     0  startup_stm32f10x_md.o(.text)
    DMA1_Channel3_IRQHandler                 0x080001df   Thumb Code     0  startup_stm32f10x_md.o(.text)
    DMA1_Channel4_IRQHandler                 0x080001df   Thumb Code     0  startup_stm32f10x_md.o(.text)
    DMA1_Channel5_IRQHandler                 0x080001df   Thumb Code     0  startup_stm32f10x_md.o(.text)
    DMA1_Channel6_IRQHandler                 0x080001df   Thumb Code     0  startup_stm32f10x_md.o(.text)
    DMA1_Channel7_IRQHandler                 0x080001df   Thumb Code     0  startup_stm32f10x_md.o(.text)
    EXTI0_IRQHandler                         0x080001df   Thumb Code     0  startup_stm32f10x_md.o(.text)
    EXTI15_10_IRQHandler                     0x080001df   Thumb Code     0  startup_stm32f10x_md.o(.text)
    EXTI1_IRQHandler                         0x080001df   Thumb Code     0  startup_stm32f10x_md.o(.text)
    EXTI2_IRQHandler                         0x080001df   Thumb Code     0  startup_stm32f10x_md.o(.text)
    EXTI3_IRQHandler                         0x080001df   Thumb Code     0  startup_stm32f10x_md.o(.text)
    EXTI4_IRQHandler                         0x080001df   Thumb Code     0  startup_stm32f10x_md.o(.text)
    EXTI9_5_IRQHandler                       0x080001df   Thumb Code     0  startup_stm32f10x_md.o(.text)
    FLASH_IRQHandler                         0x080001df   Thumb Code     0  startup_stm32f10x_md.o(.text)
    I2C1_ER_IRQHandler                       0x080001df   Thumb Code     0  startup_stm32f10x_md.o(.text)
    I2C1_EV_IRQHandler                       0x080001df   Thumb Code     0  startup_stm32f10x_md.o(.text)
    I2C2_ER_IRQHandler                       0x080001df   Thumb Code     0  startup_stm32f10x_md.o(.text)
    I2C2_EV_IRQHandler                       0x080001df   Thumb Code     0  startup_stm32f10x_md.o(.text)
    PVD_IRQHandler                           0x080001df   Thumb Code     0  startup_stm32f10x_md.o(.text)
    RCC_IRQHandler                           0x080001df   Thumb Code     0  startup_stm32f10x_md.o(.text)
    RTCAlarm_IRQHandler                      0x080001df   Thumb Code     0  startup_stm32f10x_md.o(.text)
    RTC_IRQHandler                           0x080001df   Thumb Code     0  startup_stm32f10x_md.o(.text)
    SPI1_IRQHandler                          0x080001df   Thumb Code     0  startup_stm32f10x_md.o(.text)
    SPI2_IRQHandler                          0x080001df   Thumb Code     0  startup_stm32f10x_md.o(.text)
    TAMPER_IRQHandler                        0x080001df   Thumb Code     0  startup_stm32f10x_md.o(.text)
    TIM1_BRK_IRQHandler                      0x080001df   Thumb Code     0  startup_stm32f10x_md.o(.text)
    TIM1_CC_IRQHandler                       0x080001df   Thumb Code     0  startup_stm32f10x_md.o(.text)
    TIM1_TRG_COM_IRQHandler                  0x080001df   Thumb Code     0  startup_stm32f10x_md.o(.text)
    TIM1_UP_IRQHandler                       0x080001df   Thumb Code     0  startup_stm32f10x_md.o(.text)
    TIM2_IRQHandler                          0x080001df   Thumb Code     0  startup_stm32f10x_md.o(.text)
    TIM3_IRQHandler                          0x080001df   Thumb Code     0  startup_stm32f10x_md.o(.text)
    TIM4_IRQHandler                          0x080001df   Thumb Code     0  startup_stm32f10x_md.o(.text)
    USART1_IRQHandler                        0x080001df   Thumb Code     0  startup_stm32f10x_md.o(.text)
    USART2_IRQHandler                        0x080001df   Thumb Code     0  startup_stm32f10x_md.o(.text)
    USART3_IRQHandler                        0x080001df   Thumb Code     0  startup_stm32f10x_md.o(.text)
    USBWakeUp_IRQHandler                     0x080001df   Thumb Code     0  startup_stm32f10x_md.o(.text)
    USB_HP_CAN1_TX_IRQHandler                0x080001df   Thumb Code     0  startup_stm32f10x_md.o(.text)
    USB_LP_CAN1_RX0_IRQHandler               0x080001df   Thumb Code     0  startup_stm32f10x_md.o(.text)
    WWDG_IRQHandler                          0x080001df   Thumb Code     0  startup_stm32f10x_md.o(.text)
    __user_initial_stackheap                 0x080001e1   Thumb Code     0  startup_stm32f10x_md.o(.text)
    puts                                     0x08000205   Thumb Code    40  puts.o(.text)
    __aeabi_memclr                           0x08000231   Thumb Code     0  rt_memclr.o(.text)
    __rt_memclr                              0x08000231   Thumb Code     0  rt_memclr.o(.text)
    _memset                                  0x08000235   Thumb Code    64  rt_memclr.o(.text)
    __use_two_region_memory                  0x08000275   Thumb Code     2  heapauxi.o(.text)
    __rt_heap_escrow                         0x08000277   Thumb Code     2  heapauxi.o(.text)
    __rt_heap_expand                         0x08000279   Thumb Code     2  heapauxi.o(.text)
    __aeabi_memclr4                          0x0800027b   Thumb Code     0  rt_memclr_w.o(.text)
    __aeabi_memclr8                          0x0800027b   Thumb Code     0  rt_memclr_w.o(.text)
    __rt_memclr_w                            0x0800027b   Thumb Code     0  rt_memclr_w.o(.text)
    _memset_w                                0x0800027f   Thumb Code    74  rt_memclr_w.o(.text)
    _initio                                  0x080002c9   Thumb Code   210  initio.o(.text)
    _terminateio                             0x0800039b   Thumb Code    56  initio.o(.text)
    __user_setup_stackheap                   0x08000401   Thumb Code    74  sys_stackheap_outer.o(.text)
    free                                     0x0800044b   Thumb Code    78  h1_free.o(.text)
    setvbuf                                  0x08000499   Thumb Code    70  setvbuf.o(.text)
    freopen                                  0x080004e1   Thumb Code   160  fopen.o(.text)
    fopen                                    0x08000581   Thumb Code    74  fopen.o(.text)
    _fclose_internal                         0x080005d1   Thumb Code    76  fclose.o(.text)
    fclose                                   0x080005d1   Thumb Code     0  fclose.o(.text)
    exit                                     0x0800061d   Thumb Code    18  exit.o(.text)
    __rt_SIGRTRED                            0x0800062f   Thumb Code    14  defsig_rtred_outer.o(.text)
    _sys_open                                0x0800063d   Thumb Code    20  sys_io.o(.text)
    _sys_close                               0x08000651   Thumb Code    12  sys_io.o(.text)
    _sys_write                               0x0800065d   Thumb Code    16  sys_io.o(.text)
    _sys_read                                0x0800066d   Thumb Code    14  sys_io.o(.text)
    _sys_istty                               0x0800067b   Thumb Code    12  sys_io.o(.text)
    _sys_seek                                0x08000687   Thumb Code    14  sys_io.o(.text)
    _sys_ensure                              0x08000695   Thumb Code     2  sys_io.o(.text)
    _sys_flen                                0x08000697   Thumb Code    12  sys_io.o(.text)
    __user_libspace                          0x080006a5   Thumb Code     8  libspace.o(.text)
    __user_perproc_libspace                  0x080006a5   Thumb Code     0  libspace.o(.text)
    __user_perthread_libspace                0x080006a5   Thumb Code     0  libspace.o(.text)
    __rt_heap_descriptor                     0x080006ad   Thumb Code     8  rt_heap_descriptor_intlibspace.o(.text)
    __use_no_heap                            0x080006b5   Thumb Code     2  hguard.o(.text)
    __heap$guard                             0x080006b7   Thumb Code     2  hguard.o(.text)
    _terminate_user_alloc                    0x080006b9   Thumb Code     2  init_alloc.o(.text)
    _init_user_alloc                         0x080006bb   Thumb Code     2  init_alloc.o(.text)
    __Heap_Full                              0x080006bd   Thumb Code    34  init_alloc.o(.text)
    __Heap_Broken                            0x080006df   Thumb Code     6  init_alloc.o(.text)
    _init_alloc                              0x080006e5   Thumb Code    94  init_alloc.o(.text)
    malloc                                   0x08000743   Thumb Code    94  h1_alloc.o(.text)
    _fseek                                   0x080007a1   Thumb Code   242  fseek.o(.text)
    fseek                                    0x080007a1   Thumb Code     0  fseek.o(.text)
    _seterr                                  0x08000899   Thumb Code    20  stdio.o(.text)
    _writebuf                                0x080008ad   Thumb Code   108  stdio.o(.text)
    _fflush                                  0x08000919   Thumb Code    70  stdio.o(.text)
    _deferredlazyseek                        0x0800095f   Thumb Code    60  stdio.o(.text)
    __sig_exit                               0x080009a1   Thumb Code    10  defsig_exit.o(.text)
    __rt_SIGRTRED_inner                      0x080009ad   Thumb Code    14  defsig_rtred_inner.o(.text)
    _sys_exit                                0x080009e1   Thumb Code     8  sys_exit.o(.text)
    __I$use$semihosting                      0x080009ed   Thumb Code     0  use_no_semi.o(.text)
    __use_no_semihosting_swi                 0x080009ed   Thumb Code     2  use_no_semi.o(.text)
    __Heap_Initialize                        0x080009ef   Thumb Code     8  h1_init.o(.text)
    __semihosting_library_function           0x080009ef   Thumb Code     0  indicate_semi.o(.text)
    _maybe_terminate_alloc                   0x080009ef   Thumb Code     0  maybetermalloc1.o(.text)
    __Heap_DescSize                          0x080009f7   Thumb Code     4  h1_init.o(.text)
    __Heap_ProvideMemory                     0x080009fb   Thumb Code    52  h1_extend.o(.text)
    _ftell_internal                          0x08000a2f   Thumb Code    66  ftell.o(.text)
    ftell                                    0x08000a2f   Thumb Code     0  ftell.o(.text)
    __default_signal_display                 0x08000a71   Thumb Code    50  defsig_general.o(.text)
    __rt_SIGRTMEM                            0x08000aa3   Thumb Code    14  defsig_rtmem_outer.o(.text)
    strlen                                   0x08000ab1   Thumb Code    62  strlen.o(.text)
    _ttywrch                                 0x08000aef   Thumb Code    14  sys_wrch.o(.text)
    __aeabi_errno_addr                       0x08000afd   Thumb Code     8  rt_errno_addr_intlibspace.o(.text)
    __errno$intlibspace                      0x08000afd   Thumb Code     0  rt_errno_addr_intlibspace.o(.text)
    __rt_errno_addr$intlibspace              0x08000afd   Thumb Code     0  rt_errno_addr_intlibspace.o(.text)
    __rt_SIGRTMEM_inner                      0x08000b05   Thumb Code    22  defsig_rtmem_inner.o(.text)
    FATFS_Init                               0x08000b55   Thumb Code    34  fatfs.o(.text.FATFS_Init)
    FATFS_LinkDriver                         0x08000b79   Thumb Code    76  ff_gen_drv.o(.text.FATFS_LinkDriver)
    GPIO_Config                              0x08000bc5   Thumb Code   166  gpio.o(.text.GPIO_Config)
    GPIO_Init                                0x08000c6d   Thumb Code   192  stm32f10x_gpio.o(.text.GPIO_Init)
    GPIO_SetBits                             0x08000d2d   Thumb Code     4  stm32f10x_gpio.o(.text.GPIO_SetBits)
    GPIO_WriteBit                            0x08000d31   Thumb Code    12  stm32f10x_gpio.o(.text.GPIO_WriteBit)
    RCC_APB1PeriphClockCmd                   0x08000d3d   Thumb Code    24  stm32f10x_rcc.o(.text.RCC_APB1PeriphClockCmd)
    RCC_APB2PeriphClockCmd                   0x08000d55   Thumb Code    24  stm32f10x_rcc.o(.text.RCC_APB2PeriphClockCmd)
    RCC_GetClocksFreq                        0x08000d6d   Thumb Code   140  stm32f10x_rcc.o(.text.RCC_GetClocksFreq)
    SD_disk_initialize                       0x080012f1   Thumb Code   484  fatfs_sd.o(.text.SD_disk_initialize)
    SD_disk_ioctl                            0x080014d5   Thumb Code   458  fatfs_sd.o(.text.SD_disk_ioctl)
    SD_disk_read                             0x080016a1   Thumb Code   242  fatfs_sd.o(.text.SD_disk_read)
    SD_disk_status                           0x08001795   Thumb Code    20  fatfs_sd.o(.text.SD_disk_status)
    SD_disk_write                            0x080017a9   Thumb Code   278  fatfs_sd.o(.text.SD_disk_write)
    SPI_Cmd                                  0x080018c1   Thumb Code    20  stm32f10x_spi.o(.text.SPI_Cmd)
    SPI_Config                               0x080018d5   Thumb Code    78  spi.o(.text.SPI_Config)
    SPI_I2S_GetFlagStatus                    0x08001925   Thumb Code    10  stm32f10x_spi.o(.text.SPI_I2S_GetFlagStatus)
    SPI_I2S_ReceiveData                      0x08001931   Thumb Code     4  stm32f10x_spi.o(.text.SPI_I2S_ReceiveData)
    SPI_I2S_SendData                         0x08001935   Thumb Code     4  stm32f10x_spi.o(.text.SPI_I2S_SendData)
    SPI_Init                                 0x08001939   Thumb Code    70  stm32f10x_spi.o(.text.SPI_Init)
    SystemInit                               0x08001981   Thumb Code   272  system_stm32f10x.o(.text.SystemInit)
    TIMER_Config                             0x08001a91   Thumb Code    54  delay.o(.text.TIMER_Config)
    TIM_Cmd                                  0x08001ac9   Thumb Code    18  stm32f10x_tim.o(.text.TIM_Cmd)
    TIM_GetCounter                           0x08001add   Thumb Code     4  stm32f10x_tim.o(.text.TIM_GetCounter)
    TIM_SetCounter                           0x08001ae1   Thumb Code     4  stm32f10x_tim.o(.text.TIM_SetCounter)
    TIM_TimeBaseInit                         0x08001ae5   Thumb Code   172  stm32f10x_tim.o(.text.TIM_TimeBaseInit)
    USART_Cmd                                0x08001b91   Thumb Code    20  stm32f10x_usart.o(.text.USART_Cmd)
    USART_GetFlagStatus                      0x08001ba5   Thumb Code    10  stm32f10x_usart.o(.text.USART_GetFlagStatus)
    USART_Init                               0x08001bb1   Thumb Code   182  stm32f10x_usart.o(.text.USART_Init)
    USART_SendData                           0x08001c69   Thumb Code     8  stm32f10x_usart.o(.text.USART_SendData)
    USER_initialize                          0x08001c71   Thumb Code     4  user_diskio.o(.text.USER_initialize)
    USER_ioctl                               0x08001c75   Thumb Code     4  user_diskio.o(.text.USER_ioctl)
    USER_read                                0x08001c79   Thumb Code     4  user_diskio.o(.text.USER_read)
    USER_status                              0x08001c7d   Thumb Code     4  user_diskio.o(.text.USER_status)
    USER_write                               0x08001c81   Thumb Code     4  user_diskio.o(.text.USER_write)
    delay_ms                                 0x08001dd9   Thumb Code    34  delay.o(.text.delay_ms)
    disk_initialize                          0x080024a1   Thumb Code    36  diskio.o(.text.disk_initialize)
    disk_ioctl                               0x080024c5   Thumb Code    22  diskio.o(.text.disk_ioctl)
    disk_read                                0x080024dd   Thumb Code    32  diskio.o(.text.disk_read)
    disk_status                              0x080024fd   Thumb Code    22  diskio.o(.text.disk_status)
    disk_write                               0x08002515   Thumb Code    32  diskio.o(.text.disk_write)
    f_close                                  0x08002535   Thumb Code   128  ff.o(.text.f_close)
    f_mount                                  0x080025b5   Thumb Code   176  ff.o(.text.f_mount)
    f_open                                   0x08002665   Thumb Code   880  ff.o(.text.f_open)
    f_read                                   0x080029d5   Thumb Code   574  ff.o(.text.f_read)
    f_sync                                   0x08002c15   Thumb Code   188  ff.o(.text.f_sync)
    ff_convert                               0x08002cd1   Thumb Code    74  unicode.o(.text.ff_convert)
    ff_wtoupper                              0x08002d1d   Thumb Code    44  unicode.o(.text.ff_wtoupper)
    fputc                                    0x08003391   Thumb Code    48  main.o(.text.fputc)
    get_fat                                  0x080033c1   Thumb Code   242  ff.o(.text.get_fat)
    get_fattime                              0x080034b5   Thumb Code     4  fatfs.o(.text.get_fattime)
    main                                     0x080034b9   Thumb Code   204  main.o(.text.main)
    put_fat                                  0x08003659   Thumb Code   296  ff.o(.text.put_fat)
    __stdin_name                             0x080038ac   Data           4  sys_io_names.o(.constdata)
    __stdout_name                            0x080038b0   Data           4  sys_io_names.o(.constdata)
    __stderr_name                            0x080038b4   Data           4  sys_io_names.o(.constdata)
    Region$$Table$$Base                      0x08003e60   Number         0  anon$$obj.o(Region$$Table)
    Region$$Table$$Limit                     0x08003e80   Number         0  anon$$obj.o(Region$$Table)
    __aeabi_stdin                            0x20000000   Data           4  stdio_streams.o(.data)
    __aeabi_stdout                           0x20000004   Data           4  stdio_streams.o(.data)
    __aeabi_stderr                           0x20000008   Data           4  stdio_streams.o(.data)
    USER_Driver                              0x20000010   Data          20  user_diskio.o(.data.USER_Driver)
    __stdin                                  0x20000028   Data          84  stdio_streams.o(.bss)
    __stdout                                 0x2000007c   Data          84  stdio_streams.o(.bss)
    __stderr                                 0x200000d0   Data          84  stdio_streams.o(.bss)
    __libspace_start                         0x20000124   Data          96  libspace.o(.bss)
    __temporary_stack_top$libspace           0x20000184   Data           0  libspace.o(.bss)
    FatFs                                    0x20000188   Data        4144  main.o(.bss.FatFs)
    Timer1                                   0x200013d8   Data           2  fatfs_sd.o(.bss.Timer1)
    Timer2                                   0x200013da   Data           2  fatfs_sd.o(.bss.Timer2)
    USERPath                                 0x200013dc   Data           4  fatfs.o(.bss.USERPath)
    br                                       0x200013e0   Data           4  main.o(.bss.br)
    buffer                                   0x200013e4   Data          50  main.o(.bss.buffer)
    disk                                     0x20001418   Data          12  ff_gen_drv.o(.bss.disk)
    fil                                      0x20001424   Data        4140  main.o(.bss.fil)
    fr                                       0x20002450   Data           1  main.o(.bss.fr)
    retUSER                                  0x20002451   Data           1  fatfs.o(.bss.retUSER)



==============================================================================

Memory Map of the image

  Image Entry point : 0x080000ed

  Load Region LR_IROM1 (Base: 0x08000000, Size: 0x00003ea8, Max: 0x00010000, ABSOLUTE)

    Execution Region ER_IROM1 (Exec base: 0x08000000, Load base: 0x08000000, Size: 0x00003e80, Max: 0x00010000, ABSOLUTE)

    Exec Addr    Load Addr    Size         Type   Attr      Idx    E Section Name        Object

    0x08000000   0x08000000   0x000000ec   Data   RO          657    RESET               startup_stm32f10x_md.o
    0x080000ec   0x080000ec   0x00000008   Code   RO          756  * !!!main             c_w.l(__main.o)
    0x080000f4   0x080000f4   0x0000005c   Code   RO         1095    !!!scatter          c_w.l(__scatter.o)
    0x08000150   0x08000150   0x0000001a   Code   RO         1099    !!handler_copy      c_w.l(__scatter_copy.o)
    0x0800016a   0x0800016a   0x00000002   PAD
    0x0800016c   0x0800016c   0x00000002   Code   RO         1096    !!handler_null      c_w.l(__scatter.o)
    0x0800016e   0x0800016e   0x00000002   PAD
    0x08000170   0x08000170   0x0000001c   Code   RO         1101    !!handler_zi        c_w.l(__scatter_zi.o)
    0x0800018c   0x0800018c   0x00000002   Code   RO          894    .ARM.Collect$$libinit$$00000000  c_w.l(libinit.o)
    0x0800018e   0x0800018e   0x00000000   Code   RO          896    .ARM.Collect$$libinit$$00000002  c_w.l(libinit2.o)
    0x0800018e   0x0800018e   0x00000000   Code   RO          898    .ARM.Collect$$libinit$$00000004  c_w.l(libinit2.o)
    0x0800018e   0x0800018e   0x00000000   Code   RO          900    .ARM.Collect$$libinit$$00000006  c_w.l(libinit2.o)
    0x0800018e   0x0800018e   0x00000008   Code   RO          901    .ARM.Collect$$libinit$$00000007  c_w.l(libinit2.o)
    0x08000196   0x08000196   0x00000000   Code   RO          903    .ARM.Collect$$libinit$$0000000C  c_w.l(libinit2.o)
    0x08000196   0x08000196   0x00000000   Code   RO          905    .ARM.Collect$$libinit$$0000000E  c_w.l(libinit2.o)
    0x08000196   0x08000196   0x00000000   Code   RO          907    .ARM.Collect$$libinit$$00000010  c_w.l(libinit2.o)
    0x08000196   0x08000196   0x00000000   Code   RO          910    .ARM.Collect$$libinit$$00000013  c_w.l(libinit2.o)
    0x08000196   0x08000196   0x00000000   Code   RO          912    .ARM.Collect$$libinit$$00000015  c_w.l(libinit2.o)
    0x08000196   0x08000196   0x00000000   Code   RO          914    .ARM.Collect$$libinit$$00000017  c_w.l(libinit2.o)
    0x08000196   0x08000196   0x00000000   Code   RO          916    .ARM.Collect$$libinit$$00000019  c_w.l(libinit2.o)
    0x08000196   0x08000196   0x00000000   Code   RO          918    .ARM.Collect$$libinit$$0000001B  c_w.l(libinit2.o)
    0x08000196   0x08000196   0x00000000   Code   RO          920    .ARM.Collect$$libinit$$0000001D  c_w.l(libinit2.o)
    0x08000196   0x08000196   0x00000000   Code   RO          922    .ARM.Collect$$libinit$$0000001F  c_w.l(libinit2.o)
    0x08000196   0x08000196   0x00000000   Code   RO          924    .ARM.Collect$$libinit$$00000021  c_w.l(libinit2.o)
    0x08000196   0x08000196   0x00000000   Code   RO          926    .ARM.Collect$$libinit$$00000023  c_w.l(libinit2.o)
    0x08000196   0x08000196   0x00000000   Code   RO          928    .ARM.Collect$$libinit$$00000025  c_w.l(libinit2.o)
    0x08000196   0x08000196   0x00000004   Code   RO          929    .ARM.Collect$$libinit$$00000026  c_w.l(libinit2.o)
    0x0800019a   0x0800019a   0x00000000   Code   RO          930    .ARM.Collect$$libinit$$00000027  c_w.l(libinit2.o)
    0x0800019a   0x0800019a   0x00000000   Code   RO          934    .ARM.Collect$$libinit$$0000002E  c_w.l(libinit2.o)
    0x0800019a   0x0800019a   0x00000000   Code   RO          936    .ARM.Collect$$libinit$$00000030  c_w.l(libinit2.o)
    0x0800019a   0x0800019a   0x00000000   Code   RO          938    .ARM.Collect$$libinit$$00000032  c_w.l(libinit2.o)
    0x0800019a   0x0800019a   0x00000000   Code   RO          940    .ARM.Collect$$libinit$$00000034  c_w.l(libinit2.o)
    0x0800019a   0x0800019a   0x00000002   Code   RO          941    .ARM.Collect$$libinit$$00000035  c_w.l(libinit2.o)
    0x0800019c   0x0800019c   0x00000002   Code   RO         1074    .ARM.Collect$$libshutdown$$00000000  c_w.l(libshutdown.o)
    0x0800019e   0x0800019e   0x00000000   Code   RO          943    .ARM.Collect$$libshutdown$$00000002  c_w.l(libshutdown2.o)
    0x0800019e   0x0800019e   0x00000004   Code   RO          944    .ARM.Collect$$libshutdown$$00000003  c_w.l(libshutdown2.o)
    0x080001a2   0x080001a2   0x00000000   Code   RO          945    .ARM.Collect$$libshutdown$$00000004  c_w.l(libshutdown2.o)
    0x080001a2   0x080001a2   0x00000000   Code   RO          948    .ARM.Collect$$libshutdown$$00000007  c_w.l(libshutdown2.o)
    0x080001a2   0x080001a2   0x00000000   Code   RO          951    .ARM.Collect$$libshutdown$$0000000A  c_w.l(libshutdown2.o)
    0x080001a2   0x080001a2   0x00000000   Code   RO          953    .ARM.Collect$$libshutdown$$0000000C  c_w.l(libshutdown2.o)
    0x080001a2   0x080001a2   0x00000000   Code   RO          956    .ARM.Collect$$libshutdown$$0000000F  c_w.l(libshutdown2.o)
    0x080001a2   0x080001a2   0x00000002   Code   RO          957    .ARM.Collect$$libshutdown$$00000010  c_w.l(libshutdown2.o)
    0x080001a4   0x080001a4   0x00000000   Code   RO          768    .ARM.Collect$$rtentry$$00000000  c_w.l(__rtentry.o)
    0x080001a4   0x080001a4   0x00000000   Code   RO          789    .ARM.Collect$$rtentry$$00000002  c_w.l(__rtentry2.o)
    0x080001a4   0x080001a4   0x00000006   Code   RO          801    .ARM.Collect$$rtentry$$00000004  c_w.l(__rtentry4.o)
    0x080001aa   0x080001aa   0x00000000   Code   RO          791    .ARM.Collect$$rtentry$$00000009  c_w.l(__rtentry2.o)
    0x080001aa   0x080001aa   0x00000004   Code   RO          792    .ARM.Collect$$rtentry$$0000000A  c_w.l(__rtentry2.o)
    0x080001ae   0x080001ae   0x00000000   Code   RO          794    .ARM.Collect$$rtentry$$0000000C  c_w.l(__rtentry2.o)
    0x080001ae   0x080001ae   0x00000008   Code   RO          795    .ARM.Collect$$rtentry$$0000000D  c_w.l(__rtentry2.o)
    0x080001b6   0x080001b6   0x00000002   Code   RO          965    .ARM.Collect$$rtexit$$00000000  c_w.l(rtexit.o)
    0x080001b8   0x080001b8   0x00000000   Code   RO         1014    .ARM.Collect$$rtexit$$00000002  c_w.l(rtexit2.o)
    0x080001b8   0x080001b8   0x00000004   Code   RO         1015    .ARM.Collect$$rtexit$$00000003  c_w.l(rtexit2.o)
    0x080001bc   0x080001bc   0x00000006   Code   RO         1016    .ARM.Collect$$rtexit$$00000004  c_w.l(rtexit2.o)
    0x080001c2   0x080001c2   0x00000002   PAD
    0x080001c4   0x080001c4   0x00000040   Code   RO          658    .text               startup_stm32f10x_md.o
    0x08000204   0x08000204   0x0000002c   Code   RO          746    .text               c_w.l(puts.o)
    0x08000230   0x08000230   0x00000044   Code   RO          752    .text               c_w.l(rt_memclr.o)
    0x08000274   0x08000274   0x00000006   Code   RO          754    .text               c_w.l(heapauxi.o)
    0x0800027a   0x0800027a   0x0000004e   Code   RO          775    .text               c_w.l(rt_memclr_w.o)
    0x080002c8   0x080002c8   0x00000138   Code   RO          803    .text               c_w.l(initio.o)
    0x08000400   0x08000400   0x0000004a   Code   RO          814    .text               c_w.l(sys_stackheap_outer.o)
    0x0800044a   0x0800044a   0x0000004e   Code   RO          818    .text               c_w.l(h1_free.o)
    0x08000498   0x08000498   0x00000046   Code   RO          872    .text               c_w.l(setvbuf.o)
    0x080004de   0x080004de   0x00000002   PAD
    0x080004e0   0x080004e0   0x000000f0   Code   RO          875    .text               c_w.l(fopen.o)
    0x080005d0   0x080005d0   0x0000004c   Code   RO          877    .text               c_w.l(fclose.o)
    0x0800061c   0x0800061c   0x00000012   Code   RO          883    .text               c_w.l(exit.o)
    0x0800062e   0x0800062e   0x0000000e   Code   RO          885    .text               c_w.l(defsig_rtred_outer.o)
    0x0800063c   0x0800063c   0x00000066   Code   RO          958    .text               c_w.l(sys_io.o)
    0x080006a2   0x080006a2   0x00000002   PAD
    0x080006a4   0x080006a4   0x00000008   Code   RO          962    .text               c_w.l(libspace.o)
    0x080006ac   0x080006ac   0x00000008   Code   RO          972    .text               c_w.l(rt_heap_descriptor_intlibspace.o)
    0x080006b4   0x080006b4   0x00000004   Code   RO          974    .text               c_w.l(hguard.o)
    0x080006b8   0x080006b8   0x0000008a   Code   RO          976    .text               c_w.l(init_alloc.o)
    0x08000742   0x08000742   0x0000005e   Code   RO          982    .text               c_w.l(h1_alloc.o)
    0x080007a0   0x080007a0   0x000000f8   Code   RO          994    .text               c_w.l(fseek.o)
    0x08000898   0x08000898   0x00000108   Code   RO          996    .text               c_w.l(stdio.o)
    0x080009a0   0x080009a0   0x0000000a   Code   RO          998    .text               c_w.l(defsig_exit.o)
    0x080009aa   0x080009aa   0x00000002   PAD
    0x080009ac   0x080009ac   0x00000034   Code   RO         1000    .text               c_w.l(defsig_rtred_inner.o)
    0x080009e0   0x080009e0   0x0000000c   Code   RO         1006    .text               c_w.l(sys_exit.o)
    0x080009ec   0x080009ec   0x00000002   Code   RO         1010    .text               c_w.l(use_no_semi.o)
    0x080009ee   0x080009ee   0x00000000   Code   RO         1012    .text               c_w.l(indicate_semi.o)
    0x080009ee   0x080009ee   0x00000000   Code   RO         1020    .text               c_w.l(maybetermalloc1.o)
    0x080009ee   0x080009ee   0x0000000c   Code   RO         1022    .text               c_w.l(h1_init.o)
    0x080009fa   0x080009fa   0x00000034   Code   RO         1024    .text               c_w.l(h1_extend.o)
    0x08000a2e   0x08000a2e   0x00000042   Code   RO         1030    .text               c_w.l(ftell.o)
    0x08000a70   0x08000a70   0x00000032   Code   RO         1034    .text               c_w.l(defsig_general.o)
    0x08000aa2   0x08000aa2   0x0000000e   Code   RO         1036    .text               c_w.l(defsig_rtmem_outer.o)
    0x08000ab0   0x08000ab0   0x0000003e   Code   RO         1040    .text               c_w.l(strlen.o)
    0x08000aee   0x08000aee   0x0000000e   Code   RO         1051    .text               c_w.l(sys_wrch.o)
    0x08000afc   0x08000afc   0x00000008   Code   RO         1062    .text               c_w.l(rt_errno_addr_intlibspace.o)
    0x08000b04   0x08000b04   0x00000050   Code   RO         1068    .text               c_w.l(defsig_rtmem_inner.o)
    0x08000b54   0x08000b54   0x00000022   Code   RO           62    .text.FATFS_Init    fatfs.o
    0x08000b76   0x08000b76   0x00000002   PAD
    0x08000b78   0x08000b78   0x0000004c   Code   RO          251    .text.FATFS_LinkDriver  ff_gen_drv.o
    0x08000bc4   0x08000bc4   0x000000a6   Code   RO           38    .text.GPIO_Config   gpio.o
    0x08000c6a   0x08000c6a   0x00000002   PAD
    0x08000c6c   0x08000c6c   0x000000c0   Code   RO          305    .text.GPIO_Init     stm32f10x_gpio.o
    0x08000d2c   0x08000d2c   0x00000004   Code   RO          317    .text.GPIO_SetBits  stm32f10x_gpio.o
    0x08000d30   0x08000d30   0x0000000c   Code   RO          321    .text.GPIO_WriteBit  stm32f10x_gpio.o
    0x08000d3c   0x08000d3c   0x00000018   Code   RO          392    .text.RCC_APB1PeriphClockCmd  stm32f10x_rcc.o
    0x08000d54   0x08000d54   0x00000018   Code   RO          390    .text.RCC_APB2PeriphClockCmd  stm32f10x_rcc.o
    0x08000d6c   0x08000d6c   0x0000008c   Code   RO          386    .text.RCC_GetClocksFreq  stm32f10x_rcc.o
    0x08000df8   0x08000df8   0x00000100   Code   RO           79    .text.SD_PowerOn    fatfs_sd.o
    0x08000ef8   0x08000ef8   0x00000054   Code   RO           95    .text.SD_ReadyWait  fatfs_sd.o
    0x08000f4c   0x08000f4c   0x000000e2   Code   RO           87    .text.SD_RxDataBlock  fatfs_sd.o
    0x0800102e   0x0800102e   0x00000002   PAD
    0x08001030   0x08001030   0x00000156   Code   RO           81    .text.SD_SendCmd    fatfs_sd.o
    0x08001186   0x08001186   0x00000002   PAD
    0x08001188   0x08001188   0x00000166   Code   RO           91    .text.SD_TxDataBlock  fatfs_sd.o
    0x080012ee   0x080012ee   0x00000002   PAD
    0x080012f0   0x080012f0   0x000001e4   Code   RO           77    .text.SD_disk_initialize  fatfs_sd.o
    0x080014d4   0x080014d4   0x000001ca   Code   RO           93    .text.SD_disk_ioctl  fatfs_sd.o
    0x0800169e   0x0800169e   0x00000002   PAD
    0x080016a0   0x080016a0   0x000000f2   Code   RO           85    .text.SD_disk_read  fatfs_sd.o
    0x08001792   0x08001792   0x00000002   PAD
    0x08001794   0x08001794   0x00000014   Code   RO           83    .text.SD_disk_status  fatfs_sd.o
    0x080017a8   0x080017a8   0x00000116   Code   RO           89    .text.SD_disk_write  fatfs_sd.o
    0x080018be   0x080018be   0x00000002   PAD
    0x080018c0   0x080018c0   0x00000014   Code   RO          430    .text.SPI_Cmd       stm32f10x_spi.o
    0x080018d4   0x080018d4   0x0000004e   Code   RO           52    .text.SPI_Config    spi.o
    0x08001922   0x08001922   0x00000002   PAD
    0x08001924   0x08001924   0x0000000a   Code   RO          458    .text.SPI_I2S_GetFlagStatus  stm32f10x_spi.o
    0x0800192e   0x0800192e   0x00000002   PAD
    0x08001930   0x08001930   0x00000004   Code   RO          440    .text.SPI_I2S_ReceiveData  stm32f10x_spi.o
    0x08001934   0x08001934   0x00000004   Code   RO          438    .text.SPI_I2S_SendData  stm32f10x_spi.o
    0x08001938   0x08001938   0x00000046   Code   RO          422    .text.SPI_Init      stm32f10x_spi.o
    0x0800197e   0x0800197e   0x00000002   PAD
    0x08001980   0x08001980   0x00000110   Code   RO          665    .text.SystemInit    system_stm32f10x.o
    0x08001a90   0x08001a90   0x00000036   Code   RO           24    .text.TIMER_Config  delay.o
    0x08001ac6   0x08001ac6   0x00000002   PAD
    0x08001ac8   0x08001ac8   0x00000012   Code   RO          508    .text.TIM_Cmd       stm32f10x_tim.o
    0x08001ada   0x08001ada   0x00000002   PAD
    0x08001adc   0x08001adc   0x00000004   Code   RO          636    .text.TIM_GetCounter  stm32f10x_tim.o
    0x08001ae0   0x08001ae0   0x00000004   Code   RO          614    .text.TIM_SetCounter  stm32f10x_tim.o
    0x08001ae4   0x08001ae4   0x000000ac   Code   RO          476    .text.TIM_TimeBaseInit  stm32f10x_tim.o
    0x08001b90   0x08001b90   0x00000014   Code   RO          689    .text.USART_Cmd     stm32f10x_usart.o
    0x08001ba4   0x08001ba4   0x0000000a   Code   RO          729    .text.USART_GetFlagStatus  stm32f10x_usart.o
    0x08001bae   0x08001bae   0x00000002   PAD
    0x08001bb0   0x08001bb0   0x000000b6   Code   RO          681    .text.USART_Init    stm32f10x_usart.o
    0x08001c66   0x08001c66   0x00000002   PAD
    0x08001c68   0x08001c68   0x00000008   Code   RO          705    .text.USART_SendData  stm32f10x_usart.o
    0x08001c70   0x08001c70   0x00000004   Code   RO          110    .text.USER_initialize  user_diskio.o
    0x08001c74   0x08001c74   0x00000004   Code   RO          118    .text.USER_ioctl    user_diskio.o
    0x08001c78   0x08001c78   0x00000004   Code   RO          114    .text.USER_read     user_diskio.o
    0x08001c7c   0x08001c7c   0x00000004   Code   RO          112    .text.USER_status   user_diskio.o
    0x08001c80   0x08001c80   0x00000004   Code   RO          116    .text.USER_write    user_diskio.o
    0x08001c84   0x08001c84   0x00000072   Code   RO          228    .text.check_fs      ff.o
    0x08001cf6   0x08001cf6   0x00000002   PAD
    0x08001cf8   0x08001cf8   0x000000de   Code   RO          172    .text.create_chain  ff.o
    0x08001dd6   0x08001dd6   0x00000002   PAD
    0x08001dd8   0x08001dd8   0x00000022   Code   RO           26    .text.delay_ms      delay.o
    0x08001dfa   0x08001dfa   0x00000002   PAD
    0x08001dfc   0x08001dfc   0x00000194   Code   RO          230    .text.dir_find      ff.o
    0x08001f90   0x08001f90   0x00000178   Code   RO          194    .text.dir_next      ff.o
    0x08002108   0x08002108   0x000002d0   Code   RO          162    .text.dir_register  ff.o
    0x080023d8   0x080023d8   0x000000c8   Code   RO          184    .text.dir_sdi       ff.o
    0x080024a0   0x080024a0   0x00000024   Code   RO          130    .text.disk_initialize  diskio.o
    0x080024c4   0x080024c4   0x00000016   Code   RO          136    .text.disk_ioctl    diskio.o
    0x080024da   0x080024da   0x00000002   PAD
    0x080024dc   0x080024dc   0x00000020   Code   RO          132    .text.disk_read     diskio.o
    0x080024fc   0x080024fc   0x00000016   Code   RO          128    .text.disk_status   diskio.o
    0x08002512   0x08002512   0x00000002   PAD
    0x08002514   0x08002514   0x00000020   Code   RO          134    .text.disk_write    diskio.o
    0x08002534   0x08002534   0x00000080   Code   RO          178    .text.f_close       ff.o
    0x080025b4   0x080025b4   0x000000b0   Code   RO          154    .text.f_mount       ff.o
    0x08002664   0x08002664   0x00000370   Code   RO          158    .text.f_open        ff.o
    0x080029d4   0x080029d4   0x0000023e   Code   RO          168    .text.f_read        ff.o
    0x08002c12   0x08002c12   0x00000002   PAD
    0x08002c14   0x08002c14   0x000000bc   Code   RO          174    .text.f_sync        ff.o
    0x08002cd0   0x08002cd0   0x0000004a   Code   RO          269    .text.ff_convert    unicode.o
    0x08002d1a   0x08002d1a   0x00000002   PAD
    0x08002d1c   0x08002d1c   0x0000002c   Code   RO          271    .text.ff_wtoupper   unicode.o
    0x08002d48   0x08002d48   0x00000344   Code   RO          156    .text.find_volume   ff.o
    0x0800308c   0x0800308c   0x00000304   Code   RO          160    .text.follow_path   ff.o
    0x08003390   0x08003390   0x00000030   Code   RO            6    .text.fputc         main.o
    0x080033c0   0x080033c0   0x000000f2   Code   RO          148    .text.get_fat       ff.o
    0x080034b2   0x080034b2   0x00000002   PAD
    0x080034b4   0x080034b4   0x00000004   Code   RO           64    .text.get_fattime   fatfs.o
    0x080034b8   0x080034b8   0x00000108   Code   RO            2    .text.main          main.o
    0x080035c0   0x080035c0   0x00000096   Code   RO          150    .text.move_window   ff.o
    0x08003656   0x08003656   0x00000002   PAD
    0x08003658   0x08003658   0x00000128   Code   RO          152    .text.put_fat       ff.o
    0x08003780   0x08003780   0x000000d0   Code   RO          176    .text.sync_fs       ff.o
    0x08003850   0x08003850   0x0000005c   Code   RO          208    .text.sync_window   ff.o
    0x080038ac   0x080038ac   0x00000004   Data   RO          809    .constdata          c_w.l(sys_io_names.o)
    0x080038b0   0x080038b0   0x00000004   Data   RO          810    .constdata          c_w.l(sys_io_names.o)
    0x080038b4   0x080038b4   0x00000004   Data   RO          811    .constdata          c_w.l(sys_io_names.o)
    0x080038b8   0x080038b8   0x00000004   Data   RO          411    .rodata.ADCPrescTable  stm32f10x_rcc.o
    0x080038bc   0x080038bc   0x00000010   Data   RO          410    .rodata.APBAHBPrescTable  stm32f10x_rcc.o
    0x080038cc   0x080038cc   0x00000080   Data   RO          239    .rodata.ExCvt       ff.o
    0x0800394c   0x0800394c   0x0000000d   Data   RO          240    .rodata.LfnOfs      ff.o
    0x08003959   0x08003959   0x00000001   PAD
    0x0800395a   0x0800395a   0x00000100   Data   RO          273    .rodata.Tbl         unicode.o
    0x08003a5a   0x08003a5a   0x00000044   Data   RO          236    .rodata.str1.1      ff.o
    0x08003a9e   0x08003a9e   0x000003c0   Data   RO          274    .rodata.str2.2      unicode.o
    0x08003e5e   0x08003e5e   0x00000002   PAD
    0x08003e60   0x08003e60   0x00000020   Data   RO         1094    Region$$Table       anon$$obj.o


    Execution Region RW_IRAM1 (Exec base: 0x20000000, Load base: 0x08003e80, Size: 0x00002a58, Max: 0x00005000, ABSOLUTE)

    Exec Addr    Load Addr    Size         Type   Attr      Idx    E Section Name        Object

    0x20000000   0x08003e80   0x00000004   Data   RW          772    .data               c_w.l(stdio_streams.o)
    0x20000004   0x08003e84   0x00000004   Data   RW          773    .data               c_w.l(stdio_streams.o)
    0x20000008   0x08003e88   0x00000004   Data   RW          774    .data               c_w.l(stdio_streams.o)
    0x2000000c   0x08003e8c   0x00000001   Data   RW           97    .data.Stat          fatfs_sd.o
    0x2000000d   0x08003e8d   0x00000003   PAD
    0x20000010   0x08003e90   0x00000014   Data   RW          120    .data.USER_Driver   user_diskio.o
    0x20000024   0x08003ea4   0x00000004   PAD
    0x20000028        -       0x00000054   Zero   RW          769    .bss                c_w.l(stdio_streams.o)
    0x2000007c        -       0x00000054   Zero   RW          770    .bss                c_w.l(stdio_streams.o)
    0x200000d0        -       0x00000054   Zero   RW          771    .bss                c_w.l(stdio_streams.o)
    0x20000124        -       0x00000060   Zero   RW          963    .bss                c_w.l(libspace.o)
    0x20000184        -       0x00000001   Zero   RW           99    .bss.CardType       fatfs_sd.o
    0x20000185   0x08003ea4   0x00000003   PAD
    0x20000188        -       0x00001030   Zero   RW            8    .bss.FatFs          main.o
    0x200011b8        -       0x00000004   Zero   RW          232    .bss.FatFs          ff.o
    0x200011bc        -       0x00000018   Zero   RW          237    .bss.Files          ff.o
    0x200011d4        -       0x00000002   Zero   RW          238    .bss.Fsid           ff.o
    0x200011d6        -       0x00000200   Zero   RW          233    .bss.LfnBuf         ff.o
    0x200013d6        -       0x00000001   Zero   RW          101    .bss.PowerFlag      fatfs_sd.o
    0x200013d7   0x08003ea4   0x00000001   PAD
    0x200013d8        -       0x00000002   Zero   RW           98    .bss.Timer1         fatfs_sd.o
    0x200013da        -       0x00000002   Zero   RW          100    .bss.Timer2         fatfs_sd.o
    0x200013dc        -       0x00000004   Zero   RW           66    .bss.USERPath       fatfs.o
    0x200013e0        -       0x00000004   Zero   RW           13    .bss.br             main.o
    0x200013e4        -       0x00000032   Zero   RW           12    .bss.buffer         main.o
    0x20001416   0x08003ea4   0x00000002   PAD
    0x20001418        -       0x0000000c   Zero   RW          259    .bss.disk           ff_gen_drv.o
    0x20001424        -       0x0000102c   Zero   RW           11    .bss.fil            main.o
    0x20002450        -       0x00000001   Zero   RW           10    .bss.fr             main.o
    0x20002451        -       0x00000001   Zero   RW           67    .bss.retUSER        fatfs.o
    0x20002452   0x08003ea4   0x00000006   PAD
    0x20002458        -       0x00000200   Zero   RW          656    HEAP                startup_stm32f10x_md.o
    0x20002658        -       0x00000400   Zero   RW          655    STACK               startup_stm32f10x_md.o


==============================================================================

Image component sizes


      Code (inc. data)   RO Data    RW Data    ZI Data      Debug   Object Name

        88          0          0          0          0       2428   delay.o
       144          0          0          0          0       1764   diskio.o
        38          0          0          0          5       1989   fatfs.o
      2748         14          0          1          6       9507   fatfs_sd.o
      6578          0        209          0        542      55127   ff.o
        76          0          0          0         12       3319   ff_gen_drv.o
       166          0          0          0          0       2139   gpio.o
       312         60          0          0       8339       4202   main.o
        78          0          0          0          0       1928   spi.o
        64         26        236          0       1536        856   startup_stm32f10x_md.o
       208          0          0          0          0       6221   stm32f10x_gpio.o
       188          0         20          0          0       8575   stm32f10x_rcc.o
       108          0          0          0          0       7724   stm32f10x_spi.o
       198          0          0          0          0      29257   stm32f10x_tim.o
       220          0          0          0          0       8949   stm32f10x_usart.o
       272          0          0          0          0       2810   system_stm32f10x.o
       118          0       1216          0          0       1363   unicode.o
        20          0          0         20          0       1968   user_diskio.o

    ----------------------------------------------------------------------
     11672        100       1716         24      10456     150126   Object Totals
         0          0         32          0          0          0   (incl. Generated)
        48          0          3          3         16          0   (incl. Padding)

    ----------------------------------------------------------------------

      Code (inc. data)   RO Data    RW Data    ZI Data      Debug   Library Member Name

         8          0          0          0          0         68   __main.o
         0          0          0          0          0          0   __rtentry.o
        12          0          0          0          0          0   __rtentry2.o
         6          0          0          0          0          0   __rtentry4.o
        94          8          0          0          0          0   __scatter.o
        26          0          0          0          0          0   __scatter_copy.o
        28          0          0          0          0          0   __scatter_zi.o
        10          0          0          0          0         68   defsig_exit.o
        50          0          0          0          0         88   defsig_general.o
        80         58          0          0          0         76   defsig_rtmem_inner.o
        14          0          0          0          0         80   defsig_rtmem_outer.o
        52         38          0          0          0         76   defsig_rtred_inner.o
        14          0          0          0          0         80   defsig_rtred_outer.o
        18          0          0          0          0         80   exit.o
        76          0          0          0          0         88   fclose.o
       240          6          0          0          0        128   fopen.o
       248          6          0          0          0         84   fseek.o
        66          0          0          0          0         76   ftell.o
        94          0          0          0          0         80   h1_alloc.o
        52          0          0          0          0         68   h1_extend.o
        78          0          0          0          0         80   h1_free.o
        12          0          0          0          0         84   h1_init.o
         6          0          0          0          0        152   heapauxi.o
         4          0          0          0          0        136   hguard.o
         0          0          0          0          0          0   indicate_semi.o
       138          0          0          0          0        168   init_alloc.o
       312         46          0          0          0        112   initio.o
         2          0          0          0          0          0   libinit.o
        14          0          0          0          0          0   libinit2.o
         2          0          0          0          0          0   libshutdown.o
         6          0          0          0          0          0   libshutdown2.o
         8          4          0          0         96         68   libspace.o
         0          0          0          0          0          0   maybetermalloc1.o
        44          4          0          0          0         84   puts.o
         8          4          0          0          0         68   rt_errno_addr_intlibspace.o
         8          4          0          0          0         68   rt_heap_descriptor_intlibspace.o
        68          0          0          0          0         68   rt_memclr.o
        78          0          0          0          0         80   rt_memclr_w.o
         2          0          0          0          0          0   rtexit.o
        10          0          0          0          0          0   rtexit2.o
        70          0          0          0          0         80   setvbuf.o
       264          6          0          0          0        160   stdio.o
         0          0          0         12        252          0   stdio_streams.o
        62          0          0          0          0         76   strlen.o
        12          4          0          0          0         68   sys_exit.o
       102          0          0          0          0        240   sys_io.o
         0          0         12          0          0          0   sys_io_names.o
        74          0          0          0          0         80   sys_stackheap_outer.o
        14          0          0          0          0         76   sys_wrch.o
         2          0          0          0          0         68   use_no_semi.o

    ----------------------------------------------------------------------
      2600        188         12         12        348       3156   Library Totals
        12          0          0          0          0          0   (incl. Padding)

    ----------------------------------------------------------------------

      Code (inc. data)   RO Data    RW Data    ZI Data      Debug   Library Name

      2588        188         12         12        348       3156   c_w.l

    ----------------------------------------------------------------------
      2600        188         12         12        348       3156   Library Totals

    ----------------------------------------------------------------------

==============================================================================


      Code (inc. data)   RO Data    RW Data    ZI Data      Debug   

     14272        288       1728         36      10804     151466   Grand Totals
     14272        288       1728         36      10804     151466   ELF Image Totals
     14272        288       1728         36          0          0   ROM Totals

==============================================================================

    Total RO  Size (Code + RO Data)                16000 (  15.63kB)
    Total RW  Size (RW Data + ZI Data)             10840 (  10.59kB)
    Total ROM Size (Code + RO Data + RW Data)      16036 (  15.66kB)

==============================================================================

